Component: ARM Compiler 5.06 update 4 (build 422) Tool: armlink [4d35d2]

==============================================================================

Section Cross References

    startup_stm32f407xx.o(STACK) refers (Special) to heapauxi.o(.text) for __use_two_region_memory
    startup_stm32f407xx.o(HEAP) refers (Special) to heapauxi.o(.text) for __use_two_region_memory
    startup_stm32f407xx.o(RESET) refers (Special) to heapauxi.o(.text) for __use_two_region_memory
    startup_stm32f407xx.o(RESET) refers to startup_stm32f407xx.o(STACK) for __initial_sp
    startup_stm32f407xx.o(RESET) refers to startup_stm32f407xx.o(.text) for Reset_Handler
    startup_stm32f407xx.o(RESET) refers to stm32f4xx_it.o(i.NMI_Handler) for NMI_Handler
    startup_stm32f407xx.o(RESET) refers to stm32f4xx_it.o(i.HardFault_Handler) for HardFault_Handler
    startup_stm32f407xx.o(RESET) refers to stm32f4xx_it.o(i.MemManage_Handler) for MemManage_Handler
    startup_stm32f407xx.o(RESET) refers to stm32f4xx_it.o(i.BusFault_Handler) for BusFault_Handler
    startup_stm32f407xx.o(RESET) refers to stm32f4xx_it.o(i.UsageFault_Handler) for UsageFault_Handler
    startup_stm32f407xx.o(RESET) refers to stm32f4xx_it.o(i.SVC_Handler) for SVC_Handler
    startup_stm32f407xx.o(RESET) refers to stm32f4xx_it.o(i.DebugMon_Handler) for DebugMon_Handler
    startup_stm32f407xx.o(RESET) refers to stm32f4xx_it.o(i.PendSV_Handler) for PendSV_Handler
    startup_stm32f407xx.o(RESET) refers to stm32f4xx_it.o(i.SysTick_Handler) for SysTick_Handler
    startup_stm32f407xx.o(RESET) refers to stm32f4xx_it.o(i.CAN1_TX_IRQHandler) for CAN1_TX_IRQHandler
    startup_stm32f407xx.o(RESET) refers to stm32f4xx_it.o(i.CAN1_RX0_IRQHandler) for CAN1_RX0_IRQHandler
    startup_stm32f407xx.o(RESET) refers to stm32f4xx_it.o(i.CAN1_RX1_IRQHandler) for CAN1_RX1_IRQHandler
    startup_stm32f407xx.o(RESET) refers to stm32f4xx_it.o(i.TIM3_IRQHandler) for TIM3_IRQHandler
    startup_stm32f407xx.o(RESET) refers to stm32f4xx_it.o(i.DMA2_Stream1_IRQHandler) for DMA2_Stream1_IRQHandler
    startup_stm32f407xx.o(RESET) refers to stm32f4xx_it.o(i.CAN2_TX_IRQHandler) for CAN2_TX_IRQHandler
    startup_stm32f407xx.o(RESET) refers to stm32f4xx_it.o(i.CAN2_RX0_IRQHandler) for CAN2_RX0_IRQHandler
    startup_stm32f407xx.o(RESET) refers to stm32f4xx_it.o(i.CAN2_RX1_IRQHandler) for CAN2_RX1_IRQHandler
    startup_stm32f407xx.o(RESET) refers to stm32f4xx_it.o(i.DMA2_Stream6_IRQHandler) for DMA2_Stream6_IRQHandler
    startup_stm32f407xx.o(RESET) refers to referee.o(i.USART6_IRQHandler) for USART6_IRQHandler
    startup_stm32f407xx.o(.text) refers (Special) to heapauxi.o(.text) for __use_two_region_memory
    startup_stm32f407xx.o(.text) refers to system_stm32f4xx.o(i.SystemInit) for SystemInit
    startup_stm32f407xx.o(.text) refers to __main.o(!!!main) for __main
    startup_stm32f407xx.o(.text) refers to startup_stm32f407xx.o(HEAP) for Heap_Mem
    startup_stm32f407xx.o(.text) refers to startup_stm32f407xx.o(STACK) for Stack_Mem
    main.o(i.SystemClock_Config) refers to rt_memclr_w.o(.text) for __aeabi_memclr4
    main.o(i.SystemClock_Config) refers to stm32f4xx_hal_rcc.o(i.HAL_RCC_OscConfig) for HAL_RCC_OscConfig
    main.o(i.SystemClock_Config) refers to main.o(i.Error_Handler) for Error_Handler
    main.o(i.SystemClock_Config) refers to stm32f4xx_hal_rcc.o(i.HAL_RCC_ClockConfig) for HAL_RCC_ClockConfig
    main.o(i.main) refers to stm32f4xx_hal.o(i.HAL_Init) for HAL_Init
    main.o(i.main) refers to main.o(i.SystemClock_Config) for SystemClock_Config
    main.o(i.main) refers to gpio.o(i.MX_GPIO_Init) for MX_GPIO_Init
    main.o(i.main) refers to dma.o(i.MX_DMA_Init) for MX_DMA_Init
    main.o(i.main) refers to can.o(i.MX_CAN1_Init) for MX_CAN1_Init
    main.o(i.main) refers to can.o(i.MX_CAN2_Init) for MX_CAN2_Init
    main.o(i.main) refers to rtc.o(i.MX_RTC_Init) for MX_RTC_Init
    main.o(i.main) refers to tim.o(i.MX_TIM3_Init) for MX_TIM3_Init
    main.o(i.main) refers to tim.o(i.MX_TIM9_Init) for MX_TIM9_Init
    main.o(i.main) refers to usart.o(i.MX_USART6_UART_Init) for MX_USART6_UART_Init
    main.o(i.main) refers to chassis_task.o(i.Task_Init) for Task_Init
    main.o(i.main) refers to stm32f4xx_hal_tim.o(i.HAL_TIM_Base_Start_IT) for HAL_TIM_Base_Start_IT
    main.o(i.main) refers to tim.o(.bss) for htim3
    can.o(i.HAL_CAN_MspDeInit) refers to stm32f4xx_hal_gpio.o(i.HAL_GPIO_DeInit) for HAL_GPIO_DeInit
    can.o(i.HAL_CAN_MspDeInit) refers to stm32f4xx_hal_cortex.o(i.HAL_NVIC_DisableIRQ) for HAL_NVIC_DisableIRQ
    can.o(i.HAL_CAN_MspDeInit) refers to can.o(.data) for HAL_RCC_CAN1_CLK_ENABLED
    can.o(i.HAL_CAN_MspInit) refers to rt_memclr_w.o(.text) for __aeabi_memclr4
    can.o(i.HAL_CAN_MspInit) refers to stm32f4xx_hal_gpio.o(i.HAL_GPIO_Init) for HAL_GPIO_Init
    can.o(i.HAL_CAN_MspInit) refers to stm32f4xx_hal_cortex.o(i.HAL_NVIC_SetPriority) for HAL_NVIC_SetPriority
[...]
    .data                                    0x20000016   Section        8  referee.o(.data)
    this_time_rx_len                         0x2000001c   Data           2  referee.o(.data)
    .data                                    0x20000020   Section       40  chassis.o(.data)
    .data                                    0x20000048   Section        4  agv_control.o(.data)
    .data                                    0x2000004c   Section      432  ui.o(.data)
    tick                                     0x20000188   Data           4  ui.o(.data)
    Fric_State                               0x2000018c   Data          12  ui.o(.data)
    Vision_State                             0x20000198   Data          12  ui.o(.data)
    Chassis_State                            0x200001a4   Data          36  ui.o(.data)
    Gimbal_State                             0x200001c8   Data          36  ui.o(.data)
    Power_State                              0x200001ec   Data           8  ui.o(.data)
    pack_tick                                0x200001f4   Data           4  ui.o(.data)
    i                                        0x200001f8   Data           4  ui.o(.data)
    .data                                    0x200001fc   Section      220  drv_can.o(.data)
    mod10                                    0x200002d4   Data           4  drv_can.o(.data)
    .data                                    0x200002d8   Section        8  chassis_task.o(.data)
    .bss                                     0x200002e0   Section       80  can.o(.bss)
    .bss                                     0x20000330   Section       32  rtc.o(.bss)
    .bss                                     0x20000350   Section      144  tim.o(.bss)
    .bss                                     0x200003e0   Section      264  usart.o(.bss)
    .bss                                     0x200004e8   Section     2260  referee.o(.bss)
    .bss                                     0x20000dbc   Section      550  chassis.o(.bss)
    .bss                                     0x20000fe4   Section       48  agv_control.o(.bss)
    .bss                                     0x20001014   Section       68  gimbal_connection.o(.bss)
    .bss                                     0x20001058   Section      346  ui.o(.bss)
    .bss                                     0x200011b4   Section       88  drv_can.o(.bss)
    .bss                                     0x2000120c   Section       96  libspace.o(.bss)
    HEAP                                     0x20001270   Section      512  startup_stm32f407xx.o(HEAP)
    Heap_Mem                                 0x20001270   Data         512  startup_stm32f407xx.o(HEAP)
    STACK                                    0x20001470   Section     1024  startup_stm32f407xx.o(STACK)
    Stack_Mem                                0x20001470   Data        1024  startup_stm32f407xx.o(STACK)
    __initial_sp                             0x20001870   Data           0  startup_stm32f407xx.o(STACK)

    Global Symbols

    Symbol Name                              Value     Ov Type        Size  Object(Section)

    BuildAttributes$$THM_ISAv4$E$P$D$K$B$S$7EM$VFPi3$EXTD16$VFPS$VFMA$PE$A:L22UL41UL21$X:L11$S22US41US21$IEEE1$IW$USESV6$~STKCKD$USESV7$~SHL$OTIME$ROPI$IEEEX$EBA8$UX$STANDARDLIB$REQ8$PRES8$EABIv2 0x00000000   Number         0  anon$$obj.o ABSOLUTE
    __ARM_use_no_argv                        0x00000000   Number         0  main.o ABSOLUTE
    __ARM_exceptions_init                     - Undefined Weak Reference
    __alloca_initialize                       - Undefined Weak Reference
    __arm_preinit_                            - Undefined Weak Reference
    __cpp_initialize__aeabi_                  - Undefined Weak Reference
    __cxa_finalize                            - Undefined Weak Reference
    __rt_locale                               - Undefined Weak Reference
    __sigvec_lookup                           - Undefined Weak Reference
    __user_heap_extent                        - Undefined Weak Reference
    _atexit_init                              - Undefined Weak Reference
    _call_atexit_fns                          - Undefined Weak Reference
    _clock_init                               - Undefined Weak Reference
    _fp_trap_init                             - Undefined Weak Reference
    _fp_trap_shutdown                         - Undefined Weak Reference
    _get_lc_collate                           - Undefined Weak Reference
    _get_lc_ctype                             - Undefined Weak Reference
    _get_lc_monetary                          - Undefined Weak Reference
    _get_lc_numeric                           - Undefined Weak Reference
    _get_lc_time                              - Undefined Weak Reference
    _getenv_init                              - Undefined Weak Reference
    _handle_redirection                       - Undefined Weak Reference
    _initio                                   - Undefined Weak Reference
    _mutex_acquire                            - Undefined Weak Reference
    _mutex_free                               - Undefined Weak Reference
    _mutex_release                            - Undefined Weak Reference
    _rand_init                                - Undefined Weak Reference
    _signal_finish                            - Undefined Weak Reference
    _signal_init                              - Undefined Weak Reference
    _terminateio                              - Undefined Weak Reference
    __Vectors_Size                           0x00000188   Number         0  startup_stm32f407xx.o ABSOLUTE
    __Vectors                                0x08000000   Data           4  startup_stm32f407xx.o(RESET)
    __Vectors_End                            0x08000188   Data           0  startup_stm32f407xx.o(RESET)
    __main                                   0x08000189   Thumb Code     8  __main.o(!!!main)
    __scatterload                            0x08000191   Thumb Code     0  __scatter.o(!!!scatter)
    __scatterload_rt2                        0x08000191   Thumb Code    44  __scatter.o(!!!scatter)
    __scatterload_rt2_thumb_only             0x08000191   Thumb Code     0  __scatter.o(!!!scatter)
    __scatterload_null                       0x0800019f   Thumb Code     0  __scatter.o(!!!scatter)
    __decompress                             0x080001c5   Thumb Code    90  __dczerorl2.o(!!dczerorl2)
    __decompress1                            0x080001c5   Thumb Code     0  __dczerorl2.o(!!dczerorl2)
    __scatterload_zeroinit                   0x08000221   Thumb Code    28  __scatter_zi.o(!!handler_zi)
    __rt_lib_init                            0x0800023d   Thumb Code     0  libinit.o(.ARM.Collect$$libinit$$00000000)
    __rt_lib_init_fp_1                       0x0800023f   Thumb Code     0  libinit2.o(.ARM.Collect$$libinit$$00000001)
    __rt_lib_init_alloca_1                   0x08000243   Thumb Code     0  libinit2.o(.ARM.Collect$$libinit$$0000002E)
    __rt_lib_init_argv_1                     0x08000243   Thumb Code     0  libinit2.o(.ARM.Collect$$libinit$$0000002C)
    __rt_lib_init_atexit_1                   0x08000243   Thumb Code     0  libinit2.o(.ARM.Collect$$libinit$$0000001B)
    __rt_lib_init_clock_1                    0x08000243   Thumb Code     0  libinit2.o(.ARM.Collect$$libinit$$00000021)
    __rt_lib_init_cpp_1                      0x08000243   Thumb Code     0  libinit2.o(.ARM.Collect$$libinit$$00000032)
    __rt_lib_init_exceptions_1               0x08000243   Thumb Code     0  libinit2.o(.ARM.Collect$$libinit$$00000030)
    __rt_lib_init_fp_trap_1                  0x08000243   Thumb Code     0  libinit2.o(.ARM.Collect$$libinit$$0000001F)
    __rt_lib_init_getenv_1                   0x08000243   Thumb Code     0  libinit2.o(.ARM.Collect$$libinit$$00000023)
    __rt_lib_init_heap_1                     0x08000243   Thumb Code     0  libinit2.o(.ARM.Collect$$libinit$$0000000A)
    __rt_lib_init_lc_collate_1               0x08000243   Thumb Code     0  libinit2.o(.ARM.Collect$$libinit$$00000011)
    __rt_lib_init_lc_ctype_1                 0x08000243   Thumb Code     0  libinit2.o(.ARM.Collect$$libinit$$00000013)
    __rt_lib_init_lc_monetary_1              0x08000243   Thumb Code     0  libinit2.o(.ARM.Collect$$libinit$$00000015)
    __rt_lib_init_lc_numeric_1               0x08000243   Thumb Code     0  libinit2.o(.ARM.Collect$$libinit$$00000017)
    __rt_lib_init_lc_time_1                  0x08000243   Thumb Code     0  libinit2.o(.ARM.Collect$$libinit$$00000019)
    __rt_lib_init_preinit_1                  0x08000243   Thumb Code     0  libinit2.o(.ARM.Collect$$libinit$$00000004)
    __rt_lib_init_rand_1                     0x08000243   Thumb Code     0  libinit2.o(.ARM.Collect$$libinit$$0000000E)
    __rt_lib_init_return                     0x08000243   Thumb Code     0  libinit2.o(.ARM.Collect$$libinit$$00000033)
    __rt_lib_init_signal_1                   0x08000243   Thumb Code     0  libinit2.o(.ARM.Collect$$libinit$$0000001D)
    __rt_lib_init_stdio_1                    0x08000243   Thumb Code     0  libinit2.o(.ARM.Collect$$libinit$$00000025)
    __rt_lib_init_user_alloc_1               0x08000243   Thumb Code     0  libinit2.o(.ARM.Collect$$libinit$$0000000C)
    __rt_lib_shutdown                        0x08000245   Thumb Code     0  libshutdown.o(.ARM.Collect$$libshutdown$$00000000)
    __rt_lib_shutdown_cpp_1                  0x08000247   Thumb Code     0  libshutdown2.o(.ARM.Collect$$libshutdown$$00000002)
    __rt_lib_shutdown_fp_trap_1              0x08000247   Thumb Code     0  libshutdown2.o(.ARM.Collect$$libshutdown$$00000007)
    __rt_lib_shutdown_heap_1                 0x08000247   Thumb Code     0  libshutdown2.o(.ARM.Collect$$libshutdown$$0000000F)
    __rt_lib_shutdown_return                 0x08000247   Thumb Code     0  libshutdown2.o(.ARM.Collect$$libshutdown$$00000010)
    __rt_lib_shutdown_signal_1               0x08000247   Thumb Code     0  libshutdown2.o(.ARM.Collect$$libshutdown$$0000000A)
    __rt_lib_shutdown_stdio_1                0x08000247   Thumb Code     0  libshutdown2.o(.ARM.Collect$$libshutdown$$00000004)
    __rt_lib_shutdown_user_alloc_1           0x08000247   Thumb Code     0  libshutdown2.o(.ARM.Collect$$libshutdown$$0000000C)
    __rt_entry                               0x08000249   Thumb Code     0  __rtentry.o(.ARM.Collect$$rtentry$$00000000)
    __rt_entry_presh_1                       0x08000249   Thumb Code     0  __rtentry2.o(.ARM.Collect$$rtentry$$00000002)
    __rt_entry_sh                            0x08000249   Thumb Code     0  __rtentry4.o(.ARM.Collect$$rtentry$$00000004)
    __rt_entry_li                            0x0800024f   Thumb Code     0  __rtentry2.o(.ARM.Collect$$rtentry$$0000000A)
    __rt_entry_postsh_1                      0x0800024f   Thumb Code     0  __rtentry2.o(.ARM.Collect$$rtentry$$00000009)
    __rt_entry_main                          0x08000253   Thumb Code     0  __rtentry2.o(.ARM.Collect$$rtentry$$0000000D)
    __rt_entry_postli_1                      0x08000253   Thumb Code     0  __rtentry2.o(.ARM.Collect$$rtentry$$0000000C)
    __rt_exit                                0x0800025b   Thumb Code     0  rtexit.o(.ARM.Collect$$rtexit$$00000000)
    __rt_exit_ls                             0x0800025d   Thumb Code     0  rtexit2.o(.ARM.Collect$$rtexit$$00000003)
    __rt_exit_prels_1                        0x0800025d   Thumb Code     0  rtexit2.o(.ARM.Collect$$rtexit$$00000002)
    __rt_exit_exit                           0x08000261   Thumb Code     0  rtexit2.o(.ARM.Collect$$rtexit$$00000004)
    Reset_Handler                            0x08000269   Thumb Code     8  startup_stm32f407xx.o(.text)
    ADC_IRQHandler                           0x08000283   Thumb Code     0  startup_stm32f407xx.o(.text)
    CAN1_SCE_IRQHandler                      0x08000283   Thumb Code     0  startup_stm32f407xx.o(.text)
    CAN2_SCE_IRQHandler                      0x08000283   Thumb Code     0  startup_stm32f407xx.o(.text)
    DCMI_IRQHandler                          0x08000283   Thumb Code     0  startup_stm32f407xx.o(.text)
    DMA1_Stream0_IRQHandler                  0x08000283   Thumb Code     0  startup_stm32f407xx.o(.text)
    DMA1_Stream1_IRQHandler                  0x08000283   Thumb Code     0  startup_stm32f407xx.o(.text)
    DMA1_Stream2_IRQHandler                  0x08000283   Thumb Code     0  startup_stm32f407xx.o(.text)
    DMA1_Stream3_IRQHandler                  0x08000283   Thumb Code     0  startup_stm32f407xx.o(.text)
    DMA1_Stream4_IRQHandler                  0x08000283   Thumb Code     0  startup_stm32f407xx.o(.text)
    DMA1_Stream5_IRQHandler                  0x08000283   Thumb Code     0  startup_stm32f407xx.o(.text)
    DMA1_Stream6_IRQHandler                  0x08000283   Thumb Code     0  startup_stm32f407xx.o(.text)
    DMA1_Stream7_IRQHandler                  0x08000283   Thumb Code     0  startup_stm32f407xx.o(.text)
    DMA2_Stream0_IRQHandler                  0x08000283   Thumb Code     0  startup_stm32f407xx.o(.text)
    DMA2_Stream2_IRQHandler                  0x08000283   Thumb Code     0  startup_stm32f407xx.o(.text)
    DMA2_Stream3_IRQHandler                  0x08000283   Thumb Code     0  startup_stm32f407xx.o(.text)
    DMA2_Stream4_IRQHandler                  0x08000283   Thumb Code     0  startup_stm32f407xx.o(.text)
    DMA2_Stream5_IRQHandler                  0x08000283   Thumb Code     0  startup_stm32f407xx.o(.text)
    DMA2_Stream7_IRQHandler                  0x08000283   Thumb Code     0  startup_stm32f407xx.o(.text)
    ETH_IRQHandler                           0x08000283   Thumb Code     0  startup_stm32f407xx.o(.text)
    ETH_WKUP_IRQHandler                      0x08000283   Thumb Code     0  startup_stm32f407xx.o(.text)
    EXTI0_IRQHandler                         0x08000283   Thumb Code     0  startup_stm32f407xx.o(.text)
    EXTI15_10_IRQHandler                     0x08000283   Thumb Code     0  startup_stm32f407xx.o(.text)
    EXTI1_IRQHandler                         0x08000283   Thumb Code     0  startup_stm32f407xx.o(.text)
    EXTI2_IRQHandler                         0x08000283   Thumb Code     0  startup_stm32f407xx.o(.text)
    EXTI3_IRQHandler                         0x08000283   Thumb Code     0  startup_stm32f407xx.o(.text)
    EXTI4_IRQHandler                         0x08000283   Thumb Code     0  startup_stm32f407xx.o(.text)
    EXTI9_5_IRQHandler                       0x08000283   Thumb Code     0  startup_stm32f407xx.o(.text)
    FLASH_IRQHandler                         0x08000283   Thumb Code     0  startup_stm32f407xx.o(.text)
    FMC_IRQHandler                           0x08000283   Thumb Code     0  startup_stm32f407xx.o(.text)
    FPU_IRQHandler                           0x08000283   Thumb Code     0  startup_stm32f407xx.o(.text)
    HASH_RNG_IRQHandler                      0x08000283   Thumb Code     0  startup_stm32f407xx.o(.text)
    I2C1_ER_IRQHandler                       0x08000283   Thumb Code     0  startup_stm32f407xx.o(.text)
    I2C1_EV_IRQHandler                       0x08000283   Thumb Code     0  startup_stm32f407xx.o(.text)
    I2C2_ER_IRQHandler                       0x08000283   Thumb Code     0  startup_stm32f407xx.o(.text)
    I2C2_EV_IRQHandler                       0x08000283   Thumb Code     0  startup_stm32f407xx.o(.text)
    I2C3_ER_IRQHandler                       0x08000283   Thumb Code     0  startup_stm32f407xx.o(.text)
    I2C3_EV_IRQHandler                       0x08000283   Thumb Code     0  startup_stm32f407xx.o(.text)
    OTG_FS_IRQHandler                        0x08000283   Thumb Code     0  startup_stm32f407xx.o(.text)
    OTG_FS_WKUP_IRQHandler                   0x08000283   Thumb Code     0  startup_stm32f407xx.o(.text)
    OTG_HS_EP1_IN_IRQHandler                 0x08000283   Thumb Code     0  startup_stm32f407xx.o(.text)
    OTG_HS_EP1_OUT_IRQHandler                0x08000283   Thumb Code     0  startup_stm32f407xx.o(.text)
    OTG_HS_IRQHandler                        0x08000283   Thumb Code     0  startup_stm32f407xx.o(.text)
    OTG_HS_WKUP_IRQHandler                   0x08000283   Thumb Code     0  startup_stm32f407xx.o(.text)
    PVD_IRQHandler                           0x08000283   Thumb Code     0  startup_stm32f407xx.o(.text)
    RCC_IRQHandler                           0x08000283   Thumb Code     0  startup_stm32f407xx.o(.text)
    RTC_Alarm_IRQHandler                     0x08000283   Thumb Code     0  startup_stm32f407xx.o(.text)
    RTC_WKUP_IRQHandler                      0x08000283   Thumb Code     0  startup_stm32f407xx.o(.text)
    SDIO_IRQHandler                          0x08000283   Thumb Code     0  startup_stm32f407xx.o(.text)
    SPI1_IRQHandler                          0x08000283   Thumb Code     0  startup_stm32f407xx.o(.text)
    SPI2_IRQHandler                          0x08000283   Thumb Code     0  startup_stm32f407xx.o(.text)
    SPI3_IRQHandler                          0x08000283   Thumb Code     0  startup_stm32f407xx.o(.text)
    TAMP_STAMP_IRQHandler                    0x08000283   Thumb Code     0  startup_stm32f407xx.o(.text)
    TIM1_BRK_TIM9_IRQHandler                 0x08000283   Thumb Code     0  startup_stm32f407xx.o(.text)
    TIM1_CC_IRQHandler                       0x08000283   Thumb Code     0  startup_stm32f407xx.o(.text)
    TIM1_TRG_COM_TIM11_IRQHandler            0x08000283   Thumb Code     0  startup_stm32f407xx.o(.text)
    TIM1_UP_TIM10_IRQHandler                 0x08000283   Thumb Code     0  startup_stm32f407xx.o(.text)
    TIM2_IRQHandler                          0x08000283   Thumb Code     0  startup_stm32f407xx.o(.text)
    TIM4_IRQHandler                          0x08000283   Thumb Code     0  startup_stm32f407xx.o(.text)
    TIM5_IRQHandler                          0x08000283   Thumb Code     0  startup_stm32f407xx.o(.text)
    TIM6_DAC_IRQHandler                      0x08000283   Thumb Code     0  startup_stm32f407xx.o(.text)
    TIM7_IRQHandler                          0x08000283   Thumb Code     0  startup_stm32f407xx.o(.text)
    TIM8_BRK_TIM12_IRQHandler                0x08000283   Thumb Code     0  startup_stm32f407xx.o(.text)
    TIM8_CC_IRQHandler                       0x08000283   Thumb Code     0  startup_stm32f407xx.o(.text)
    TIM8_TRG_COM_TIM14_IRQHandler            0x08000283   Thumb Code     0  startup_stm32f407xx.o(.text)
    TIM8_UP_TIM13_IRQHandler                 0x08000283   Thumb Code     0  startup_stm32f407xx.o(.text)
    UART4_IRQHandler                         0x08000283   Thumb Code     0  startup_stm32f407xx.o(.text)
    UART5_IRQHandler                         0x08000283   Thumb Code     0  startup_stm32f407xx.o(.text)
    USART1_IRQHandler                        0x08000283   Thumb Code     0  startup_stm32f407xx.o(.text)
    USART2_IRQHandler                        0x08000283   Thumb Code     0  startup_stm32f407xx.o(.text)
    USART3_IRQHandler                        0x08000283   Thumb Code     0  startup_stm32f407xx.o(.text)
    WWDG_IRQHandler                          0x08000283   Thumb Code     0  startup_stm32f407xx.o(.text)
    __user_initial_stackheap                 0x08000285   Thumb Code     0  startup_stm32f407xx.o(.text)
    __aeabi_uldivmod                         0x080002a9   Thumb Code     0  lludivv7m.o(.text)
    _ll_udiv                                 0x080002a9   Thumb Code   238  lludivv7m.o(.text)
    strcpy                                   0x08000397   Thumb Code    72  strcpy.o(.text)
    __aeabi_memcpy                           0x080003df   Thumb Code     0  rt_memcpy_v6.o(.text)
    __rt_memcpy                              0x080003df   Thumb Code   138  rt_memcpy_v6.o(.text)
    _memcpy_lastbytes                        0x08000445   Thumb Code     0  rt_memcpy_v6.o(.text)
    __aeabi_memclr                           0x08000469   Thumb Code     0  rt_memclr.o(.text)
    __rt_memclr                              0x08000469   Thumb Code    68  rt_memclr.o(.text)
    _memset                                  0x0800046d   Thumb Code     0  rt_memclr.o(.text)
    __aeabi_memclr4                          0x080004ad   Thumb Code     0  rt_memclr_w.o(.text)
    __aeabi_memclr8                          0x080004ad   Thumb Code     0  rt_memclr_w.o(.text)
    __rt_memclr_w                            0x080004ad   Thumb Code    78  rt_memclr_w.o(.text)
    _memset_w                                0x080004b1   Thumb Code     0  rt_memclr_w.o(.text)
    __use_two_region_memory                  0x080004fb   Thumb Code     2  heapauxi.o(.text)
    __rt_heap_escrow                         0x080004fd   Thumb Code     2  heapauxi.o(.text)
    __rt_heap_expand                         0x080004ff   Thumb Code     2  heapauxi.o(.text)
    __read_errno                             0x08000501   Thumb Code    10  _rserrno.o(.text)
    __set_errno                              0x0800050b   Thumb Code    12  _rserrno.o(.text)
    __aeabi_memcpy4                          0x08000517   Thumb Code     0  rt_memcpy_w.o(.text)
    __aeabi_memcpy8                          0x08000517   Thumb Code     0  rt_memcpy_w.o(.text)
    __rt_memcpy_w                            0x08000517   Thumb Code   100  rt_memcpy_w.o(.text)
    _memcpy_lastbytes_aligned                0x0800055f   Thumb Code     0  rt_memcpy_w.o(.text)
    __user_libspace                          0x0800057d   Thumb Code     8  libspace.o(.text)
    __user_perproc_libspace                  0x0800057d   Thumb Code     0  libspace.o(.text)
    __user_perthread_libspace                0x0800057d   Thumb Code     0  libspace.o(.text)
    __aeabi_errno_addr                       0x08000585   Thumb Code     8  rt_errno_addr_intlibspace.o(.text)
    __errno$intlibspace                      0x08000585   Thumb Code     0  rt_errno_addr_intlibspace.o(.text)
    __rt_errno_addr$intlibspace              0x08000585   Thumb Code     0  rt_errno_addr_intlibspace.o(.text)
    __I$use$semihosting                      0x0800058d   Thumb Code     0  use_no_semi.o(.text)
    __use_no_semihosting_swi                 0x0800058d   Thumb Code     2  use_no_semi.o(.text)
    __semihosting_library_function           0x0800058f   Thumb Code     0  indicate_semi.o(.text)
    __user_setup_stackheap                   0x0800058f   Thumb Code    74  sys_stackheap_outer.o(.text)
    exit                                     0x080005d9   Thumb Code    18  exit.o(.text)
    _sys_exit                                0x080005ed   Thumb Code     8  sys_exit.o(.text)
    AGV_DirectiveMotor_TargetStatus_To_MotorAngle_In_ChassisCoordinate 0x080005f9   Thumb Code   566  kinematic.o(i.AGV_DirectiveMotor_TargetStatus_To_MotorAngle_In_ChassisCoordinate)
    AGV_Vector_Composition_In_ChassisCoordinate 0x08000845   Thumb Code  1884  kinematic.o(i.AGV_Vector_Composition_In_ChassisCoordinate)
    AGV_connoection                          0x08000fa5   Thumb Code   894  agv_control.o(i.AGV_connoection)
    Append_CRC16_Check_Sum                   0x08001345   Thumb Code    44  algorithmofcrc.o(i.Append_CRC16_Check_Sum)
    Append_CRC8_Check_Sum                    0x08001375   Thumb Code    36  algorithmofcrc.o(i.Append_CRC8_Check_Sum)
    Buffer_Limition_Kf_Update                0x08001399   Thumb Code   132  chassis.o(i.Buffer_Limition_Kf_Update)
    BusFault_Handler                         0x0800143d   Thumb Code     4  stm32f4xx_it.o(i.BusFault_Handler)
    CAN1_Call_Back                           0x08001441   Thumb Code    88  can_connection.o(i.CAN1_Call_Back)
    CAN1_RX0_IRQHandler                      0x080014a1   Thumb Code    10  stm32f4xx_it.o(i.CAN1_RX0_IRQHandler)
    CAN1_RX1_IRQHandler                      0x080014b1   Thumb Code    10  stm32f4xx_it.o(i.CAN1_RX1_IRQHandler)
    CAN1_TX_IRQHandler                       0x080014c1   Thumb Code    10  stm32f4xx_it.o(i.CAN1_TX_IRQHandler)
    CAN2_Call_Back                           0x080014d1   Thumb Code   100  can_connection.o(i.CAN2_Call_Back)
    CAN2_RX0_IRQHandler                      0x08001539   Thumb Code    10  stm32f4xx_it.o(i.CAN2_RX0_IRQHandler)
    CAN2_RX1_IRQHandler                      0x08001549   Thumb Code    10  stm32f4xx_it.o(i.CAN2_RX1_IRQHandler)
    CAN2_TX_IRQHandler                       0x08001559   Thumb Code    10  stm32f4xx_it.o(i.CAN2_TX_IRQHandler)
    CAN_Init                                 0x08001569   Thumb Code   218  drv_can.o(i.CAN_Init)
    CAN_Send_EXT_Data                        0x08001655   Thumb Code    56  drv_can.o(i.CAN_Send_EXT_Data)
    Can_Connection_Init                      0x0800168d   Thumb Code    20  can_connection.o(i.Can_Connection_Init)
    Char_Change_Check                        0x080016b1   Thumb Code     4  ui.o(i.Char_Change_Check)
    Chassis_Control_Mode_Update              0x080016b5   Thumb Code    26  gimbal_connection.o(i.Chassis_Control_Mode_Update)
    Chassis_Flag_Update                      0x080016cf   Thumb Code    22  gimbal_connection.o(i.Chassis_Flag_Update)
    Chassis_Init                             0x080016e5   Thumb Code   104  chassis.o(i.Chassis_Init)
    Chassis_Inveter_Judge                    0x08001755   Thumb Code   152  chassis.o(i.Chassis_Inveter_Judge)
    Chassis_Mode_Command_Update              0x080017f5   Thumb Code   156  chassis.o(i.Chassis_Mode_Command_Update)
    Chassis_Move                             0x0800189d   Thumb Code    22  chassis.o(i.Chassis_Move)
    Chassis_Power_Control_Init               0x080018b9   Thumb Code    26  agv_control.o(i.Chassis_Power_Control_Init)
    Chassis_Speed_Command_Update             0x080018d9   Thumb Code    68  gimbal_connection.o(i.Chassis_Speed_Command_Update)
    Chassis_Speed_Control                    0x0800191d   Thumb Code    76  kinematic.o(i.Chassis_Speed_Control)
    Chassis_Speed_Slow_Motion                0x08001969   Thumb Code   570  chassis.o(i.Chassis_Speed_Slow_Motion)
    DMA2_Stream1_IRQHandler                  0x08001bad   Thumb Code    10  stm32f4xx_it.o(i.DMA2_Stream1_IRQHandler)
    DMA2_Stream6_IRQHandler                  0x08001bbd   Thumb Code    10  stm32f4xx_it.o(i.DMA2_Stream6_IRQHandler)
    DebugMon_Handler                         0x08001cab   Thumb Code     2  stm32f4xx_it.o(i.DebugMon_Handler)
    EXT_ID_Set                               0x08001cad   Thumb Code    16  drv_can.o(i.EXT_ID_Set)
    Error_Handler                            0x08001cbd   Thumb Code     6  main.o(i.Error_Handler)
    Float_Abs                                0x08001cc3   Thumb Code    26  kinematic.o(i.Float_Abs)
    Fric_Speed_And_Pitch_Angle_Update        0x08001cdd   Thumb Code    12  gimbal_connection.o(i.Fric_Speed_And_Pitch_Angle_Update)
    GM6020_Current_From_Lsb_To_Ampere        0x08001ce9   Thumb Code    26  motor.o(i.GM6020_Current_From_Lsb_To_Ampere)
    GM6020_Feedback_Update                   0x08001d09   Thumb Code    42  motor.o(i.GM6020_Feedback_Update)
    GM6020_Position_From_Lsb_To_Degree       0x08001d35   Thumb Code    26  motor.o(i.GM6020_Position_From_Lsb_To_Degree)
    GM6020_Position_From_Lsb_To_Rad          0x08001d59   Thumb Code    34  motor.o(i.GM6020_Position_From_Lsb_To_Rad)
    GM6020_Status_Update                     0x08001d85   Thumb Code   258  motor.o(i.GM6020_Status_Update)
    Get_CRC16_Check_Sum                      0x08001e91   Thumb Code    46  algorithmofcrc.o(i.Get_CRC16_Check_Sum)
    Get_CRC8_Check_Sum                       0x08001ec5   Thumb Code    30  algorithmofcrc.o(i.Get_CRC8_Check_Sum)
    Gimbal_To_Chassis_Relative_Angle_Update  0x08001ee9   Thumb Code   166  chassis.o(i.Gimbal_To_Chassis_Relative_Angle_Update)
    Graphic_Change_Check                     0x08001fad   Thumb Code    80  ui.o(i.Graphic_Change_Check)
    HAL_CAN_ActivateNotification             0x08002009   Thumb Code    42  stm32f4xx_hal_can.o(i.HAL_CAN_ActivateNotification)
    HAL_CAN_AddTxMessage                     0x08002033   Thumb Code   330  stm32f4xx_hal_can.o(i.HAL_CAN_AddTxMessage)
    HAL_CAN_ConfigFilter                     0x0800217d   Thumb Code   286  stm32f4xx_hal_can.o(i.HAL_CAN_ConfigFilter)
    HAL_CAN_ErrorCallback                    0x080022a1   Thumb Code     2  stm32f4xx_hal_can.o(i.HAL_CAN_ErrorCallback)
    HAL_CAN_GetRxMessage                     0x080022a3   Thumb Code   404  stm32f4xx_hal_can.o(i.HAL_CAN_GetRxMessage)
    HAL_CAN_GetTxMailboxesFreeLevel          0x08002437   Thumb Code    54  stm32f4xx_hal_can.o(i.HAL_CAN_GetTxMailboxesFreeLevel)
    HAL_CAN_IRQHandler                       0x0800246d   Thumb Code   590  stm32f4xx_hal_can.o(i.HAL_CAN_IRQHandler)
    HAL_CAN_Init                             0x080026bb   Thumb Code   372  stm32f4xx_hal_can.o(i.HAL_CAN_Init)
    HAL_CAN_MspInit                          0x08002831   Thumb Code   392  can.o(i.HAL_CAN_MspInit)
    HAL_CAN_RxFifo0FullCallback              0x080029d1   Thumb Code     2  stm32f4xx_hal_can.o(i.HAL_CAN_RxFifo0FullCallback)
    HAL_CAN_RxFifo0MsgPendingCallback        0x080029d5   Thumb Code    72  drv_can.o(i.HAL_CAN_RxFifo0MsgPendingCallback)
    HAL_CAN_RxFifo1FullCallback              0x08002a2d   Thumb Code     2  stm32f4xx_hal_can.o(i.HAL_CAN_RxFifo1FullCallback)
    HAL_CAN_RxFifo1MsgPendingCallback        0x08002a31   Thumb Code    72  drv_can.o(i.HAL_CAN_RxFifo1MsgPendingCallback)
    HAL_CAN_SleepCallback                    0x08002a89   Thumb Code     2  stm32f4xx_hal_can.o(i.HAL_CAN_SleepCallback)
    HAL_CAN_Start                            0x08002a8b   Thumb Code    94  stm32f4xx_hal_can.o(i.HAL_CAN_Start)
    HAL_CAN_TxMailbox0AbortCallback          0x08002ae9   Thumb Code     2  stm32f4xx_hal_can.o(i.HAL_CAN_TxMailbox0AbortCallback)
    HAL_CAN_TxMailbox0CompleteCallback       0x08002aeb   Thumb Code     2  stm32f4xx_hal_can.o(i.HAL_CAN_TxMailbox0CompleteCallback)
    HAL_CAN_TxMailbox1AbortCallback          0x08002aed   Thumb Code     2  stm32f4xx_hal_can.o(i.HAL_CAN_TxMailbox1AbortCallback)
    HAL_CAN_TxMailbox1CompleteCallback       0x08002aef   Thumb Code     2  stm32f4xx_hal_can.o(i.HAL_CAN_TxMailbox1CompleteCallback)
    HAL_CAN_TxMailbox2AbortCallback          0x08002af1   Thumb Code     2  stm32f4xx_hal_can.o(i.HAL_CAN_TxMailbox2AbortCallback)
    HAL_CAN_TxMailbox2CompleteCallback       0x08002af3   Thumb Code     2  stm32f4xx_hal_can.o(i.HAL_CAN_TxMailbox2CompleteCallback)
    HAL_CAN_WakeUpFromRxMsgCallback          0x08002af5   Thumb Code     2  stm32f4xx_hal_can.o(i.HAL_CAN_WakeUpFromRxMsgCallback)
    HAL_DMA_IRQHandler                       0x08002af9   Thumb Code   570  stm32f4xx_hal_dma.o(i.HAL_DMA_IRQHandler)
    HAL_DMA_Init                             0x08002d39   Thumb Code   232  stm32f4xx_hal_dma.o(i.HAL_DMA_Init)
    HAL_GPIO_Init                            0x08002e25   Thumb Code   454  stm32f4xx_hal_gpio.o(i.HAL_GPIO_Init)
    HAL_GetTick                              0x08003019   Thumb Code     6  stm32f4xx_hal.o(i.HAL_GetTick)
    HAL_IncTick                              0x08003025   Thumb Code    16  stm32f4xx_hal.o(i.HAL_IncTick)
    HAL_Init                                 0x0800303d   Thumb Code    54  stm32f4xx_hal.o(i.HAL_Init)
    HAL_InitTick                             0x08003079   Thumb Code    64  stm32f4xx_hal.o(i.HAL_InitTick)
    HAL_MspInit                              0x080030c5   Thumb Code    68  stm32f4xx_hal_msp.o(i.HAL_MspInit)
    HAL_NVIC_EnableIRQ                       0x0800310d   Thumb Code    40  stm32f4xx_hal_cortex.o(i.HAL_NVIC_EnableIRQ)
    HAL_NVIC_SetPriority                     0x08003135   Thumb Code   124  stm32f4xx_hal_cortex.o(i.HAL_NVIC_SetPriority)
    HAL_NVIC_SetPriorityGrouping             0x080031b1   Thumb Code    32  stm32f4xx_hal_cortex.o(i.HAL_NVIC_SetPriorityGrouping)
    HAL_RCCEx_PeriphCLKConfig                0x080031d9   Thumb Code   396  stm32f4xx_hal_rcc_ex.o(i.HAL_RCCEx_PeriphCLKConfig)
    HAL_RCC_ClockConfig                      0x08003379   Thumb Code   368  stm32f4xx_hal_rcc.o(i.HAL_RCC_ClockConfig)
    HAL_RCC_GetHCLKFreq                      0x080034fd   Thumb Code     6  stm32f4xx_hal_rcc.o(i.HAL_RCC_GetHCLKFreq)
    HAL_RCC_GetPCLK1Freq                     0x08003509   Thumb Code    22  stm32f4xx_hal_rcc.o(i.HAL_RCC_GetPCLK1Freq)
    HAL_RCC_GetPCLK2Freq                     0x08003529   Thumb Code    22  stm32f4xx_hal_rcc.o(i.HAL_RCC_GetPCLK2Freq)
    HAL_RCC_GetSysClockFreq                  0x08003549   Thumb Code   162  stm32f4xx_hal_rcc.o(i.HAL_RCC_GetSysClockFreq)
    HAL_RCC_OscConfig                        0x080035f9   Thumb Code  1172  stm32f4xx_hal_rcc.o(i.HAL_RCC_OscConfig)
    HAL_RTC_Init                             0x08003a95   Thumb Code   176  stm32f4xx_hal_rtc.o(i.HAL_RTC_Init)
    HAL_RTC_MspInit                          0x08003b49   Thumb Code    50  rtc.o(i.HAL_RTC_MspInit)
    HAL_RTC_WaitForSynchro                   0x08003b85   Thumb Code    52  stm32f4xx_hal_rtc.o(i.HAL_RTC_WaitForSynchro)
    HAL_SYSTICK_Config                       0x08003bbd   Thumb Code    52  stm32f4xx_hal_cortex.o(i.HAL_SYSTICK_Config)
    HAL_TIMEx_BreakCallback                  0x08003bf1   Thumb Code     2  stm32f4xx_hal_tim_ex.o(i.HAL_TIMEx_BreakCallback)
    HAL_TIMEx_CommutCallback                 0x08003bf3   Thumb Code     2  stm32f4xx_hal_tim_ex.o(i.HAL_TIMEx_CommutCallback)
    HAL_TIMEx_MasterConfigSynchronization    0x08003bf5   Thumb Code   150  stm32f4xx_hal_tim_ex.o(i.HAL_TIMEx_MasterConfigSynchronization)
    HAL_TIM_Base_Init                        0x08003ca9   Thumb Code   102  stm32f4xx_hal_tim.o(i.HAL_TIM_Base_Init)
    HAL_TIM_Base_MspInit                     0x08003d11   Thumb Code   108  tim.o(i.HAL_TIM_Base_MspInit)
    HAL_TIM_Base_Start_IT                    0x08003d89   Thumb Code   138  stm32f4xx_hal_tim.o(i.HAL_TIM_Base_Start_IT)
    HAL_TIM_ConfigClockSource                0x08003e31   Thumb Code   268  stm32f4xx_hal_tim.o(i.HAL_TIM_ConfigClockSource)
    HAL_TIM_IC_CaptureCallback               0x08003f3d   Thumb Code     2  stm32f4xx_hal_tim.o(i.HAL_TIM_IC_CaptureCallback)
    HAL_TIM_IRQHandler                       0x08003f3f   Thumb Code   364  stm32f4xx_hal_tim.o(i.HAL_TIM_IRQHandler)
    HAL_TIM_OC_DelayElapsedCallback          0x080040ab   Thumb Code     2  stm32f4xx_hal_tim.o(i.HAL_TIM_OC_DelayElapsedCallback)
    HAL_TIM_PWM_PulseFinishedCallback        0x080040ad   Thumb Code     2  stm32f4xx_hal_tim.o(i.HAL_TIM_PWM_PulseFinishedCallback)
    HAL_TIM_PeriodElapsedCallback            0x080040b1   Thumb Code   176  chassis_task.o(i.HAL_TIM_PeriodElapsedCallback)
    HAL_TIM_TriggerCallback                  0x08004171   Thumb Code     2  stm32f4xx_hal_tim.o(i.HAL_TIM_TriggerCallback)
    HAL_UART_Init                            0x08004173   Thumb Code   118  stm32f4xx_hal_uart.o(i.HAL_UART_Init)
    HAL_UART_MspInit                         0x080041e9   Thumb Code   274  usart.o(i.HAL_UART_MspInit)
    HAL_UART_Transmit                        0x08004315   Thumb Code   190  stm32f4xx_hal_uart.o(i.HAL_UART_Transmit)
    HardFault_Handler                        0x080043d3   Thumb Code     4  stm32f4xx_it.o(i.HardFault_Handler)
    Judge_Buffer_Receive_Task                0x080043d9   Thumb Code    78  referee.o(i.Judge_Buffer_Receive_Task)
    JudgementCustomizeChar                   0x08004431   Thumb Code   152  ui.o(i.JudgementCustomizeChar)
    JudgementCustomizeGraphics               0x080044d1   Thumb Code   152  ui.o(i.JudgementCustomizeGraphics)
    MX_CAN1_Init                             0x08004571   Thumb Code    62  can.o(i.MX_CAN1_Init)
    MX_CAN2_Init                             0x080045b9   Thumb Code    62  can.o(i.MX_CAN2_Init)
    MX_DMA_Init                              0x08004601   Thumb Code    68  dma.o(i.MX_DMA_Init)
    MX_GPIO_Init                             0x08004649   Thumb Code   156  gpio.o(i.MX_GPIO_Init)
    MX_RTC_Init                              0x080046e9   Thumb Code    44  rtc.o(i.MX_RTC_Init)
    MX_TIM3_Init                             0x0800471d   Thumb Code   102  tim.o(i.MX_TIM3_Init)
    MX_TIM9_Init                             0x0800478d   Thumb Code    74  tim.o(i.MX_TIM9_Init)
    MX_USART6_UART_Init                      0x080047e1   Thumb Code    46  usart.o(i.MX_USART6_UART_Init)
    MemManage_Handler                        0x08004819   Thumb Code     4  stm32f4xx_it.o(i.MemManage_Handler)
    NMI_Handler                              0x0800481d   Thumb Code     4  stm32f4xx_it.o(i.NMI_Handler)
    PID_Calculate                            0x08004821   Thumb Code   426  pid.o(i.PID_Calculate)
    PID_Init                                 0x080049d1   Thumb Code    32  pid.o(i.PID_Init)
    PendSV_Handler                           0x080049f9   Thumb Code     2  stm32f4xx_it.o(i.PendSV_Handler)
    RTC_EnterInitMode                        0x080049fb   Thumb Code    74  stm32f4xx_hal_rtc.o(i.RTC_EnterInitMode)
    RTC_ExitInitMode                         0x08004a45   Thumb Code    46  stm32f4xx_hal_rtc.o(i.RTC_ExitInitMode)
    ReFeree_Usart_Init                       0x08004a75   Thumb Code   294  referee.o(i.ReFeree_Usart_Init)
    Referee_Init                             0x08004bb9   Thumb Code    30  referee.o(i.Referee_Init)
    SVC_Handler                              0x08004be5   Thumb Code     2  stm32f4xx_it.o(i.SVC_Handler)
    Set_AGV_Velocity_Vector_Data_Update      0x08004be7   Thumb Code    26  agv_control.o(i.Set_AGV_Velocity_Vector_Data_Update)
    Speed_Limitation                         0x08004c01   Thumb Code   578  kinematic.o(i.Speed_Limitation)
    Square                                   0x08004e51   Thumb Code    14  kinematic.o(i.Square)
    SysTick_Handler                          0x08004e5f   Thumb Code     8  stm32f4xx_it.o(i.SysTick_Handler)
    SystemClock_Config                       0x08004e69   Thumb Code   178  main.o(i.SystemClock_Config)
    SystemInit                               0x08004f25   Thumb Code    14  system_stm32f4xx.o(i.SystemInit)
    TIM3_IRQHandler                          0x08004f39   Thumb Code    10  stm32f4xx_it.o(i.TIM3_IRQHandler)
    TIM_Base_SetConfig                       0x08004f49   Thumb Code   186  stm32f4xx_hal_tim.o(i.TIM_Base_SetConfig)
    TIM_ETR_SetConfig                        0x08005031   Thumb Code    22  stm32f4xx_hal_tim.o(i.TIM_ETR_SetConfig)
    Task_Init                                0x080050a7   Thumb Code    24  chassis_task.o(i.Task_Init)
    Time_Count_Task                          0x080050bf   Thumb Code    40  chassis_task.o(i.Time_Count_Task)
    UI_Send_Char_Task                        0x0800540d   Thumb Code    46  ui.o(i.UI_Send_Char_Task)
    UI_Send_Graphic_Task                     0x08005445   Thumb Code    46  ui.o(i.UI_Send_Graphic_Task)
    USART6_IRQHandler                        0x0800547d   Thumb Code   276  referee.o(i.USART6_IRQHandler)
    UsageFault_Handler                       0x080055ad   Thumb Code     4  stm32f4xx_it.o(i.UsageFault_Handler)
    Verify_CRC16_Check_Sum                   0x080055b1   Thumb Code    60  algorithmofcrc.o(i.Verify_CRC16_Check_Sum)
    Verify_CRC8_Check_Sum                    0x080055f1   Thumb Code    46  algorithmofcrc.o(i.Verify_CRC8_Check_Sum)
    Yaw_Angle_Process                        0x08005621   Thumb Code   150  chassis.o(i.Yaw_Angle_Process)
    Yaw_Init                                 0x080056c1   Thumb Code    36  chassis.o(i.Yaw_Init)
    __ARM_fpclassify                         0x080056f5   Thumb Code    48  fpclassify.o(i.__ARM_fpclassify)
    __hardfp_atan                            0x08005769   Thumb Code   622  atan.o(i.__hardfp_atan)
    __hardfp_atan2                           0x08005a41   Thumb Code   432  atan2.o(i.__hardfp_atan2)
    __hardfp_cos                             0x08005c31   Thumb Code   180  cos.o(i.__hardfp_cos)
    __hardfp_sin                             0x08005cf9   Thumb Code   180  sin.o(i.__hardfp_sin)
    __hardfp_sqrt                            0x08005dc1   Thumb Code   122  sqrt.o(i.__hardfp_sqrt)
    __ieee754_rem_pio2                       0x08005e41   Thumb Code   938  rred.o(i.__ieee754_rem_pio2)
    __kernel_cos                             0x08006279   Thumb Code   322  cos_i.o(i.__kernel_cos)
    __kernel_poly                            0x080063e9   Thumb Code   248  poly.o(i.__kernel_poly)
    __kernel_sin                             0x080064e1   Thumb Code   280  sin_i.o(i.__kernel_sin)
    __mathlib_dbl_infnan                     0x08006611   Thumb Code    20  dunder.o(i.__mathlib_dbl_infnan)
    __mathlib_dbl_infnan2                    0x08006625   Thumb Code    20  dunder.o(i.__mathlib_dbl_infnan2)
    __mathlib_dbl_invalid                    0x08006639   Thumb Code    24  dunder.o(i.__mathlib_dbl_invalid)
    __mathlib_dbl_underflow                  0x08006659   Thumb Code    24  dunder.o(i.__mathlib_dbl_underflow)
    atan                                     0x0800667f   Thumb Code    16  atan.o(i.atan)
    calculate_true_power                     0x08006691   Thumb Code   250  agv_control.o(i.calculate_true_power)
    can_filter_mask_config                   0x0800679d   Thumb Code   110  drv_can.o(i.can_filter_mask_config)
    fabs                                     0x08006c9d   Thumb Code    24  fabs.o(i.fabs)
    fifo_s_get                               0x08006cb5   Thumb Code    58  fifo.o(i.fifo_s_get)
    fifo_s_init                              0x08006cef   Thumb Code    22  fifo.o(i.fifo_s_init)
    fifo_s_puts                              0x08006d05   Thumb Code   160  fifo.o(i.fifo_s_puts)
    fifo_s_used                              0x08006da5   Thumb Code     6  fifo.o(i.fifo_s_used)
    main                                     0x08006dad   Thumb Code    54  main.o(i.main)
    referee_data_load_Graphic                0x08006de9   Thumb Code   528  ui.o(i.referee_data_load_Graphic)
    referee_data_load_String                 0x0800701d   Thumb Code   674  ui.o(i.referee_data_load_String)
    referee_data_pack_handle                 0x080072f9   Thumb Code   146  ui.o(i.referee_data_pack_handle)
    referee_unpack_fifo_data                 0x08007399   Thumb Code   322  referee.o(i.referee_unpack_fifo_data)
    __aeabi_dneg                             0x080074e5   Thumb Code     0  basic.o(x$fpl$basic)
    _dneg                                    0x080074e5   Thumb Code     6  basic.o(x$fpl$basic)
    __aeabi_fneg                             0x080074eb   Thumb Code     0  basic.o(x$fpl$basic)
    _fneg                                    0x080074eb   Thumb Code     6  basic.o(x$fpl$basic)
    _dabs                                    0x080074f1   Thumb Code     6  basic.o(x$fpl$basic)
    _fabs                                    0x080074f7   Thumb Code     6  basic.o(x$fpl$basic)
    __aeabi_d2f                              0x080074fd   Thumb Code     0  d2f.o(x$fpl$d2f)
    _d2f                                     0x080074fd   Thumb Code    98  d2f.o(x$fpl$d2f)
    __aeabi_dadd                             0x08007561   Thumb Code     0  daddsub_clz.o(x$fpl$dadd)
    _dadd                                    0x08007561   Thumb Code   332  daddsub_clz.o(x$fpl$dadd)
    __aeabi_ddiv                             0x080076b1   Thumb Code     0  ddiv.o(x$fpl$ddiv)
    _ddiv                                    0x080076b1   Thumb Code   552  ddiv.o(x$fpl$ddiv)
    __aeabi_d2iz                             0x08007961   Thumb Code     0  dfix.o(x$fpl$dfix)
    _dfix                                    0x08007961   Thumb Code    94  dfix.o(x$fpl$dfix)
    __aeabi_i2d                              0x080079bf   Thumb Code     0  dflt_clz.o(x$fpl$dflt)
    _dflt                                    0x080079bf   Thumb Code    46  dflt_clz.o(x$fpl$dflt)
    __aeabi_ui2d                             0x080079ed   Thumb Code     0  dflt_clz.o(x$fpl$dfltu)
    _dfltu                                   0x080079ed   Thumb Code    38  dflt_clz.o(x$fpl$dfltu)
    __aeabi_dmul                             0x08007a15   Thumb Code     0  dmul.o(x$fpl$dmul)
    _dmul                                    0x08007a15   Thumb Code   332  dmul.o(x$fpl$dmul)
    __fpl_dnaninf                            0x08007b69   Thumb Code   156  dnaninf.o(x$fpl$dnaninf)
    __fpl_dretinf                            0x08007c05   Thumb Code    12  dretinf.o(x$fpl$dretinf)
    __aeabi_drsub                            0x08007c11   Thumb Code     0  daddsub_clz.o(x$fpl$drsb)
    _drsb                                    0x08007c11   Thumb Code    22  daddsub_clz.o(x$fpl$drsb)
    _dsqrt                                   0x08007c29   Thumb Code   404  dsqrt_umaal.o(x$fpl$dsqrt)
    __aeabi_dsub                             0x08007dc1   Thumb Code     0  daddsub_clz.o(x$fpl$dsub)
    _dsub                                    0x08007dc1   Thumb Code   464  daddsub_clz.o(x$fpl$dsub)
    __aeabi_f2d                              0x08007f95   Thumb Code     0  f2d.o(x$fpl$f2d)
    _f2d                                     0x08007f95   Thumb Code    86  f2d.o(x$fpl$f2d)
    __fpl_fnaninf                            0x08007feb   Thumb Code   140  fnaninf.o(x$fpl$fnaninf)
    _fp_init                                 0x08008077   Thumb Code    10  fpinit.o(x$fpl$fpinit)
    __fplib_config_fpu_vfp                   0x0800807f   Thumb Code     0  fpinit.o(x$fpl$fpinit)
    __fplib_config_pureend_doubles           0x0800807f   Thumb Code     0  fpinit.o(x$fpl$fpinit)
    __fpl_fretinf                            0x08008081   Thumb Code    10  fretinf.o(x$fpl$fretinf)
    __I$use$fp                               0x0800808a   Number         0  usenofp.o(x$fpl$usenofp)
    AHBPrescTable                            0x08008092   Data          16  system_stm32f4xx.o(.constdata)
    APBPrescTable                            0x080080a2   Data           8  system_stm32f4xx.o(.constdata)
    CRC8_INIT                                0x080080aa   Data           1  algorithmofcrc.o(.constdata)
    CRC8_TAB                                 0x080080ab   Data         256  algorithmofcrc.o(.constdata)
    wCRC_Table                               0x080081ac   Data         512  algorithmofcrc.o(.constdata)
    __mathlib_zero                           0x08008478   Data           8  qnan.o(.constdata)
    Region$$Table$$Base                      0x08008570   Number         0  anon$$obj.o(Region$$Table)
    Region$$Table$$Limit                     0x08008590   Number         0  anon$$obj.o(Region$$Table)
    uwTick                                   0x20000004   Data           4  stm32f4xx_hal.o(.data)
    uwTickPrio                               0x20000008   Data           4  stm32f4xx_hal.o(.data)
    uwTickFreq                               0x2000000c   Data           1  stm32f4xx_hal.o(.data)
    SystemCoreClock                          0x20000010   Data           4  system_stm32f4xx.o(.data)
    CRC_INIT                                 0x20000014   Data           2  algorithmofcrc.o(.data)
    referee_receive_header                   0x20000016   Data           5  referee.o(.data)
    yaw_position_loop_data                   0x20000020   Data          40  chassis.o(.data)
    total_power                              0x20000048   Data           4  agv_control.o(.data)
    LowHP_Flag                               0x2000004c   Data           1  ui.o(.data)
    lastLowHP_Flag                           0x2000004d   Data           1  ui.o(.data)
    Chassis_State                            0x2000004e   Data           1  ui.o(.data)
    Chassis_lastState                        0x2000004f   Data           1  ui.o(.data)
    change_cnt                               0x20000050   Data           7  ui.o(.data)
    c_pos_x                                  0x20000058   Data          48  ui.o(.data)
    c_pos_y                                  0x20000088   Data          48  ui.o(.data)
    g_pos_x                                  0x200000b8   Data          36  ui.o(.data)
    g_pos_y                                  0x200000dc   Data          36  ui.o(.data)
    AIM_bias_x                               0x20000100   Data           4  ui.o(.data)
    AIM_bias_y                               0x20000104   Data           4  ui.o(.data)
    placece_x                                0x20000108   Data          56  ui.o(.data)
    placece_y                                0x20000140   Data          60  ui.o(.data)
    seq                                      0x2000017c   Data           1  ui.o(.data)
    char_change_state                        0x20000180   Data           4  ui.o(.data)
    graphic_change_state                     0x20000184   Data           4  ui.o(.data)
    CAN1_0x1ff_Tx_Data                       0x200001fc   Data           8  drv_can.o(.data)
    CAN1_0x200_Tx_Data                       0x20000204   Data           8  drv_can.o(.data)
    CAN1_0x2ff_Tx_Data                       0x2000020c   Data           8  drv_can.o(.data)
    CAN1_0xxf1_Tx_Data                       0x20000214   Data           8  drv_can.o(.data)
    CAN1_0xxf2_Tx_Data                       0x2000021c   Data           8  drv_can.o(.data)
    CAN1_0xxf3_Tx_Data                       0x20000224   Data           8  drv_can.o(.data)
    CAN1_0xxf4_Tx_Data                       0x2000022c   Data           8  drv_can.o(.data)
    CAN1_0xxf5_Tx_Data                       0x20000234   Data           8  drv_can.o(.data)
    CAN1_0xxf6_Tx_Data                       0x2000023c   Data           8  drv_can.o(.data)
    CAN1_0xxf7_Tx_Data                       0x20000244   Data           8  drv_can.o(.data)
    CAN1_0xxf8_Tx_Data                       0x2000024c   Data           8  drv_can.o(.data)
    CAN2_0x1ff_Tx_Data                       0x20000254   Data           8  drv_can.o(.data)
    CAN2_0x200_Tx_Data                       0x2000025c   Data           8  drv_can.o(.data)
    CAN2_0x2ff_Tx_Data                       0x20000264   Data           8  drv_can.o(.data)
    CAN2_0xxf1_Tx_Data                       0x2000026c   Data           8  drv_can.o(.data)
    CAN2_0xxf2_Tx_Data                       0x20000274   Data           8  drv_can.o(.data)
    CAN2_0xxf3_Tx_Data                       0x2000027c   Data           8  drv_can.o(.data)
    CAN2_0xxf4_Tx_Data                       0x20000284   Data           8  drv_can.o(.data)
    CAN2_0xxf5_Tx_Data                       0x2000028c   Data           8  drv_can.o(.data)
    CAN2_0xxf6_Tx_Data                       0x20000294   Data           8  drv_can.o(.data)
    CAN2_0xxf7_Tx_Data                       0x2000029c   Data           8  drv_can.o(.data)
    CAN2_0xxf8_Tx_Data                       0x200002a4   Data           8  drv_can.o(.data)
    AGV_A_Tx_Data                            0x200002ac   Data           8  drv_can.o(.data)
    AGV_B_Tx_Data                            0x200002b4   Data           8  drv_can.o(.data)
    AGV_C_Tx_Data                            0x200002bc   Data           8  drv_can.o(.data)
    AGV_D_Tx_Data                            0x200002c4   Data           8  drv_can.o(.data)
    CAN_Supercap_Tx_Data                     0x200002cc   Data           8  drv_can.o(.data)
    time                                     0x200002d8   Data           8  chassis_task.o(.data)
    hcan1                                    0x200002e0   Data          40  can.o(.bss)
    hcan2                                    0x20000308   Data          40  can.o(.bss)
    hrtc                                     0x20000330   Data          32  rtc.o(.bss)
    htim3                                    0x20000350   Data          72  tim.o(.bss)
    htim9                                    0x20000398   Data          72  tim.o(.bss)
    huart6                                   0x200003e0   Data          72  usart.o(.bss)
    hdma_usart6_rx                           0x20000428   Data          96  usart.o(.bss)
    hdma_usart6_tx                           0x20000488   Data          96  usart.o(.bss)
    usart6_buf                               0x200004e8   Data        1024  referee.o(.bss)
    referee_fifo                             0x200008e8   Data          24  referee.o(.bss)
    referee_fifo_buf                         0x20000900   Data        1024  referee.o(.bss)
    JudgeReceive                             0x20000d00   Data          48  referee.o(.bss)
    referee_unpack_obj                       0x20000d30   Data         140  referee.o(.bss)
    chassis                                  0x20000dbc   Data         188  chassis.o(.bss)
    yaw                                      0x20000e78   Data         108  chassis.o(.bss)
    yaw_pid                                  0x20000ee4   Data         254  chassis.o(.bss)
    chassis_power_control                    0x20000fe4   Data          48  agv_control.o(.bss)
    connection                               0x20001014   Data          68  gimbal_connection.o(.bss)
    JudgeSend                                0x20001058   Data         128  ui.o(.bss)
    Char_Change_Array                        0x200010d8   Data          28  ui.o(.bss)
    Graphic_Change_Array                     0x200010f4   Data          28  ui.o(.bss)
    custom_char_draw                         0x20001110   Data          51  ui.o(.bss)
    custom_grapic_draw                       0x20001143   Data         111  ui.o(.bss)
    CAN1_Manage_Object                       0x200011b4   Data          44  drv_can.o(.bss)
    CAN2_Manage_Object                       0x200011e0   Data          44  drv_can.o(.bss)
    __libspace_start                         0x2000120c   Data          96  libspace.o(.bss)
    __temporary_stack_top$libspace           0x2000126c   Data           0  libspace.o(.bss)



==============================================================================

Memory Map of the image

  Image Entry point : 0x08000189

  Load Region LR_IROM1 (Base: 0x08000000, Size: 0x00008870, Max: 0x00100000, ABSOLUTE, COMPRESSED[0x00008684])

    Execution Region ER_IROM1 (Base: 0x08000000, Size: 0x00008590, Max: 0x00100000, ABSOLUTE)

    Base Addr    Size         Type   Attr      Idx    E Section Name        Object

    0x08000000   0x00000188   Data   RO            3    RESET               startup_stm32f407xx.o
    0x08000188   0x00000008   Code   RO         4936  * !!!main             c_w.l(__main.o)
    0x08000190   0x00000034   Code   RO         5318    !!!scatter          c_w.l(__scatter.o)
    0x080001c4   0x0000005a   Code   RO         5316    !!dczerorl2         c_w.l(__dczerorl2.o)
    0x0800021e   0x00000002   PAD
    0x08000220   0x0000001c   Code   RO         5320    !!handler_zi        c_w.l(__scatter_zi.o)
    0x0800023c   0x00000002   Code   RO         5255    .ARM.Collect$$libinit$$00000000  c_w.l(libinit.o)
    0x0800023e   0x00000004   Code   RO         5066    .ARM.Collect$$libinit$$00000001  c_w.l(libinit2.o)
    0x08000242   0x00000000   Code   RO         5069    .ARM.Collect$$libinit$$00000004  c_w.l(libinit2.o)
    0x08000242   0x00000000   Code   RO         5072    .ARM.Collect$$libinit$$0000000A  c_w.l(libinit2.o)
    0x08000242   0x00000000   Code   RO         5074    .ARM.Collect$$libinit$$0000000C  c_w.l(libinit2.o)
    0x08000242   0x00000000   Code   RO         5076    .ARM.Collect$$libinit$$0000000E  c_w.l(libinit2.o)
    0x08000242   0x00000000   Code   RO         5079    .ARM.Collect$$libinit$$00000011  c_w.l(libinit2.o)
    0x08000242   0x00000000   Code   RO         5081    .ARM.Collect$$libinit$$00000013  c_w.l(libinit2.o)
    0x08000242   0x00000000   Code   RO         5083    .ARM.Collect$$libinit$$00000015  c_w.l(libinit2.o)
    0x08000242   0x00000000   Code   RO         5085    .ARM.Collect$$libinit$$00000017  c_w.l(libinit2.o)
    0x08000242   0x00000000   Code   RO         5087    .ARM.Collect$$libinit$$00000019  c_w.l(libinit2.o)
    0x08000242   0x00000000   Code   RO         5089    .ARM.Collect$$libinit$$0000001B  c_w.l(libinit2.o)
    0x08000242   0x00000000   Code   RO         5091    .ARM.Collect$$libinit$$0000001D  c_w.l(libinit2.o)
    0x08000242   0x00000000   Code   RO         5093    .ARM.Collect$$libinit$$0000001F  c_w.l(libinit2.o)
    0x08000242   0x00000000   Code   RO         5095    .ARM.Collect$$libinit$$00000021  c_w.l(libinit2.o)
    0x08000242   0x00000000   Code   RO         5097    .ARM.Collect$$libinit$$00000023  c_w.l(libinit2.o)
    0x08000242   0x00000000   Code   RO         5099    .ARM.Collect$$libinit$$00000025  c_w.l(libinit2.o)
    0x08000242   0x00000000   Code   RO         5103    .ARM.Collect$$libinit$$0000002C  c_w.l(libinit2.o)
    0x08000242   0x00000000   Code   RO         5105    .ARM.Collect$$libinit$$0000002E  c_w.l(libinit2.o)
    0x08000242   0x00000000   Code   RO         5107    .ARM.Collect$$libinit$$00000030  c_w.l(libinit2.o)
    0x08000242   0x00000000   Code   RO         5109    .ARM.Collect$$libinit$$00000032  c_w.l(libinit2.o)
    0x08000242   0x00000002   Code   RO         5110    .ARM.Collect$$libinit$$00000033  c_w.l(libinit2.o)
    0x08000244   0x00000002   Code   RO         5313    .ARM.Collect$$libshutdown$$00000000  c_w.l(libshutdown.o)
    0x08000246   0x00000000   Code   RO         5271    .ARM.Collect$$libshutdown$$00000002  c_w.l(libshutdown2.o)
    0x08000246   0x00000000   Code   RO         5273    .ARM.Collect$$libshutdown$$00000004  c_w.l(libshutdown2.o)
    0x08000246   0x00000000   Code   RO         5276    .ARM.Collect$$libshutdown$$00000007  c_w.l(libshutdown2.o)
    0x08000246   0x00000000   Code   RO         5279    .ARM.Collect$$libshutdown$$0000000A  c_w.l(libshutdown2.o)
    0x08000246   0x00000000   Code   RO         5281    .ARM.Collect$$libshutdown$$0000000C  c_w.l(libshutdown2.o)
    0x08000246   0x00000000   Code   RO         5284    .ARM.Collect$$libshutdown$$0000000F  c_w.l(libshutdown2.o)
    0x08000246   0x00000002   Code   RO         5285    .ARM.Collect$$libshutdown$$00000010  c_w.l(libshutdown2.o)
    0x08000248   0x00000000   Code   RO         5030    .ARM.Collect$$rtentry$$00000000  c_w.l(__rtentry.o)
    0x08000248   0x00000000   Code   RO         5185    .ARM.Collect$$rtentry$$00000002  c_w.l(__rtentry2.o)
    0x08000248   0x00000006   Code   RO         5197    .ARM.Collect$$rtentry$$00000004  c_w.l(__rtentry4.o)
    0x0800024e   0x00000000   Code   RO         5187    .ARM.Collect$$rtentry$$00000009  c_w.l(__rtentry2.o)
    0x0800024e   0x00000004   Code   RO         5188    .ARM.Collect$$rtentry$$0000000A  c_w.l(__rtentry2.o)
    0x08000252   0x00000000   Code   RO         5190    .ARM.Collect$$rtentry$$0000000C  c_w.l(__rtentry2.o)
    0x08000252   0x00000008   Code   RO         5191    .ARM.Collect$$rtentry$$0000000D  c_w.l(__rtentry2.o)
    0x0800025a   0x00000002   Code   RO         5258    .ARM.Collect$$rtexit$$00000000  c_w.l(rtexit.o)
    0x0800025c   0x00000000   Code   RO         5289    .ARM.Collect$$rtexit$$00000002  c_w.l(rtexit2.o)
    0x0800025c   0x00000004   Code   RO         5290    .ARM.Collect$$rtexit$$00000003  c_w.l(rtexit2.o)
    0x08000260   0x00000006   Code   RO         5291    .ARM.Collect$$rtexit$$00000004  c_w.l(rtexit2.o)
    0x08000266   0x00000002   PAD
    0x08000268   0x00000040   Code   RO            4    .text               startup_stm32f407xx.o
    0x080002a8   0x000000ee   Code   RO         4924    .text               c_w.l(lludivv7m.o)
    0x08000396   0x00000048   Code   RO         4926    .text               c_w.l(strcpy.o)
    0x080003de   0x0000008a   Code   RO         4928    .text               c_w.l(rt_memcpy_v6.o)
    0x08000468   0x00000044   Code   RO         4930    .text               c_w.l(rt_memclr.o)
    0x080004ac   0x0000004e   Code   RO         4932    .text               c_w.l(rt_memclr_w.o)
    0x080004fa   0x00000006   Code   RO         4934    .text               c_w.l(heapauxi.o)
    0x08000500   0x00000016   Code   RO         5060    .text               c_w.l(_rserrno.o)
    0x08000516   0x00000064   Code   RO         5062    .text               c_w.l(rt_memcpy_w.o)
    0x0800057a   0x00000002   PAD
    0x0800057c   0x00000008   Code   RO         5181    .text               c_w.l(libspace.o)
    0x08000584   0x00000008   Code   RO         5204    .text               c_w.l(rt_errno_addr_intlibspace.o)
    0x0800058c   0x00000002   Code   RO         5227    .text               c_w.l(use_no_semi.o)
    0x0800058e   0x00000000   Code   RO         5229    .text               c_w.l(indicate_semi.o)
    0x0800058e   0x0000004a   Code   RO         5230    .text               c_w.l(sys_stackheap_outer.o)
    0x080005d8   0x00000012   Code   RO         5236    .text               c_w.l(exit.o)
    0x080005ea   0x00000002   PAD
    0x080005ec   0x0000000c   Code   RO         5256    .text               c_w.l(sys_exit.o)
    0x080005f8   0x0000024c   Code   RO         4261    i.AGV_DirectiveMotor_TargetStatus_To_MotorAngle_In_ChassisCoordinate  kinematic.o
    0x08000844   0x00000760   Code   RO         4262    i.AGV_Vector_Composition_In_ChassisCoordinate  kinematic.o
    0x08000fa4   0x000003a0   Code   RO         4063    i.AGV_connoection   agv_control.o
    0x08001344   0x00000030   Code   RO         3826    i.Append_CRC16_Check_Sum  algorithmofcrc.o
    0x08001374   0x00000024   Code   RO         3827    i.Append_CRC8_Check_Sum  algorithmofcrc.o
    0x08001398   0x000000a4   Code   RO         3953    i.Buffer_Limition_Kf_Update  chassis.o
    0x0800143c   0x00000004   Code   RO          454    i.BusFault_Handler  stm32f4xx_it.o
    0x08001440   0x00000060   Code   RO         4315    i.CAN1_Call_Back    can_connection.o
    0x080014a0   0x00000010   Code   RO          455    i.CAN1_RX0_IRQHandler  stm32f4xx_it.o
    0x080014b0   0x00000010   Code   RO          456    i.CAN1_RX1_IRQHandler  stm32f4xx_it.o
    0x080014c0   0x00000010   Code   RO          457    i.CAN1_TX_IRQHandler  stm32f4xx_it.o
    0x080014d0   0x00000068   Code   RO         4316    i.CAN2_Call_Back    can_connection.o
    0x08001538   0x00000010   Code   RO          458    i.CAN2_RX0_IRQHandler  stm32f4xx_it.o
    0x08001548   0x00000010   Code   RO          459    i.CAN2_RX1_IRQHandler  stm32f4xx_it.o
    0x08001558   0x00000010   Code   RO          460    i.CAN2_TX_IRQHandler  stm32f4xx_it.o
    0x08001568   0x000000ec   Code   RO         4444    i.CAN_Init          drv_can.o
    0x08001654   0x00000038   Code   RO         4446    i.CAN_Send_EXT_Data  drv_can.o
    0x0800168c   0x00000024   Code   RO         4317    i.Can_Connection_Init  can_connection.o
    0x080016b0   0x00000004   Code   RO         4361    i.Char_Change_Check  ui.o
    0x080016b4   0x0000001a   Code   RO         4116    i.Chassis_Control_Mode_Update  gimbal_connection.o
    0x080016ce   0x00000016   Code   RO         4117    i.Chassis_Flag_Update  gimbal_connection.o
    0x080016e4   0x00000070   Code   RO         3954    i.Chassis_Init      chassis.o
    0x08001754   0x000000a0   Code   RO         3955    i.Chassis_Inveter_Judge  chassis.o
    0x080017f4   0x000000a8   Code   RO         3956    i.Chassis_Mode_Command_Update  chassis.o
    0x0800189c   0x0000001c   Code   RO         3957    i.Chassis_Move      chassis.o
    0x080018b8   0x00000020   Code   RO         4064    i.Chassis_Power_Control_Init  agv_control.o
    0x080018d8   0x00000044   Code   RO         4118    i.Chassis_Speed_Command_Update  gimbal_connection.o
    0x0800191c   0x0000004c   Code   RO         4263    i.Chassis_Speed_Control  kinematic.o
    0x08001968   0x00000244   Code   RO         3958    i.Chassis_Speed_Slow_Motion  chassis.o
    0x08001bac   0x00000010   Code   RO          461    i.DMA2_Stream1_IRQHandler  stm32f4xx_it.o
    0x08001bbc   0x00000010   Code   RO          462    i.DMA2_Stream6_IRQHandler  stm32f4xx_it.o
    0x08001bcc   0x00000034   Code   RO         1346    i.DMA_CalcBaseAndBitshift  stm32f4xx_hal_dma.o
    0x08001c00   0x000000aa   Code   RO         1347    i.DMA_CheckFifoParam  stm32f4xx_hal_dma.o
    0x08001caa   0x00000002   Code   RO          463    i.DebugMon_Handler  stm32f4xx_it.o
    0x08001cac   0x00000010   Code   RO         4447    i.EXT_ID_Set        drv_can.o
    0x08001cbc   0x00000006   Code   RO           13    i.Error_Handler     main.o
    0x08001cc2   0x0000001a   Code   RO         4264    i.Float_Abs         kinematic.o
    0x08001cdc   0x0000000c   Code   RO         4119    i.Fric_Speed_And_Pitch_Angle_Update  gimbal_connection.o
    0x08001ce8   0x00000020   Code   RO         4162    i.GM6020_Current_From_Lsb_To_Ampere  motor.o
    0x08001d08   0x0000002a   Code   RO         4163    i.GM6020_Feedback_Update  motor.o
    0x08001d32   0x00000002   PAD
    0x08001d34   0x00000024   Code   RO         4165    i.GM6020_Position_From_Lsb_To_Degree  motor.o
    0x08001d58   0x0000002c   Code   RO         4166    i.GM6020_Position_From_Lsb_To_Rad  motor.o
    0x08001d84   0x0000010c   Code   RO         4167    i.GM6020_Status_Update  motor.o
    0x08001e90   0x00000034   Code   RO         3828    i.Get_CRC16_Check_Sum  algorithmofcrc.o
    0x08001ec4   0x00000024   Code   RO         3829    i.Get_CRC8_Check_Sum  algorithmofcrc.o
    0x08001ee8   0x000000c4   Code   RO         3959    i.Gimbal_To_Chassis_Relative_Angle_Update  chassis.o
    0x08001fac   0x0000005c   Code   RO         4362    i.Graphic_Change_Check  ui.o
    0x08002008   0x0000002a   Code   RO          609    i.HAL_CAN_ActivateNotification  stm32f4xx_hal_can.o
    0x08002032   0x0000014a   Code   RO          610    i.HAL_CAN_AddTxMessage  stm32f4xx_hal_can.o
    0x0800217c   0x00000124   Code   RO          611    i.HAL_CAN_ConfigFilter  stm32f4xx_hal_can.o
    0x080022a0   0x00000002   Code   RO          614    i.HAL_CAN_ErrorCallback  stm32f4xx_hal_can.o
    0x080022a2   0x00000194   Code   RO          617    i.HAL_CAN_GetRxMessage  stm32f4xx_hal_can.o
    0x08002436   0x00000036   Code   RO          619    i.HAL_CAN_GetTxMailboxesFreeLevel  stm32f4xx_hal_can.o
    0x0800246c   0x0000024e   Code   RO          621    i.HAL_CAN_IRQHandler  stm32f4xx_hal_can.o
    0x080026ba   0x00000174   Code   RO          622    i.HAL_CAN_Init      stm32f4xx_hal_can.o
    0x0800282e   0x00000002   PAD
    0x08002830   0x000001a0   Code   RO          250    i.HAL_CAN_MspInit   can.o
    0x080029d0   0x00000002   Code   RO          629    i.HAL_CAN_RxFifo0FullCallback  stm32f4xx_hal_can.o
    0x080029d2   0x00000002   PAD
    0x080029d4   0x00000058   Code   RO         4448    i.HAL_CAN_RxFifo0MsgPendingCallback  drv_can.o
    0x08002a2c   0x00000002   Code   RO          631    i.HAL_CAN_RxFifo1FullCallback  stm32f4xx_hal_can.o
    0x08002a2e   0x00000002   PAD
    0x08002a30   0x00000058   Code   RO         4449    i.HAL_CAN_RxFifo1MsgPendingCallback  drv_can.o
    0x08002a88   0x00000002   Code   RO          633    i.HAL_CAN_SleepCallback  stm32f4xx_hal_can.o
    0x08002a8a   0x0000005e   Code   RO          634    i.HAL_CAN_Start     stm32f4xx_hal_can.o
    0x08002ae8   0x00000002   Code   RO          636    i.HAL_CAN_TxMailbox0AbortCallback  stm32f4xx_hal_can.o
    0x08002aea   0x00000002   Code   RO          637    i.HAL_CAN_TxMailbox0CompleteCallback  stm32f4xx_hal_can.o
    0x08002aec   0x00000002   Code   RO          638    i.HAL_CAN_TxMailbox1AbortCallback  stm32f4xx_hal_can.o
    0x08002aee   0x00000002   Code   RO          639    i.HAL_CAN_TxMailbox1CompleteCallback  stm32f4xx_hal_can.o
    0x08002af0   0x00000002   Code   RO          640    i.HAL_CAN_TxMailbox2AbortCallback  stm32f4xx_hal_can.o
    0x08002af2   0x00000002   Code   RO          641    i.HAL_CAN_TxMailbox2CompleteCallback  stm32f4xx_hal_can.o
    0x08002af4   0x00000002   Code   RO          643    i.HAL_CAN_WakeUpFromRxMsgCallback  stm32f4xx_hal_can.o
    0x08002af6   0x00000002   PAD
    0x08002af8   0x00000240   Code   RO         1354    i.HAL_DMA_IRQHandler  stm32f4xx_hal_dma.o
    0x08002d38   0x000000ec   Code   RO         1355    i.HAL_DMA_Init      stm32f4xx_hal_dma.o
    0x08002e24   0x000001f4   Code   RO         1242    i.HAL_GPIO_Init     stm32f4xx_hal_gpio.o
    0x08003018   0x0000000c   Code   RO         1785    i.HAL_GetTick       stm32f4xx_hal.o
    0x08003024   0x00000018   Code   RO         1791    i.HAL_IncTick       stm32f4xx_hal.o
    0x0800303c   0x0000003c   Code   RO         1792    i.HAL_Init          stm32f4xx_hal.o
    0x08003078   0x0000004c   Code   RO         1793    i.HAL_InitTick      stm32f4xx_hal.o
    0x080030c4   0x00000048   Code   RO          584    i.HAL_MspInit       stm32f4xx_hal_msp.o
    0x0800310c   0x00000028   Code   RO         1632    i.HAL_NVIC_EnableIRQ  stm32f4xx_hal_cortex.o
    0x08003134   0x0000007c   Code   RO         1638    i.HAL_NVIC_SetPriority  stm32f4xx_hal_cortex.o
    0x080031b0   0x00000028   Code   RO         1639    i.HAL_NVIC_SetPriorityGrouping  stm32f4xx_hal_cortex.o
    0x080031d8   0x000001a0   Code   RO          948    i.HAL_RCCEx_PeriphCLKConfig  stm32f4xx_hal_rcc_ex.o
    0x08003378   0x00000184   Code   RO          843    i.HAL_RCC_ClockConfig  stm32f4xx_hal_rcc.o
    0x080034fc   0x0000000c   Code   RO          848    i.HAL_RCC_GetHCLKFreq  stm32f4xx_hal_rcc.o
    0x08003508   0x00000020   Code   RO          850    i.HAL_RCC_GetPCLK1Freq  stm32f4xx_hal_rcc.o
    0x08003528   0x00000020   Code   RO          851    i.HAL_RCC_GetPCLK2Freq  stm32f4xx_hal_rcc.o
    0x08003548   0x000000b0   Code   RO          852    i.HAL_RCC_GetSysClockFreq  stm32f4xx_hal_rcc.o
    0x080035f8   0x0000049c   Code   RO          855    i.HAL_RCC_OscConfig  stm32f4xx_hal_rcc.o
    0x08003a94   0x000000b4   Code   RO         2043    i.HAL_RTC_Init      stm32f4xx_hal_rtc.o
    0x08003b48   0x0000003c   Code   RO          323    i.HAL_RTC_MspInit   rtc.o
    0x08003b84   0x00000038   Code   RO         2051    i.HAL_RTC_WaitForSynchro  stm32f4xx_hal_rtc.o
    0x08003bbc   0x00000034   Code   RO         1643    i.HAL_SYSTICK_Config  stm32f4xx_hal_cortex.o
    0x08003bf0   0x00000002   Code   RO         3149    i.HAL_TIMEx_BreakCallback  stm32f4xx_hal_tim_ex.o
    0x08003bf2   0x00000002   Code   RO         3150    i.HAL_TIMEx_CommutCallback  stm32f4xx_hal_tim_ex.o
    0x08003bf4   0x000000b4   Code   RO         3168    i.HAL_TIMEx_MasterConfigSynchronization  stm32f4xx_hal_tim_ex.o
    0x08003ca8   0x00000066   Code   RO         2434    i.HAL_TIM_Base_Init  stm32f4xx_hal_tim.o
    0x08003d0e   0x00000002   PAD
    0x08003d10   0x00000078   Code   RO          365    i.HAL_TIM_Base_MspInit  tim.o
    0x08003d88   0x000000a8   Code   RO         2439    i.HAL_TIM_Base_Start_IT  stm32f4xx_hal_tim.o
    0x08003e30   0x0000010c   Code   RO         2443    i.HAL_TIM_ConfigClockSource  stm32f4xx_hal_tim.o
    0x08003f3c   0x00000002   Code   RO         2468    i.HAL_TIM_IC_CaptureCallback  stm32f4xx_hal_tim.o
    0x08003f3e   0x0000016c   Code   RO         2482    i.HAL_TIM_IRQHandler  stm32f4xx_hal_tim.o
    0x080040aa   0x00000002   Code   RO         2485    i.HAL_TIM_OC_DelayElapsedCallback  stm32f4xx_hal_tim.o
    0x080040ac   0x00000002   Code   RO         2512    i.HAL_TIM_PWM_PulseFinishedCallback  stm32f4xx_hal_tim.o
    0x080040ae   0x00000002   PAD
    0x080040b0   0x000000c0   Code   RO         4821    i.HAL_TIM_PeriodElapsedCallback  chassis_task.o
    0x08004170   0x00000002   Code   RO         2525    i.HAL_TIM_TriggerCallback  stm32f4xx_hal_tim.o
    0x08004172   0x00000076   Code   RO         3446    i.HAL_UART_Init     stm32f4xx_hal_uart.o
    0x080041e8   0x0000012c   Code   RO          413    i.HAL_UART_MspInit  usart.o
    0x08004314   0x000000be   Code   RO         3454    i.HAL_UART_Transmit  stm32f4xx_hal_uart.o
    0x080043d2   0x00000004   Code   RO          464    i.HardFault_Handler  stm32f4xx_it.o
    0x080043d6   0x00000002   PAD
    0x080043d8   0x00000058   Code   RO         3887    i.Judge_Buffer_Receive_Task  referee.o
    0x08004430   0x000000a0   Code   RO         4363    i.JudgementCustomizeChar  ui.o
    0x080044d0   0x000000a0   Code   RO         4364    i.JudgementCustomizeGraphics  ui.o
    0x08004570   0x00000048   Code   RO          251    i.MX_CAN1_Init      can.o
    0x080045b8   0x00000048   Code   RO          252    i.MX_CAN2_Init      can.o
    0x08004600   0x00000048   Code   RO          298    i.MX_DMA_Init       dma.o
    0x08004648   0x000000a0   Code   RO          225    i.MX_GPIO_Init      gpio.o
    0x080046e8   0x00000034   Code   RO          324    i.MX_RTC_Init       rtc.o
    0x0800471c   0x00000070   Code   RO          366    i.MX_TIM3_Init      tim.o
    0x0800478c   0x00000054   Code   RO          367    i.MX_TIM9_Init      tim.o
    0x080047e0   0x00000038   Code   RO          414    i.MX_USART6_UART_Init  usart.o
    0x08004818   0x00000004   Code   RO          465    i.MemManage_Handler  stm32f4xx_it.o
    0x0800481c   0x00000004   Code   RO          466    i.NMI_Handler       stm32f4xx_it.o
    0x08004820   0x000001b0   Code   RO         4515    i.PID_Calculate     pid.o
    0x080049d0   0x00000028   Code   RO         4516    i.PID_Init          pid.o
    0x080049f8   0x00000002   Code   RO          467    i.PendSV_Handler    stm32f4xx_it.o
    0x080049fa   0x0000004a   Code   RO         2054    i.RTC_EnterInitMode  stm32f4xx_hal_rtc.o
    0x08004a44   0x0000002e   Code   RO         2055    i.RTC_ExitInitMode  stm32f4xx_hal_rtc.o
    0x08004a72   0x00000002   PAD
    0x08004a74   0x00000144   Code   RO         3888    i.ReFeree_Usart_Init  referee.o
    0x08004bb8   0x0000002c   Code   RO         3889    i.Referee_Init      referee.o
    0x08004be4   0x00000002   Code   RO          468    i.SVC_Handler       stm32f4xx_it.o
    0x08004be6   0x0000001a   Code   RO         4065    i.Set_AGV_Velocity_Vector_Data_Update  agv_control.o
    0x08004c00   0x00000250   Code   RO         4265    i.Speed_Limitation  kinematic.o
    0x08004e50   0x0000000e   Code   RO         4266    i.Square            kinematic.o
    0x08004e5e   0x00000008   Code   RO          469    i.SysTick_Handler   stm32f4xx_it.o
    0x08004e66   0x00000002   PAD
    0x08004e68   0x000000bc   Code   RO           14    i.SystemClock_Config  main.o
    0x08004f24   0x00000014   Code   RO         3790    i.SystemInit        system_stm32f4xx.o
    0x08004f38   0x00000010   Code   RO          470    i.TIM3_IRQHandler   stm32f4xx_it.o
    0x08004f48   0x000000e8   Code   RO         2527    i.TIM_Base_SetConfig  stm32f4xx_hal_tim.o
    0x08005030   0x00000016   Code   RO         2538    i.TIM_ETR_SetConfig  stm32f4xx_hal_tim.o
    0x08005046   0x00000012   Code   RO         2539    i.TIM_ITRx_SetConfig  stm32f4xx_hal_tim.o
    0x08005058   0x00000026   Code   RO         2545    i.TIM_TI1_ConfigInputStage  stm32f4xx_hal_tim.o
    0x0800507e   0x00000028   Code   RO         2547    i.TIM_TI2_ConfigInputStage  stm32f4xx_hal_tim.o
    0x080050a6   0x00000018   Code   RO         4822    i.Task_Init         chassis_task.o
    0x080050be   0x00000028   Code   RO         4823    i.Time_Count_Task   chassis_task.o
    0x080050e6   0x0000006c   Code   RO         3469    i.UART_EndRxTransfer  stm32f4xx_hal_uart.o
    0x08005152   0x00000002   PAD
    0x08005154   0x0000022c   Code   RO         3473    i.UART_SetConfig    stm32f4xx_hal_uart.o
    0x08005380   0x0000008c   Code   RO         3477    i.UART_WaitOnFlagUntilTimeout  stm32f4xx_hal_uart.o
    0x0800540c   0x00000038   Code   RO         4365    i.UI_Send_Char_Task  ui.o
    0x08005444   0x00000038   Code   RO         4366    i.UI_Send_Graphic_Task  ui.o
    0x0800547c   0x00000130   Code   RO         3890    i.USART6_IRQHandler  referee.o
    0x080055ac   0x00000004   Code   RO          471    i.UsageFault_Handler  stm32f4xx_it.o
    0x080055b0   0x00000040   Code   RO         3830    i.Verify_CRC16_Check_Sum  algorithmofcrc.o
    0x080055f0   0x0000002e   Code   RO         3831    i.Verify_CRC8_Check_Sum  algorithmofcrc.o
    0x0800561e   0x00000002   PAD
    0x08005620   0x000000a0   Code   RO         3960    i.Yaw_Angle_Process  chassis.o
    0x080056c0   0x00000034   Code   RO         3961    i.Yaw_Init          chassis.o
    0x080056f4   0x00000030   Code   RO         5163    i.__ARM_fpclassify  m_wm.l(fpclassify.o)
    0x08005724   0x00000010   Code   RO         1645    i.__NVIC_GetPriorityGrouping  stm32f4xx_hal_cortex.o
    0x08005734   0x00000028   Code   RO         1646    i.__NVIC_SetPriority  stm32f4xx_hal_cortex.o
    0x0800575c   0x00000006   Code   RO         4594    i.__get_PRIMASK     fifo.o
    0x08005762   0x00000006   PAD
    0x08005768   0x000002d8   Code   RO         5126    i.__hardfp_atan     m_wm.l(atan.o)
    0x08005a40   0x000001f0   Code   RO         4966    i.__hardfp_atan2    m_wm.l(atan2.o)
    0x08005c30   0x000000c8   Code   RO         4978    i.__hardfp_cos      m_wm.l(cos.o)
    0x08005cf8   0x000000c8   Code   RO         5004    i.__hardfp_sin      m_wm.l(sin.o)
    0x08005dc0   0x0000007a   Code   RO         5016    i.__hardfp_sqrt     m_wm.l(sqrt.o)
    0x08005e3a   0x00000006   PAD
    0x08005e40   0x00000438   Code   RO         5168    i.__ieee754_rem_pio2  m_wm.l(rred.o)
    0x08006278   0x00000170   Code   RO         5140    i.__kernel_cos      m_wm.l(cos_i.o)
    0x080063e8   0x000000f8   Code   RO         5165    i.__kernel_poly     m_wm.l(poly.o)
    0x080064e0   0x00000130   Code   RO         5173    i.__kernel_sin      m_wm.l(sin_i.o)
    0x08006610   0x00000014   Code   RO         5144    i.__mathlib_dbl_infnan  m_wm.l(dunder.o)
    0x08006624   0x00000014   Code   RO         5145    i.__mathlib_dbl_infnan2  m_wm.l(dunder.o)
    0x08006638   0x00000020   Code   RO         5146    i.__mathlib_dbl_invalid  m_wm.l(dunder.o)
    0x08006658   0x00000020   Code   RO         5149    i.__mathlib_dbl_underflow  m_wm.l(dunder.o)
    0x08006678   0x00000006   Code   RO         4595    i.__set_PRIMASK     fifo.o
    0x0800667e   0x00000010   Code   RO         5128    i.atan              m_wm.l(atan.o)
    0x0800668e   0x00000002   PAD
    0x08006690   0x0000010c   Code   RO         4066    i.calculate_true_power  agv_control.o
    0x0800679c   0x0000006e   Code   RO         4451    i.can_filter_mask_config  drv_can.o
    0x0800680a   0x00000002   PAD
    0x0800680c   0x00000030   Code   RO         3962    i.chassis_fllow     chassis.o
    0x0800683c   0x000000f0   Code   RO         4517    i.f_Changing_Integral_Rate  pid.o
    0x0800692c   0x00000030   Code   RO         4518    i.f_Derivative_Filter  pid.o
    0x0800695c   0x00000022   Code   RO         4519    i.f_Derivative_On_Measurement  pid.o
    0x0800697e   0x00000002   PAD
    0x08006980   0x000000cc   Code   RO         4520    i.f_Integral_Limit  pid.o
    0x08006a4c   0x00000030   Code   RO         4521    i.f_Output_Filter   pid.o
    0x08006a7c   0x00000046   Code   RO         4522    i.f_Output_Limit    pid.o
    0x08006ac2   0x00000002   PAD
    0x08006ac4   0x000000c0   Code   RO         4523    i.f_PID_ErrorHandle  pid.o
    0x08006b84   0x00000074   Code   RO         4524    i.f_PID_param_init  pid.o
    0x08006bf8   0x00000034   Code   RO         4525    i.f_PID_reset       pid.o
    0x08006c2c   0x00000046   Code   RO         4526    i.f_Proportion_Limit  pid.o
    0x08006c72   0x0000002a   Code   RO         4527    i.f_Trapezoid_Intergral  pid.o
    0x08006c9c   0x00000018   Code   RO         5159    i.fabs              m_wm.l(fabs.o)
    0x08006cb4   0x0000003a   Code   RO         4613    i.fifo_s_get        fifo.o
    0x08006cee   0x00000016   Code   RO         4616    i.fifo_s_init       fifo.o
    0x08006d04   0x000000a0   Code   RO         4622    i.fifo_s_puts       fifo.o
    0x08006da4   0x00000006   Code   RO         4624    i.fifo_s_used       fifo.o
    0x08006daa   0x00000002   PAD
    0x08006dac   0x0000003c   Code   RO           15    i.main              main.o
    0x08006de8   0x00000234   Code   RO         4367    i.referee_data_load_Graphic  ui.o
    0x0800701c   0x000002dc   Code   RO         4368    i.referee_data_load_String  ui.o
    0x080072f8   0x000000a0   Code   RO         4369    i.referee_data_pack_handle  ui.o
    0x08007398   0x0000014c   Code   RO         3891    i.referee_unpack_fifo_data  referee.o
    0x080074e4   0x00000018   Code   RO         4938    x$fpl$basic         fz_wm.l(basic.o)
    0x080074fc   0x00000062   Code   RO         4940    x$fpl$d2f           fz_wm.l(d2f.o)
    0x0800755e   0x00000002   PAD
    0x08007560   0x00000150   Code   RO         4942    x$fpl$dadd          fz_wm.l(daddsub_clz.o)
    0x080076b0   0x000002b0   Code   RO         4949    x$fpl$ddiv          fz_wm.l(ddiv.o)
    0x08007960   0x0000005e   Code   RO         4952    x$fpl$dfix          fz_wm.l(dfix.o)
    0x080079be   0x0000002e   Code   RO         4957    x$fpl$dflt          fz_wm.l(dflt_clz.o)
    0x080079ec   0x00000026   Code   RO         4956    x$fpl$dfltu         fz_wm.l(dflt_clz.o)
    0x08007a12   0x00000002   PAD
    0x08007a14   0x00000154   Code   RO         4962    x$fpl$dmul          fz_wm.l(dmul.o)
    0x08007b68   0x0000009c   Code   RO         5113    x$fpl$dnaninf       fz_wm.l(dnaninf.o)
    0x08007c04   0x0000000c   Code   RO         5115    x$fpl$dretinf       fz_wm.l(dretinf.o)
    0x08007c10   0x00000016   Code   RO         4943    x$fpl$drsb          fz_wm.l(daddsub_clz.o)
    0x08007c26   0x00000002   PAD
    0x08007c28   0x00000198   Code   RO         5119    x$fpl$dsqrt         fz_wm.l(dsqrt_umaal.o)
    0x08007dc0   0x000001d4   Code   RO         4944    x$fpl$dsub          fz_wm.l(daddsub_clz.o)
    0x08007f94   0x00000056   Code   RO         4964    x$fpl$f2d           fz_wm.l(f2d.o)
    0x08007fea   0x0000008c   Code   RO         5121    x$fpl$fnaninf       fz_wm.l(fnaninf.o)
    0x08008076   0x0000000a   Code   RO         5225    x$fpl$fpinit        fz_wm.l(fpinit.o)
    0x08008080   0x0000000a   Code   RO         5123    x$fpl$fretinf       fz_wm.l(fretinf.o)
    0x0800808a   0x00000000   Code   RO         5125    x$fpl$usenofp       fz_wm.l(usenofp.o)
    0x0800808a   0x00000008   Data   RO         1361    .constdata          stm32f4xx_hal_dma.o
    0x08008092   0x00000018   Data   RO         3791    .constdata          system_stm32f4xx.o
    0x080080aa   0x00000302   Data   RO         3832    .constdata          algorithmofcrc.o
    0x080083ac   0x00000004   PAD
    0x080083b0   0x00000098   Data   RO         5129    .constdata          m_wm.l(atan.o)
    0x08008448   0x00000030   Data   RO         5141    .constdata          m_wm.l(cos_i.o)
    0x08008478   0x00000008   Data   RO         5167    .constdata          m_wm.l(qnan.o)
    0x08008480   0x000000c8   Data   RO         5170    .constdata          m_wm.l(rred.o)
    0x08008548   0x00000028   Data   RO         5174    .constdata          m_wm.l(sin_i.o)
    0x08008570   0x00000020   Data   RO         5314    Region$$Table       anon$$obj.o


    Execution Region RW_IRAM1 (Base: 0x20000000, Size: 0x00001870, Max: 0x0001c000, ABSOLUTE, COMPRESSED[0x000000f4])

    Base Addr    Size         Type   Attr      Idx    E Section Name        Object

    0x20000000   0x00000004   Data   RW          254    .data               can.o
    0x20000004   0x00000009   Data   RW         1799    .data               stm32f4xx_hal.o
    0x2000000d   0x00000003   PAD
    0x20000010   0x00000004   Data   RW         3792    .data               system_stm32f4xx.o
    0x20000014   0x00000002   Data   RW         3833    .data               algorithmofcrc.o
    0x20000016   0x00000008   Data   RW         3893    .data               referee.o
    0x2000001e   0x00000002   PAD
    0x20000020   0x00000028   Data   RW         3965    .data               chassis.o
    0x20000048   0x00000004   Data   RW         4068    .data               agv_control.o
    0x2000004c   0x000001b0   Data   RW         4371    .data               ui.o
    0x200001fc   0x000000dc   Data   RW         4453    .data               drv_can.o
    0x200002d8   0x00000008   Data   RW         4824    .data               chassis_task.o
    0x200002e0   0x00000050   Zero   RW          253    .bss                can.o
    0x20000330   0x00000020   Zero   RW          325    .bss                rtc.o
    0x20000350   0x00000090   Zero   RW          368    .bss                tim.o
    0x200003e0   0x00000108   Zero   RW          415    .bss                usart.o
    0x200004e8   0x000008d4   Zero   RW         3892    .bss                referee.o
    0x20000dbc   0x00000226   Zero   RW         3964    .bss                chassis.o
    0x20000fe2   0x00000002   PAD
    0x20000fe4   0x00000030   Zero   RW         4067    .bss                agv_control.o
    0x20001014   0x00000044   Zero   RW         4120    .bss                gimbal_connection.o
    0x20001058   0x0000015a   Zero   RW         4370    .bss                ui.o
    0x200011b2   0x00000002   PAD
    0x200011b4   0x00000058   Zero   RW         4452    .bss                drv_can.o
    0x2000120c   0x00000060   Zero   RW         5182    .bss                c_w.l(libspace.o)
    0x2000126c   0x00000004   PAD
    0x20001270   0x00000200   Zero   RW            2    HEAP                startup_stm32f407xx.o
    0x20001470   0x00000400   Zero   RW            1    STACK               startup_stm32f407xx.o


    Execution Region RW_IRAM2 (Base: 0x2001c000, Size: 0x00000000, Max: 0x00004000, ABSOLUTE)

    **** No section assigned to this execution region ****


==============================================================================

Image component sizes


      Code (inc. data)   RO Data    RW Data    ZI Data      Debug   Object Name

      1254         58          0          4         48       5978   agv_control.o
       282         20        770          2          0       5078   algorithmofcrc.o
       560         44          0          4         80       2470   can.o
       236         28          0          0          0       1728   can_connection.o
      1668        144          0         40        550       8258   chassis.o
       256         16          0          8          0       2737   chassis_task.o
        72          4          0          0          0        766   dma.o
       594         50          0        220         88       7772   drv_can.o
       258          0          0          0          0      10171   fifo.o
       128          0          0          0         68       3964   gimbal_connection.o
       160          4          0          0          0        923   gpio.o
      3184         94          0          0          0       4975   kinematic.o
       254         16          0          0          0     719802   main.o
       422         36          0          0          0       5215   motor.o
      1588         46          0          0          0       8671   pid.o
      1092         98          0          8       2260       9742   referee.o
       112         18          0          0         32       1531   rtc.o
        64         26        392          0       1536        840   startup_stm32f407xx.o
       172         32          0          9          0       8733   stm32f4xx_hal.o
      2200          6          0          0          0      14449   stm32f4xx_hal_can.o
       312         22          0          0          0      34315   stm32f4xx_hal_cortex.o
      1034         16          8          0          0       3880   stm32f4xx_hal_dma.o
       500         46          0          0          0       1452   stm32f4xx_hal_gpio.o
        72          4          0          0          0        850   stm32f4xx_hal_msp.o
      1820         84          0          0          0       5600   stm32f4xx_hal_rcc.o
       416         20          0          0          0       1400   stm32f4xx_hal_rcc_ex.o
       356          8          0          0          0       3275   stm32f4xx_hal_rtc.o
      1260         76          0          0          0       9815   stm32f4xx_hal_tim.o
       184         30          0          0          0       2517   stm32f4xx_hal_tim_ex.o
      1112         10          0          0          0       4564   stm32f4xx_hal_uart.o
       178         54          0          0          0       8690   stm32f4xx_it.o
        20          6         24          4          0       1123   system_stm32f4xx.o
       316         32          0          0        144       2307   tim.o
      1984        156          0        432        346       9307   ui.o
       356         36          0          0        264       1888   usart.o

    ----------------------------------------------------------------------
     24514       1340       1230        736       5420     914786   Object Totals
         0          0         32          0          0          0   (incl. Generated)
        38          0          4          5          4          0   (incl. Padding)

    ----------------------------------------------------------------------

      Code (inc. data)   RO Data    RW Data    ZI Data      Debug   Library Member Name

        90          0          0          0          0          0   __dczerorl2.o
         8          0          0          0          0         68   __main.o
         0          0          0          0          0          0   __rtentry.o
        12          0          0          0          0          0   __rtentry2.o
         6          0          0          0          0          0   __rtentry4.o
        52          8          0          0          0          0   __scatter.o
        28          0          0          0          0          0   __scatter_zi.o
        22          0          0          0          0        100   _rserrno.o
        18          0          0          0          0         80   exit.o
         6          0          0          0          0        152   heapauxi.o
         0          0          0          0          0          0   indicate_semi.o
         2          0          0          0          0          0   libinit.o
         6          0          0          0          0          0   libinit2.o
         2          0          0          0          0          0   libshutdown.o
         2          0          0          0          0          0   libshutdown2.o
         8          4          0          0         96         68   libspace.o
       238          0          0          0          0        100   lludivv7m.o
         8          4          0          0          0         68   rt_errno_addr_intlibspace.o
        68          0          0          0          0         68   rt_memclr.o
        78          0          0          0          0         80   rt_memclr_w.o
       138          0          0          0          0         68   rt_memcpy_v6.o
       100          0          0          0          0         80   rt_memcpy_w.o
         2          0          0          0          0          0   rtexit.o
        10          0          0          0          0          0   rtexit2.o
        72          0          0          0          0         80   strcpy.o
        12          4          0          0          0         68   sys_exit.o
        74          0          0          0          0         80   sys_stackheap_outer.o
         2          0          0          0          0         68   use_no_semi.o
        24          0          0          0          0        164   basic.o
        98          4          0          0          0        140   d2f.o
       826         16          0          0          0        492   daddsub_clz.o
       688        140          0          0          0        256   ddiv.o
        94          4          0          0          0        140   dfix.o
        84          0          0          0          0        232   dflt_clz.o
       340         12          0          0          0        152   dmul.o
       156          4          0          0          0        140   dnaninf.o
        12          0          0          0          0        116   dretinf.o
       408         56          0          0          0        168   dsqrt_umaal.o
        86          4          0          0          0        132   f2d.o
       140          4          0          0          0        132   fnaninf.o
        10          0          0          0          0        116   fpinit.o
        10          0          0          0          0        116   fretinf.o
         0          0          0          0          0          0   usenofp.o
       744        106        152          0          0        352   atan.o
       496         64          0          0          0        192   atan2.o
       200         20          0          0          0        164   cos.o
       368         46         48          0          0        200   cos_i.o
       104         16          0          0          0        496   dunder.o
        24          0          0          0          0        124   fabs.o
        48          0          0          0          0        124   fpclassify.o
       248          0          0          0          0        152   poly.o
         0          0          8          0          0          0   qnan.o
      1080        142        200          0          0        188   rred.o
       200         20          0          0          0        164   sin.o
       304         24         40          0          0        208   sin_i.o
       122          0          0          0          0        148   sqrt.o

    ----------------------------------------------------------------------
      8000        702        448          0        100       6236   Library Totals
        22          0          0          0          4          0   (incl. Padding)

    ----------------------------------------------------------------------

      Code (inc. data)   RO Data    RW Data    ZI Data      Debug   Library Name

      1064         20          0          0         96       1228   c_w.l
      2976        244          0          0          0       2496   fz_wm.l
      3938        438        448          0          0       2512   m_wm.l

    ----------------------------------------------------------------------
      8000        702        448          0        100       6236   Library Totals

    ----------------------------------------------------------------------

==============================================================================


      Code (inc. data)   RO Data    RW Data    ZI Data      Debug   

     32514       2042       1678        736       5520     900850   Grand Totals
     32514       2042       1678        244       5520     900850   ELF Image Totals (compressed)
     32514       2042       1678        244          0          0   ROM Totals

==============================================================================

    Total RO  Size (Code + RO Data)                34192 (  33.39kB)
    Total RW  Size (RW Data + ZI Data)              6256 (   6.11kB)
    Total ROM Size (Code + RO Data + RW Data)      34436 (  33.63kB)

==============================================================================

