Component: ARM Compiler 5.06 update 4 (build 422) Tool: armlink [4d35d2]

==============================================================================

Section Cross References

    startup_stm32f407xx.o(STACK) refers (Special) to heapauxi.o(.text) for __use_two_region_memory
    startup_stm32f407xx.o(HEAP) refers (Special) to heapauxi.o(.text) for __use_two_region_memory
    startup_stm32f407xx.o(RESET) refers (Special) to heapauxi.o(.text) for __use_two_region_memory
    startup_stm32f407xx.o(RESET) refers to startup_stm32f407xx.o(STACK) for __initial_sp
    startup_stm32f407xx.o(RESET) refers to startup_stm32f407xx.o(.text) for Reset_Handler
    startup_stm32f407xx.o(RESET) refers to stm32f4xx_it.o(i.NMI_Handler) for NMI_Handler
    startup_stm32f407xx.o(RESET) refers to stm32f4xx_it.o(i.HardFault_Handler) for HardFault_Handler
    startup_stm32f407xx.o(RESET) refers to stm32f4xx_it.o(i.MemManage_Handler) for MemManage_Handler
    startup_stm32f407xx.o(RESET) refers to stm32f4xx_it.o(i.BusFault_Handler) for BusFault_Handler
    startup_stm32f407xx.o(RESET) refers to stm32f4xx_it.o(i.UsageFault_Handler) for UsageFault_Handler
    startup_stm32f407xx.o(RESET) refers to stm32f4xx_it.o(i.SVC_Handler) for SVC_Handler
    startup_stm32f407xx.o(RESET) refers to stm32f4xx_it.o(i.DebugMon_Handler) for DebugMon_Handler
    startup_stm32f407xx.o(RESET) refers to stm32f4xx_it.o(i.PendSV_Handler) for PendSV_Handler
    startup_stm32f407xx.o(RESET) refers to stm32f4xx_it.o(i.SysTick_Handler) for SysTick_Handler
    startup_stm32f407xx.o(RESET) refers to stm32f4xx_it.o(i.EXTI3_IRQHandler) for EXTI3_IRQHandler
    startup_stm32f407xx.o(RESET) refers to stm32f4xx_it.o(i.EXTI4_IRQHandler) for EXTI4_IRQHandler
    startup_stm32f407xx.o(RESET) refers to stm32f4xx_it.o(i.DMA1_Stream1_IRQHandler) for DMA1_Stream1_IRQHandler
    startup_stm32f407xx.o(RESET) refers to stm32f4xx_it.o(i.CAN1_TX_IRQHandler) for CAN1_TX_IRQHandler
    startup_stm32f407xx.o(RESET) refers to stm32f4xx_it.o(i.CAN1_RX0_IRQHandler) for CAN1_RX0_IRQHandler
    startup_stm32f407xx.o(RESET) refers to stm32f4xx_it.o(i.EXTI9_5_IRQHandler) for EXTI9_5_IRQHandler
    startup_stm32f407xx.o(RESET) refers to stm32f4xx_it.o(i.TIM1_BRK_TIM9_IRQHandler) for TIM1_BRK_TIM9_IRQHandler
    startup_stm32f407xx.o(RESET) refers to stm32f4xx_it.o(i.TIM3_IRQHandler) for TIM3_IRQHandler
    startup_stm32f407xx.o(RESET) refers to remote_control.o(i.USART3_IRQHandler) for USART3_IRQHandler
    startup_stm32f407xx.o(RESET) refers to stm32f4xx_it.o(i.DMA2_Stream1_IRQHandler) for DMA2_Stream1_IRQHandler
    startup_stm32f407xx.o(RESET) refers to bsp_imu.o(i.DMA2_Stream2_IRQHandler) for DMA2_Stream2_IRQHandler
    startup_stm32f407xx.o(RESET) refers to stm32f4xx_it.o(i.DMA2_Stream3_IRQHandler) for DMA2_Stream3_IRQHandler
    startup_stm32f407xx.o(RESET) refers to stm32f4xx_it.o(i.CAN2_TX_IRQHandler) for CAN2_TX_IRQHandler
    startup_stm32f407xx.o(RESET) refers to stm32f4xx_it.o(i.CAN2_RX0_IRQHandler) for CAN2_RX0_IRQHandler
    startup_stm32f407xx.o(RESET) refers to stm32f4xx_it.o(i.OTG_FS_IRQHandler) for OTG_FS_IRQHandler
    startup_stm32f407xx.o(RESET) refers to stm32f4xx_it.o(i.DMA2_Stream6_IRQHandler) for DMA2_Stream6_IRQHandler
    startup_stm32f407xx.o(RESET) refers to stm32f4xx_it.o(i.USART6_IRQHandler) for USART6_IRQHandler
    startup_stm32f407xx.o(.text) refers (Special) to heapauxi.o(.text) for __use_two_region_memory
    startup_stm32f407xx.o(.text) refers to system_stm32f4xx.o(i.SystemInit) for SystemInit
    startup_stm32f407xx.o(.text) refers to __main.o(!!!main) for __main
    startup_stm32f407xx.o(.text) refers to startup_stm32f407xx.o(HEAP) for Heap_Mem
    startup_stm32f407xx.o(.text) refers to startup_stm32f407xx.o(STACK) for Stack_Mem
    bmi088driver.o(i.BMI088_accel_read_over) refers to bmi088driver.o(.data) for BMI088_ACCEL_SEN
    bmi088driver.o(i.BMI088_gyro_read_over) refers to bmi088driver.o(.data) for BMI088_GYRO_SEN
    bmi088driver.o(i.BMI088_init) refers to bmi088middleware.o(i.BMI088_GPIO_init) for BMI088_GPIO_init
    bmi088driver.o(i.BMI088_init) refers to bmi088middleware.o(i.BMI088_com_init) for BMI088_com_init
    bmi088driver.o(i.BMI088_init) refers to bmi088driver.o(i.bmi088_accel_self_test) for bmi088_accel_self_test
    bmi088driver.o(i.BMI088_init) refers to bmi088driver.o(i.bmi088_accel_init) for bmi088_accel_init
    bmi088driver.o(i.BMI088_init) refers to bmi088driver.o(i.bmi088_gyro_self_test) for bmi088_gyro_self_test
    bmi088driver.o(i.BMI088_init) refers to bmi088driver.o(i.bmi088_gyro_init) for bmi088_gyro_init
    bmi088driver.o(i.BMI088_read) refers to bmi088middleware.o(i.BMI088_ACCEL_NS_L) for BMI088_ACCEL_NS_L
    bmi088driver.o(i.BMI088_read) refers to bmi088middleware.o(i.BMI088_read_write_byte) for BMI088_read_write_byte
    bmi088driver.o(i.BMI088_read) refers to bmi088driver.o(i.BMI088_read_muli_reg) for BMI088_read_muli_reg
[...]
    bmi088_gyro_self_test                    0x080118e5   Thumb Code   208  bmi088driver.o(i.bmi088_gyro_self_test)
    buzzerBsp_checkTickTolerance             0x080119b5   Thumb Code    18  buzzer_bsp.o(i.buzzerBsp_checkTickTolerance)
    buzzerBsp_setSwitch                      0x080119c7   Thumb Code    20  buzzer_bsp.o(i.buzzerBsp_setSwitch)
    buzzerBsp_setTimer                       0x080119db   Thumb Code    20  buzzer_bsp.o(i.buzzerBsp_setTimer)
    buzzer_getTick                           0x080119ef   Thumb Code    20  buzzer.o(i.buzzer_getTick)
    buzzer_handleInit                        0x08011a05   Thumb Code    38  buzzer.o(i.buzzer_handleInit)
    buzzer_init_example                      0x08011a39   Thumb Code    62  buzzer.o(i.buzzer_init_example)
    buzzer_playCalibrated                    0x08011a85   Thumb Code   112  buzzer.o(i.buzzer_playCalibrated)
    buzzer_playCalibrating                   0x08011af5   Thumb Code   112  buzzer.o(i.buzzer_playCalibrating)
    buzzer_playDeviceOffline                 0x08011b65   Thumb Code   112  buzzer.o(i.buzzer_playDeviceOffline)
    buzzer_playDjiStartUp                    0x08011bd5   Thumb Code   136  buzzer.o(i.buzzer_playDjiStartUp)
    buzzer_playTone                          0x08011c5d   Thumb Code   134  buzzer.o(i.buzzer_playTone)
    buzzer_setState                          0x08011cf5   Thumb Code    32  buzzer.o(i.buzzer_setState)
    buzzer_setTask                           0x08011d15   Thumb Code    18  buzzer.o(i.buzzer_setTask)
    buzzer_taskScheduler                     0x08011d27   Thumb Code   140  buzzer.o(i.buzzer_taskScheduler)
    buzzzerBsp_getTick                       0x08011db3   Thumb Code    16  buzzer_bsp.o(i.buzzzerBsp_getTick)
    calc_distance                            0x08011dc3   Thumb Code    52  vision.o(i.calc_distance)
    calc_pitch                               0x08011df9   Thumb Code   392  vision.o(i.calc_pitch)
    calc_yaw                                 0x08011f9d   Thumb Code    98  vision.o(i.calc_yaw)
    can_filter_mask_config                   0x0801200d   Thumb Code   110  drv_can.o(i.can_filter_mask_config)
    cdc_vcp_data_rx                          0x0801207d   Thumb Code   108  usbd_cdc_if.o(i.cdc_vcp_data_rx)
    delay_init                               0x080120f5   Thumb Code    32  delay.o(i.delay_init)
    delay_ms                                 0x08012125   Thumb Code    76  delay.o(i.delay_ms)
    delay_us                                 0x08012175   Thumb Code    76  delay.o(i.delay_us)
    fabs                                     0x080126f5   Thumb Code    24  fabs.o(i.fabs)
    get_angle                                0x0801270d   Thumb Code   220  bsp_imu.o(i.get_angle)
    imu_pwm_set                              0x08012a7d   Thumb Code     8  bsp_imu_pwm.o(i.imu_pwm_set)
    int16_abs                                0x08012b39   Thumb Code    16  remote_control.o(i.int16_abs)
    invSqrt                                  0x08012b49   Thumb Code    56  mahonyahrs.o(i.invSqrt)
    ist8310_IIC_read_muli_reg                0x08012b85   Thumb Code    30  ist8310driver_middleware.o(i.ist8310_IIC_read_muli_reg)
    ist8310_read_mag                         0x08012ba9   Thumb Code   136  ist8310driver.o(i.ist8310_read_mag)
    main                                     0x08012c35   Thumb Code    98  main.o(i.main)
    meanFilter                               0x08012ca5   Thumb Code    50  fric.o(i.meanFilter)
    rc_control_cali                          0x08012d71   Thumb Code   102  remote_control.o(i.rc_control_cali)
    remote_control_init                      0x08012ddd   Thumb Code    16  remote_control.o(i.remote_control_init)
    sqrt                                     0x08012f41   Thumb Code   110  sqrt.o(i.sqrt)
    sqrtf                                    0x08012faf   Thumb Code    62  sqrtf.o(i.sqrtf)
    __aeabi_dneg                             0x08012fed   Thumb Code     0  basic.o(x$fpl$basic)
    _dneg                                    0x08012fed   Thumb Code     6  basic.o(x$fpl$basic)
    __aeabi_fneg                             0x08012ff3   Thumb Code     0  basic.o(x$fpl$basic)
    _fneg                                    0x08012ff3   Thumb Code     6  basic.o(x$fpl$basic)
    _dabs                                    0x08012ff9   Thumb Code     6  basic.o(x$fpl$basic)
    _fabs                                    0x08012fff   Thumb Code     6  basic.o(x$fpl$basic)
    __aeabi_d2f                              0x08013005   Thumb Code     0  d2f.o(x$fpl$d2f)
    _d2f                                     0x08013005   Thumb Code    98  d2f.o(x$fpl$d2f)
    __aeabi_dadd                             0x08013069   Thumb Code     0  daddsub_clz.o(x$fpl$dadd)
    _dadd                                    0x08013069   Thumb Code   332  daddsub_clz.o(x$fpl$dadd)
    __fpl_dcheck_NaN1                        0x080131b9   Thumb Code    10  dcheck1.o(x$fpl$dcheck1)
    __fpl_dcmp_Inf                           0x080131c9   Thumb Code    24  dcmpi.o(x$fpl$dcmpinf)
    __aeabi_ddiv                             0x080131e1   Thumb Code     0  ddiv.o(x$fpl$ddiv)
    _ddiv                                    0x080131e1   Thumb Code   552  ddiv.o(x$fpl$ddiv)
    __aeabi_d2iz                             0x08013491   Thumb Code     0  dfix.o(x$fpl$dfix)
    _dfix                                    0x08013491   Thumb Code    94  dfix.o(x$fpl$dfix)
    __aeabi_i2d                              0x080134ef   Thumb Code     0  dflt_clz.o(x$fpl$dflt)
    _dflt                                    0x080134ef   Thumb Code    46  dflt_clz.o(x$fpl$dflt)
    __aeabi_ui2d                             0x0801351d   Thumb Code     0  dflt_clz.o(x$fpl$dfltu)
    _dfltu                                   0x0801351d   Thumb Code    38  dflt_clz.o(x$fpl$dfltu)
    __aeabi_cdcmple                          0x08013545   Thumb Code     0  dleqf.o(x$fpl$dleqf)
    _dcmple                                  0x08013545   Thumb Code   120  dleqf.o(x$fpl$dleqf)
    __fpl_dcmple_InfNaN                      0x080135a7   Thumb Code     0  dleqf.o(x$fpl$dleqf)
    __aeabi_dmul                             0x080135bd   Thumb Code     0  dmul.o(x$fpl$dmul)
    _dmul                                    0x080135bd   Thumb Code   332  dmul.o(x$fpl$dmul)
    __fpl_dnaninf                            0x08013711   Thumb Code   156  dnaninf.o(x$fpl$dnaninf)
    __fpl_dretinf                            0x080137ad   Thumb Code    12  dretinf.o(x$fpl$dretinf)
    __aeabi_cdrcmple                         0x080137b9   Thumb Code     0  drleqf.o(x$fpl$drleqf)
    _drcmple                                 0x080137b9   Thumb Code   108  drleqf.o(x$fpl$drleqf)
    __aeabi_drsub                            0x08013825   Thumb Code     0  daddsub_clz.o(x$fpl$drsb)
    _drsb                                    0x08013825   Thumb Code    22  daddsub_clz.o(x$fpl$drsb)
    _dsqrt                                   0x0801383d   Thumb Code   404  dsqrt_umaal.o(x$fpl$dsqrt)
    __aeabi_dsub                             0x080139d5   Thumb Code     0  daddsub_clz.o(x$fpl$dsub)
    _dsub                                    0x080139d5   Thumb Code   464  daddsub_clz.o(x$fpl$dsub)
    __aeabi_f2d                              0x08013ba9   Thumb Code     0  f2d.o(x$fpl$f2d)
    _f2d                                     0x08013ba9   Thumb Code    86  f2d.o(x$fpl$f2d)
    __fpl_fnaninf                            0x08013bff   Thumb Code   140  fnaninf.o(x$fpl$fnaninf)
    _fp_init                                 0x08013c8b   Thumb Code    10  fpinit.o(x$fpl$fpinit)
    __fplib_config_fpu_vfp                   0x08013c93   Thumb Code     0  fpinit.o(x$fpl$fpinit)
    __fplib_config_pureend_doubles           0x08013c93   Thumb Code     0  fpinit.o(x$fpl$fpinit)
    __fpl_fretinf                            0x08013c95   Thumb Code    10  fretinf.o(x$fpl$fretinf)
    __fpl_return_NaN                         0x08013c9f   Thumb Code   100  retnan.o(x$fpl$retnan)
    __ARM_scalbn                             0x08013d03   Thumb Code    92  scalbn.o(x$fpl$scalbn)
    __fpl_cmpreturn                          0x08013d5f   Thumb Code    48  trapv.o(x$fpl$trapveneer)
    __I$use$fp                               0x08013d8e   Number         0  usenofp.o(x$fpl$usenofp)
    AHBPrescTable                            0x08013db4   Data          16  system_stm32f4xx.o(.constdata)
    APBPrescTable                            0x08013dc4   Data           8  system_stm32f4xx.o(.constdata)
    __mathlib_zero                           0x08014088   Data           8  qnan.o(.constdata)
    Region$$Table$$Base                      0x080141a0   Number         0  anon$$obj.o(Region$$Table)
    Region$$Table$$Limit                     0x080141c0   Number         0  anon$$obj.o(Region$$Table)
    BMI088_ACCEL_SEN                         0x20000000   Data           4  bmi088driver.o(.data)
    BMI088_GYRO_SEN                          0x20000004   Data           4  bmi088driver.o(.data)
    imu_temp_pid_data                        0x2000002c   Data          56  bsp_imu.o(.data)
    gyro_dma_rx_buf                          0x20000064   Data           8  bsp_imu.o(.data)
    gyro_dma_tx_buf                          0x2000006c   Data           8  bsp_imu.o(.data)
    accel_dma_tx_buf                         0x20000074   Data           9  bsp_imu.o(.data)
    accel_temp_dma_rx_buf                    0x2000007d   Data           4  bsp_imu.o(.data)
    accel_temp_dma_tx_buf                    0x20000081   Data           4  bsp_imu.o(.data)
    gyro_update_flag                         0x20000085   Data           1  bsp_imu.o(.data)
    accel_update_flag                        0x20000086   Data           1  bsp_imu.o(.data)
    accel_temp_update_flag                   0x20000087   Data           1  bsp_imu.o(.data)
    mag_update_flag                          0x20000088   Data           1  bsp_imu.o(.data)
    imu_start_dma_flag                       0x20000089   Data           1  bsp_imu.o(.data)
    gyro_scale_factor                        0x2000008c   Data          36  bsp_imu.o(.data)
    gyro_offset                              0x200000b0   Data          12  bsp_imu.o(.data)
    accel_scale_factor                       0x200000bc   Data          36  bsp_imu.o(.data)
    mag_scale_factor                         0x200000e0   Data          36  bsp_imu.o(.data)
    exit_flag                                0x20000105   Data           1  bsp_imu.o(.data)
    twoKp                                    0x20000110   Data           4  mahonyahrs.o(.data)
    twoKi                                    0x20000114   Data           4  mahonyahrs.o(.data)
    integralFBx                              0x20000118   Data           4  mahonyahrs.o(.data)
    integralFBy                              0x2000011c   Data           4  mahonyahrs.o(.data)
    integralFBz                              0x20000120   Data           4  mahonyahrs.o(.data)
    uwTick                                   0x20000128   Data           4  stm32f4xx_hal.o(.data)
    uwTickPrio                               0x2000012c   Data           4  stm32f4xx_hal.o(.data)
    uwTickFreq                               0x20000130   Data           1  stm32f4xx_hal.o(.data)
    SystemCoreClock                          0x20000134   Data           4  system_stm32f4xx.o(.data)
    xpower                                   0x20000138   Data           4  fric.o(.data)
    left_fric_data                           0x2000013c   Data          56  fric.o(.data)
    right_fric_data                          0x20000174   Data          56  fric.o(.data)
    gimbal_pitch_encoder_speed_data          0x200001ac   Data          56  gimbal.o(.data)
    gimbal_pitch_encoder_position_data       0x200001e4   Data          56  gimbal.o(.data)
    gimbal_pitch_imu_speed_data              0x2000021c   Data          56  gimbal.o(.data)
    gimbal_pitch_imu_position_data           0x20000254   Data          56  gimbal.o(.data)
    gimbal_yaw_encoder_speed_data            0x2000028c   Data          56  gimbal.o(.data)
    gimbal_yaw_encoder_position_data         0x200002c4   Data          56  gimbal.o(.data)
    gimbal_yaw_imu_speed_data                0x200002fc   Data          56  gimbal.o(.data)
    gimbal_yaw_imu_position_data             0x20000334   Data          56  gimbal.o(.data)
    test                                     0x2000036c   Data           4  gimbal.o(.data)
    Transmission_Mode                        0x20000370   Data           4  remote_control.o(.data)
    gimbal_time                              0x20000376   Data           5  task_schedule.o(.data)
    cnt                                      0x2000037c   Data           2  task_schedule.o(.data)
    pwmVal                                   0x2000037e   Data           2  task_schedule.o(.data)
    x_offset                                 0x20000380   Data           4  vision.o(.data)
    y_offset                                 0x20000384   Data           4  vision.o(.data)
    z_offset                                 0x20000388   Data           4  vision.o(.data)
    Trigger_Angle_Loop_Data                  0x2000038c   Data          56  trigger.o(.data)
    Trigger_Speed_Loop_Data                  0x200003c4   Data          56  trigger.o(.data)
    trigger_time                             0x200003fc   Data           4  trigger.o(.data)
    CAN1_0x1ff_Tx_Data                       0x20000400   Data           8  drv_can.o(.data)
    CAN1_0x200_Tx_Data                       0x20000408   Data           8  drv_can.o(.data)
    CAN1_0x2ff_Tx_Data                       0x20000410   Data           8  drv_can.o(.data)
    CAN1_0xxf1_Tx_Data                       0x20000418   Data           8  drv_can.o(.data)
    CAN1_0xxf2_Tx_Data                       0x20000420   Data           8  drv_can.o(.data)
    CAN1_0xxf3_Tx_Data                       0x20000428   Data           8  drv_can.o(.data)
    CAN1_0xxf4_Tx_Data                       0x20000430   Data           8  drv_can.o(.data)
    CAN1_0xxf5_Tx_Data                       0x20000438   Data           8  drv_can.o(.data)
    CAN1_0xxf6_Tx_Data                       0x20000440   Data           8  drv_can.o(.data)
    CAN1_0xxf7_Tx_Data                       0x20000448   Data           8  drv_can.o(.data)
    CAN1_0xxf8_Tx_Data                       0x20000450   Data           8  drv_can.o(.data)
    CAN2_0x1ff_Tx_Data                       0x20000458   Data           8  drv_can.o(.data)
    CAN2_0x200_Tx_Data                       0x20000460   Data           8  drv_can.o(.data)
    CAN2_0x2ff_Tx_Data                       0x20000468   Data           8  drv_can.o(.data)
    CAN2_0xxf1_Tx_Data                       0x20000470   Data           8  drv_can.o(.data)
    CAN2_0xxf2_Tx_Data                       0x20000478   Data           8  drv_can.o(.data)
    CAN2_0xxf3_Tx_Data                       0x20000480   Data           8  drv_can.o(.data)
    CAN2_0xxf4_Tx_Data                       0x20000488   Data           8  drv_can.o(.data)
    CAN2_0xxf5_Tx_Data                       0x20000490   Data           8  drv_can.o(.data)
    CAN2_0xxf6_Tx_Data                       0x20000498   Data           8  drv_can.o(.data)
    CAN2_0xxf7_Tx_Data                       0x200004a0   Data           8  drv_can.o(.data)
    CAN2_0xxf8_Tx_Data                       0x200004a8   Data           8  drv_can.o(.data)
    CAN2_0x150_Tx_Data                       0x200004b0   Data           8  drv_can.o(.data)
    CAN2_0x152_Tx_Data                       0x200004b8   Data           8  drv_can.o(.data)
    CAN2_0x154_Tx_Data                       0x200004c0   Data           8  drv_can.o(.data)
    FS_Desc                                  0x200004cc   Data          28  usbd_desc.o(.data)
    USBD_LangIDDesc                          0x200004e8   Data           4  usbd_desc.o(.data)
    USBD_FS_DeviceDesc                       0x200004ec   Data          18  usbd_desc.o(.data)
    USBD_StringSerial                        0x20000500   Data          26  usbd_desc.o(.data)
    start_receive_flag                       0x2000051c   Data           1  usbd_cdc_if.o(.data)
    time3                                    0x20000520   Data           4  usbd_cdc_if.o(.data)
    time4                                    0x20000524   Data           4  usbd_cdc_if.o(.data)
    USBD_Interface_fops_FS                   0x20000528   Data          20  usbd_cdc_if.o(.data)
    USBD_CDC                                 0x20000594   Data          56  usbd_cdc.o(.data)
    imu_temp_pid                             0x200005cc   Data         144  bsp_imu.o(.bss)
    accel_dma_rx_buf                         0x2000065c   Data           9  bsp_imu.o(.bss)
    bmi088_real_data                         0x20000668   Data          36  bsp_imu.o(.bss)
    ist8310_real_data                        0x2000068c   Data          16  bsp_imu.o(.bss)
    temp_gyro_offset                         0x2000069c   Data          12  bsp_imu.o(.bss)
    gyro_cali_offset                         0x200006a8   Data          12  bsp_imu.o(.bss)
    accel_offset                             0x200006b4   Data          12  bsp_imu.o(.bss)
    accel_cali_offset                        0x200006c0   Data          12  bsp_imu.o(.bss)
    mag_offset                               0x200006cc   Data          12  bsp_imu.o(.bss)
    mag_cali_offset                          0x200006d8   Data          12  bsp_imu.o(.bss)
    INS_gyro                                 0x20000708   Data          12  bsp_imu.o(.bss)
    INS_quat                                 0x2000072c   Data          16  bsp_imu.o(.bss)
    INS_angle                                0x2000073c   Data          12  bsp_imu.o(.bss)
    hcan1                                    0x20000748   Data          40  can.o(.bss)
    hcan2                                    0x20000770   Data          40  can.o(.bss)
    hi2c3                                    0x20000798   Data          84  i2c.o(.bss)
    hspi1                                    0x200007ec   Data          88  spi.o(.bss)
    hdma_spi1_rx                             0x20000844   Data          96  spi.o(.bss)
    hdma_spi1_tx                             0x200008a4   Data          96  spi.o(.bss)
    htim3                                    0x20000904   Data          72  tim.o(.bss)
    htim4                                    0x2000094c   Data          72  tim.o(.bss)
    htim8                                    0x20000994   Data          72  tim.o(.bss)
    htim9                                    0x200009dc   Data          72  tim.o(.bss)
    htim10                                   0x20000a24   Data          72  tim.o(.bss)
    huart3                                   0x20000a6c   Data          72  usart.o(.bss)
    huart6                                   0x20000ab4   Data          72  usart.o(.bss)
    hdma_usart3_rx                           0x20000afc   Data          96  usart.o(.bss)
    hdma_usart6_rx                           0x20000b5c   Data          96  usart.o(.bss)
    hdma_usart6_tx                           0x20000bbc   Data          96  usart.o(.bss)
    chassis                                  0x20000c1c   Data          44  can_connection.o(.bss)
    fric                                     0x20000c48   Data         812  fric.o(.bss)
    gimbal                                   0x20000f74   Data        1508  gimbal.o(.bss)
    delay_time                               0x20001558   Data          18  remote_control.o(.bss)
    RC                                       0x2000156a   Data          59  remote_control.o(.bss)
    vision_control                           0x200015f0   Data          32  vision.o(.bss)
    trigger                                  0x20001610   Data         412  trigger.o(.bss)
    buzzer                                   0x200017ac   Data          36  buzzer.o(.bss)
    CAN1_Manage_Object                       0x200017d0   Data          44  drv_can.o(.bss)
    CAN2_Manage_Object                       0x200017fc   Data          44  drv_can.o(.bss)
    hUsbDeviceFS                             0x20001828   Data         732  usb_device.o(.bss)
    USBD_StrDesc                             0x20001b04   Data         512  usbd_desc.o(.bss)
    UserRxBufferFS                           0x20001d04   Data        2048  usbd_cdc_if.o(.bss)
    UserTxBufferFS                           0x20002504   Data        2048  usbd_cdc_if.o(.bss)
    Buffer                                   0x20002d04   Data          34  usbd_cdc_if.o(.bss)
    pack                                     0x20002d26   Data          17  usbd_cdc_if.o(.bss)
    receive_data                             0x20002d37   Data          36  usbd_cdc_if.o(.bss)
    pack_rx                                  0x20002d5b   Data          24  usbd_cdc_if.o(.bss)
    hpcd_USB_OTG_FS                          0x20002f94   Data        1252  usbd_conf.o(.bss)
    __libspace_start                         0x20003478   Data          96  libspace.o(.bss)
    __temporary_stack_top$libspace           0x200034d8   Data           0  libspace.o(.bss)



==============================================================================

Memory Map of the image

  Image Entry point : 0x08000189

  Load Region LR_IROM1 (Base: 0x08000000, Size: 0x0001478c, Max: 0x00100000, ABSOLUTE, COMPRESSED[0x000143e0])

    Execution Region ER_IROM1 (Base: 0x08000000, Size: 0x000141c0, Max: 0x00100000, ABSOLUTE)

    Base Addr    Size         Type   Attr      Idx    E Section Name        Object

    0x08000000   0x00000188   Data   RO            3    RESET               startup_stm32f407xx.o
    0x08000188   0x00000008   Code   RO         7556  * !!!main             c_w.l(__main.o)
    0x08000190   0x00000034   Code   RO         7941    !!!scatter          c_w.l(__scatter.o)
    0x080001c4   0x0000005a   Code   RO         7939    !!dczerorl2         c_w.l(__dczerorl2.o)
    0x0800021e   0x00000002   PAD
    0x08000220   0x0000001c   Code   RO         7943    !!handler_zi        c_w.l(__scatter_zi.o)
    0x0800023c   0x00000002   Code   RO         7808    .ARM.Collect$$libinit$$00000000  c_w.l(libinit.o)
    0x0800023e   0x00000004   Code   RO         7819    .ARM.Collect$$libinit$$00000001  c_w.l(libinit2.o)
    0x08000242   0x00000000   Code   RO         7822    .ARM.Collect$$libinit$$00000004  c_w.l(libinit2.o)
    0x08000242   0x00000000   Code   RO         7825    .ARM.Collect$$libinit$$0000000A  c_w.l(libinit2.o)
    0x08000242   0x00000000   Code   RO         7827    .ARM.Collect$$libinit$$0000000C  c_w.l(libinit2.o)
    0x08000242   0x00000000   Code   RO         7829    .ARM.Collect$$libinit$$0000000E  c_w.l(libinit2.o)
    0x08000242   0x00000000   Code   RO         7832    .ARM.Collect$$libinit$$00000011  c_w.l(libinit2.o)
    0x08000242   0x00000000   Code   RO         7834    .ARM.Collect$$libinit$$00000013  c_w.l(libinit2.o)
    0x08000242   0x00000000   Code   RO         7836    .ARM.Collect$$libinit$$00000015  c_w.l(libinit2.o)
    0x08000242   0x00000000   Code   RO         7838    .ARM.Collect$$libinit$$00000017  c_w.l(libinit2.o)
    0x08000242   0x00000000   Code   RO         7840    .ARM.Collect$$libinit$$00000019  c_w.l(libinit2.o)
    0x08000242   0x00000000   Code   RO         7842    .ARM.Collect$$libinit$$0000001B  c_w.l(libinit2.o)
    0x08000242   0x00000000   Code   RO         7844    .ARM.Collect$$libinit$$0000001D  c_w.l(libinit2.o)
    0x08000242   0x00000000   Code   RO         7846    .ARM.Collect$$libinit$$0000001F  c_w.l(libinit2.o)
    0x08000242   0x00000000   Code   RO         7848    .ARM.Collect$$libinit$$00000021  c_w.l(libinit2.o)
    0x08000242   0x00000000   Code   RO         7850    .ARM.Collect$$libinit$$00000023  c_w.l(libinit2.o)
    0x08000242   0x00000000   Code   RO         7852    .ARM.Collect$$libinit$$00000025  c_w.l(libinit2.o)
    0x08000242   0x00000000   Code   RO         7856    .ARM.Collect$$libinit$$0000002C  c_w.l(libinit2.o)
    0x08000242   0x00000000   Code   RO         7858    .ARM.Collect$$libinit$$0000002E  c_w.l(libinit2.o)
    0x08000242   0x00000000   Code   RO         7860    .ARM.Collect$$libinit$$00000030  c_w.l(libinit2.o)
    0x08000242   0x00000000   Code   RO         7862    .ARM.Collect$$libinit$$00000032  c_w.l(libinit2.o)
    0x08000242   0x00000002   Code   RO         7863    .ARM.Collect$$libinit$$00000033  c_w.l(libinit2.o)
    0x08000244   0x00000002   Code   RO         7896    .ARM.Collect$$libshutdown$$00000000  c_w.l(libshutdown.o)
    0x08000246   0x00000000   Code   RO         7922    .ARM.Collect$$libshutdown$$00000002  c_w.l(libshutdown2.o)
    0x08000246   0x00000000   Code   RO         7924    .ARM.Collect$$libshutdown$$00000004  c_w.l(libshutdown2.o)
    0x08000246   0x00000000   Code   RO         7927    .ARM.Collect$$libshutdown$$00000007  c_w.l(libshutdown2.o)
    0x08000246   0x00000000   Code   RO         7930    .ARM.Collect$$libshutdown$$0000000A  c_w.l(libshutdown2.o)
    0x08000246   0x00000000   Code   RO         7932    .ARM.Collect$$libshutdown$$0000000C  c_w.l(libshutdown2.o)
    0x08000246   0x00000000   Code   RO         7935    .ARM.Collect$$libshutdown$$0000000F  c_w.l(libshutdown2.o)
    0x08000246   0x00000002   Code   RO         7936    .ARM.Collect$$libshutdown$$00000010  c_w.l(libshutdown2.o)
    0x08000248   0x00000000   Code   RO         7694    .ARM.Collect$$rtentry$$00000000  c_w.l(__rtentry.o)
    0x08000248   0x00000000   Code   RO         7769    .ARM.Collect$$rtentry$$00000002  c_w.l(__rtentry2.o)
    0x08000248   0x00000006   Code   RO         7781    .ARM.Collect$$rtentry$$00000004  c_w.l(__rtentry4.o)
    0x0800024e   0x00000000   Code   RO         7771    .ARM.Collect$$rtentry$$00000009  c_w.l(__rtentry2.o)
    0x0800024e   0x00000004   Code   RO         7772    .ARM.Collect$$rtentry$$0000000A  c_w.l(__rtentry2.o)
    0x08000252   0x00000000   Code   RO         7774    .ARM.Collect$$rtentry$$0000000C  c_w.l(__rtentry2.o)
    0x08000252   0x00000008   Code   RO         7775    .ARM.Collect$$rtentry$$0000000D  c_w.l(__rtentry2.o)
    0x0800025a   0x00000002   Code   RO         7811    .ARM.Collect$$rtexit$$00000000  c_w.l(rtexit.o)
    0x0800025c   0x00000000   Code   RO         7869    .ARM.Collect$$rtexit$$00000002  c_w.l(rtexit2.o)
    0x0800025c   0x00000004   Code   RO         7870    .ARM.Collect$$rtexit$$00000003  c_w.l(rtexit2.o)
    0x08000260   0x00000006   Code   RO         7871    .ARM.Collect$$rtexit$$00000004  c_w.l(rtexit2.o)
    0x08000266   0x00000002   PAD
    0x08000268   0x00000040   Code   RO            4    .text               startup_stm32f407xx.o
    0x080002a8   0x000000ee   Code   RO         7544    .text               c_w.l(lludivv7m.o)
    0x08000396   0x0000008a   Code   RO         7546    .text               c_w.l(rt_memcpy_v6.o)
    0x08000420   0x00000064   Code   RO         7548    .text               c_w.l(rt_memcpy_w.o)
    0x08000484   0x00000044   Code   RO         7550    .text               c_w.l(rt_memclr.o)
    0x080004c8   0x0000004e   Code   RO         7552    .text               c_w.l(rt_memclr_w.o)
    0x08000516   0x00000006   Code   RO         7554    .text               c_w.l(heapauxi.o)
    0x0800051c   0x00000016   Code   RO         7699    .text               c_w.l(_rserrno.o)
    0x08000532   0x00000002   PAD
    0x08000534   0x00000008   Code   RO         7788    .text               c_w.l(rt_errno_addr_intlibspace.o)
    0x0800053c   0x00000008   Code   RO         7792    .text               c_w.l(libspace.o)
    0x08000544   0x0000004a   Code   RO         7795    .text               c_w.l(sys_stackheap_outer.o)
    0x0800058e   0x00000012   Code   RO         7797    .text               c_w.l(exit.o)
    0x080005a0   0x0000000c   Code   RO         7866    .text               c_w.l(sys_exit.o)
    0x080005ac   0x00000002   Code   RO         7885    .text               c_w.l(use_no_semi.o)
    0x080005ae   0x00000000   Code   RO         7887    .text               c_w.l(indicate_semi.o)
    0x080005ae   0x00000002   PAD
    0x080005b0   0x00000028   Code   RO          346    i.AHRS_init         bsp_imu.o
    0x080005d8   0x00000064   Code   RO          347    i.AHRS_update       bsp_imu.o
    0x0800063c   0x00000028   Code   RO         6801    i.Append_CRC16_Check_Sum  usbd_cdc_if.o
    0x08000664   0x00000014   Code   RO          270    i.BMI088_ACCEL_NS_H  bmi088middleware.o
    0x08000678   0x00000014   Code   RO          271    i.BMI088_ACCEL_NS_L  bmi088middleware.o
    0x0800068c   0x00000002   Code   RO          272    i.BMI088_GPIO_init  bmi088middleware.o
    0x0800068e   0x00000002   PAD
    0x08000690   0x00000014   Code   RO          273    i.BMI088_GYRO_NS_H  bmi088middleware.o
    0x080006a4   0x00000014   Code   RO          274    i.BMI088_GYRO_NS_L  bmi088middleware.o
    0x080006b8   0x00000090   Code   RO           13    i.BMI088_accel_read_over  bmi088driver.o
    0x08000748   0x00000002   Code   RO          275    i.BMI088_com_init   bmi088middleware.o
    0x0800074a   0x0000000c   Code   RO          276    i.BMI088_delay_ms   bmi088middleware.o
    0x08000756   0x0000000c   Code   RO          277    i.BMI088_delay_us   bmi088middleware.o
    0x08000762   0x00000002   PAD
    0x08000764   0x00000068   Code   RO           14    i.BMI088_gyro_read_over  bmi088driver.o
    0x080007cc   0x00000034   Code   RO           15    i.BMI088_init       bmi088driver.o
    0x08000800   0x0000017c   Code   RO           16    i.BMI088_read       bmi088driver.o
    0x0800097c   0x00000026   Code   RO           19    i.BMI088_read_muli_reg  bmi088driver.o
    0x080009a2   0x00000018   Code   RO           20    i.BMI088_read_single_reg  bmi088driver.o
    0x080009ba   0x00000002   PAD
    0x080009bc   0x00000020   Code   RO          278    i.BMI088_read_write_byte  bmi088middleware.o
    0x080009dc   0x00000034   Code   RO           21    i.BMI088_temperature_read_over  bmi088driver.o
    0x08000a10   0x00000014   Code   RO           22    i.BMI088_write_single_reg  bmi088driver.o
    0x08000a24   0x00000004   Code   RO         1237    i.BusFault_Handler  stm32f4xx_it.o
    0x08000a28   0x00000098   Code   RO         5737    i.CAN1_Call_Back    can_connection.o
    0x08000ac0   0x00000010   Code   RO         1238    i.CAN1_RX0_IRQHandler  stm32f4xx_it.o
    0x08000ad0   0x00000010   Code   RO         1239    i.CAN1_TX_IRQHandler  stm32f4xx_it.o
    0x08000ae0   0x0000006c   Code   RO         5738    i.CAN2_Call_Back    can_connection.o
    0x08000b4c   0x00000010   Code   RO         1240    i.CAN2_RX0_IRQHandler  stm32f4xx_it.o
    0x08000b5c   0x00000010   Code   RO         1241    i.CAN2_TX_IRQHandler  stm32f4xx_it.o
    0x08000b6c   0x000000ec   Code   RO         6463    i.CAN_Init          drv_can.o
    0x08000c58   0x00000028   Code   RO         6464    i.CAN_Send_Data     drv_can.o
    0x08000c80   0x00000008   Code   RO         6802    i.CDC_Control_FS    usbd_cdc_if.o
    0x08000c88   0x00000004   Code   RO         6803    i.CDC_DeInit_FS     usbd_cdc_if.o
    0x08000c8c   0x00000024   Code   RO         6804    i.CDC_Init_FS       usbd_cdc_if.o
    0x08000cb0   0x00000030   Code   RO         6805    i.CDC_Receive_FS    usbd_cdc_if.o
    0x08000ce0   0x00000004   Code   RO         6806    i.CDC_TransmitCplt_FS  usbd_cdc_if.o
    0x08000ce4   0x0000002c   Code   RO         6807    i.CDC_Transmit_FS   usbd_cdc_if.o
    0x08000d10   0x00000024   Code   RO         5739    i.Can_Connection_Init  can_connection.o
    0x08000d34   0x000000a4   Code   RO         5740    i.Can_Send_Task     can_connection.o
    0x08000dd8   0x00000014   Code   RO         5741    i.Chassis_Connection_Init  can_connection.o
    0x08000dec   0x0000000c   Code   RO         5742    i.Chassis_Connection_Task  can_connection.o
    0x08000df8   0x000000c0   Code   RO         5743    i.Chassis_Send_data_Update  can_connection.o
    0x08000eb8   0x00000060   Code   RO         5744    i.Chassis_Speed_Update  can_connection.o
    0x08000f18   0x000000fc   Code   RO         6035    i.Control_Mode_Update  remote_control.o
    0x08001014   0x00000010   Code   RO         1242    i.DMA1_Stream1_IRQHandler  stm32f4xx_it.o
    0x08001024   0x00000010   Code   RO         1243    i.DMA2_Stream1_IRQHandler  stm32f4xx_it.o
    0x08001034   0x00000898   Code   RO          348    i.DMA2_Stream2_IRQHandler  bsp_imu.o
    0x080018cc   0x00000010   Code   RO         1244    i.DMA2_Stream3_IRQHandler  stm32f4xx_it.o
    0x080018dc   0x00000010   Code   RO         1245    i.DMA2_Stream6_IRQHandler  stm32f4xx_it.o
    0x080018ec   0x00000034   Code   RO         2527    i.DMA_CalcBaseAndBitshift  stm32f4xx_hal_dma.o
    0x08001920   0x000000aa   Code   RO         2528    i.DMA_CheckFifoParam  stm32f4xx_hal_dma.o
    0x080019ca   0x00000002   PAD
    0x080019cc   0x00000094   Code   RO         6808    i.DMA_Send          usbd_cdc_if.o
    0x08001a60   0x00000002   Code   RO         1246    i.DebugMon_Handler  stm32f4xx_it.o
    0x08001a62   0x00000002   PAD
    0x08001a64   0x00000098   Code   RO         6036    i.Delay_Cnt_Task    remote_control.o
    0x08001afc   0x0000006e   Code   RO         6534    i.Difference_Filter  motor.o
    0x08001b6a   0x0000000a   Code   RO         1247    i.EXTI3_IRQHandler  stm32f4xx_it.o
    0x08001b74   0x0000000a   Code   RO         1248    i.EXTI4_IRQHandler  stm32f4xx_it.o
    0x08001b7e   0x0000000a   Code   RO         1249    i.EXTI9_5_IRQHandler  stm32f4xx_it.o
    0x08001b88   0x00000006   Code   RO          785    i.Error_Handler     main.o
    0x08001b8e   0x00000002   PAD
    0x08001b90   0x00000208   Code   RO         6191    i.Error_State_Judge  task_schedule.o
    0x08001d98   0x0000007c   Code   RO         6037    i.Follow_Switch_Flag_Update  remote_control.o
    0x08001e14   0x00000044   Code   RO         5851    i.Fric_Command_Update  fric.o
    0x08001e58   0x000000d8   Code   RO         5852    i.Fric_Current_Update  fric.o
    0x08001f30   0x00000068   Code   RO         5853    i.Fric_Filter_Data_Update  fric.o
    0x08001f98   0x0000005c   Code   RO         5854    i.Fric_Init         fric.o
    0x08001ff4   0x00000090   Code   RO         5855    i.Fric_Status_Update  fric.o
    0x08002084   0x00000018   Code   RO         5856    i.Fric_Task         fric.o
    0x0800209c   0x000000bc   Code   RO         6038    i.Fric_Wheel_Mode_Update  remote_control.o
    0x08002158   0x00000004   Code   RO         6535    i.GM6020_Command_Update  motor.o
    0x0800215c   0x00000020   Code   RO         6536    i.GM6020_Current_From_Lsb_To_Ampere  motor.o
    0x0800217c   0x0000002a   Code   RO         6537    i.GM6020_Feedback_Update  motor.o
    0x080021a6   0x0000000c   Code   RO         6538    i.GM6020_Init       motor.o
    0x080021b2   0x00000002   PAD
    0x080021b4   0x00000024   Code   RO         6539    i.GM6020_Position_From_Lsb_To_Degree  motor.o
    0x080021d8   0x0000002c   Code   RO         6540    i.GM6020_Position_From_Lsb_To_Rad  motor.o
    0x08002204   0x00000188   Code   RO         6541    i.GM6020_Status_Update  motor.o
    0x0800238c   0x00000030   Code   RO         6809    i.Get_CRC16_Check_Sum  usbd_cdc_if.o
    0x080023bc   0x00000038   Code   RO         6710    i.Get_SerialNum     usbd_desc.o
    0x080023f4   0x00000120   Code   RO         5934    i.Gimbal_Cali_Task  gimbal.o
    0x08002514   0x00000150   Code   RO         5935    i.Gimbal_Command_Update  gimbal.o
    0x08002664   0x000000e8   Code   RO         5936    i.Gimbal_Init       gimbal.o
    0x0800274c   0x0000007c   Code   RO         5937    i.Gimbal_Mode_Change_Judge  gimbal.o
    0x080027c8   0x00000204   Code   RO         5938    i.Gimbal_Motor_Command_Update  gimbal.o
    0x080029cc   0x00000058   Code   RO         5939    i.Gimbal_Motor_Mode_Update  gimbal.o
    0x08002a24   0x00000064   Code   RO         5940    i.Gimbal_Send_command_Update  gimbal.o
    0x08002a88   0x00000304   Code   RO         5941    i.Gimbal_Statue_Update  gimbal.o
    0x08002d8c   0x000000d4   Code   RO         5942    i.Gimbal_Task       gimbal.o
    0x08002e60   0x0000002a   Code   RO         3212    i.HAL_CAN_ActivateNotification  stm32f4xx_hal_can.o
    0x08002e8a   0x0000014a   Code   RO         3213    i.HAL_CAN_AddTxMessage  stm32f4xx_hal_can.o
    0x08002fd4   0x00000124   Code   RO         3214    i.HAL_CAN_ConfigFilter  stm32f4xx_hal_can.o
    0x080030f8   0x00000002   Code   RO         3217    i.HAL_CAN_ErrorCallback  stm32f4xx_hal_can.o
    0x080030fa   0x00000194   Code   RO         3220    i.HAL_CAN_GetRxMessage  stm32f4xx_hal_can.o
    0x0800328e   0x0000024e   Code   RO         3224    i.HAL_CAN_IRQHandler  stm32f4xx_hal_can.o
    0x080034dc   0x00000174   Code   RO         3225    i.HAL_CAN_Init      stm32f4xx_hal_can.o
    0x08003650   0x00000180   Code   RO          961    i.HAL_CAN_MspInit   can.o
    0x080037d0   0x00000002   Code   RO         3232    i.HAL_CAN_RxFifo0FullCallback  stm32f4xx_hal_can.o
    0x080037d2   0x00000002   PAD
    0x080037d4   0x00000058   Code   RO         6467    i.HAL_CAN_RxFifo0MsgPendingCallback  drv_can.o
    0x0800382c   0x00000002   Code   RO         3234    i.HAL_CAN_RxFifo1FullCallback  stm32f4xx_hal_can.o
    0x0800382e   0x00000002   PAD
    0x08003830   0x00000058   Code   RO         6468    i.HAL_CAN_RxFifo1MsgPendingCallback  drv_can.o
    0x08003888   0x00000002   Code   RO         3236    i.HAL_CAN_SleepCallback  stm32f4xx_hal_can.o
    0x0800388a   0x0000005e   Code   RO         3237    i.HAL_CAN_Start     stm32f4xx_hal_can.o
    0x080038e8   0x00000002   Code   RO         3239    i.HAL_CAN_TxMailbox0AbortCallback  stm32f4xx_hal_can.o
    0x080038ea   0x00000002   Code   RO         3240    i.HAL_CAN_TxMailbox0CompleteCallback  stm32f4xx_hal_can.o
    0x080038ec   0x00000002   Code   RO         3241    i.HAL_CAN_TxMailbox1AbortCallback  stm32f4xx_hal_can.o
    0x080038ee   0x00000002   Code   RO         3242    i.HAL_CAN_TxMailbox1CompleteCallback  stm32f4xx_hal_can.o
    0x080038f0   0x00000002   Code   RO         3243    i.HAL_CAN_TxMailbox2AbortCallback  stm32f4xx_hal_can.o
    0x080038f2   0x00000002   Code   RO         3244    i.HAL_CAN_TxMailbox2CompleteCallback  stm32f4xx_hal_can.o
    0x080038f4   0x00000002   Code   RO         3246    i.HAL_CAN_WakeUpFromRxMsgCallback  stm32f4xx_hal_can.o
    0x080038f6   0x000000ac   Code   RO         2530    i.HAL_DMA_Abort     stm32f4xx_hal_dma.o
    0x080039a2   0x00000028   Code   RO         2531    i.HAL_DMA_Abort_IT  stm32f4xx_hal_dma.o
    0x080039ca   0x00000002   PAD
    0x080039cc   0x00000240   Code   RO         2535    i.HAL_DMA_IRQHandler  stm32f4xx_hal_dma.o
    0x08003c0c   0x000000ec   Code   RO         2536    i.HAL_DMA_Init      stm32f4xx_hal_dma.o
    0x08003cf8   0x00000028   Code   RO         2960    i.HAL_Delay         stm32f4xx_hal.o
    0x08003d20   0x00000098   Code   RO          349    i.HAL_GPIO_EXTI_Callback  bsp_imu.o
    0x08003db8   0x0000001c   Code   RO         2422    i.HAL_GPIO_EXTI_IRQHandler  stm32f4xx_hal_gpio.o
    0x08003dd4   0x000001f4   Code   RO         2423    i.HAL_GPIO_Init     stm32f4xx_hal_gpio.o
    0x08003fc8   0x0000000c   Code   RO         2427    i.HAL_GPIO_WritePin  stm32f4xx_hal_gpio.o
    0x08003fd4   0x0000000c   Code   RO         2966    i.HAL_GetTick       stm32f4xx_hal.o
    0x08003fe0   0x000001d0   Code   RO         3456    i.HAL_I2C_Init      stm32f4xx_hal_i2c.o
    0x080041b0   0x00000308   Code   RO         3474    i.HAL_I2C_Mem_Read  stm32f4xx_hal_i2c.o
    0x080044b8   0x000000c8   Code   RO         1034    i.HAL_I2C_MspInit   i2c.o
    0x08004580   0x00000018   Code   RO         2972    i.HAL_IncTick       stm32f4xx_hal.o
    0x08004598   0x0000003c   Code   RO         2973    i.HAL_Init          stm32f4xx_hal.o
    0x080045d4   0x0000004c   Code   RO         2974    i.HAL_InitTick      stm32f4xx_hal.o
    0x08004620   0x00000048   Code   RO         1403    i.HAL_MspInit       stm32f4xx_hal_msp.o
    0x08004668   0x00000028   Code   RO         2813    i.HAL_NVIC_EnableIRQ  stm32f4xx_hal_cortex.o
    0x08004690   0x0000007c   Code   RO         2819    i.HAL_NVIC_SetPriority  stm32f4xx_hal_cortex.o
    0x0800470c   0x00000028   Code   RO         2820    i.HAL_NVIC_SetPriorityGrouping  stm32f4xx_hal_cortex.o
    0x08004734   0x00000002   Code   RO         1671    i.HAL_PCDEx_LPM_Callback  stm32f4xx_hal_pcd_ex.o
    0x08004736   0x0000000a   Code   RO         1672    i.HAL_PCDEx_SetRxFiFo  stm32f4xx_hal_pcd_ex.o
    0x08004740   0x0000004e   Code   RO         1673    i.HAL_PCDEx_SetTxFiFo  stm32f4xx_hal_pcd_ex.o
    0x0800478e   0x00000008   Code   RO         6912    i.HAL_PCD_ConnectCallback  usbd_conf.o
    0x08004796   0x00000012   Code   RO         6913    i.HAL_PCD_DataInStageCallback  usbd_conf.o
    0x080047a8   0x00000014   Code   RO         6914    i.HAL_PCD_DataOutStageCallback  usbd_conf.o
    0x080047bc   0x00000008   Code   RO         6915    i.HAL_PCD_DisconnectCallback  usbd_conf.o
    0x080047c4   0x00000042   Code   RO         1436    i.HAL_PCD_EP_Abort  stm32f4xx_hal_pcd.o
    0x08004806   0x0000006a   Code   RO         1437    i.HAL_PCD_EP_Close  stm32f4xx_hal_pcd.o
    0x08004870   0x0000007c   Code   RO         1438    i.HAL_PCD_EP_ClrStall  stm32f4xx_hal_pcd.o
    0x080048ec   0x00000016   Code   RO         1440    i.HAL_PCD_EP_GetRxCount  stm32f4xx_hal_pcd.o
    0x08004902   0x0000008c   Code   RO         1441    i.HAL_PCD_EP_Open   stm32f4xx_hal_pcd.o
    0x0800498e   0x00000046   Code   RO         1442    i.HAL_PCD_EP_Receive  stm32f4xx_hal_pcd.o
    0x080049d4   0x0000008a   Code   RO         1443    i.HAL_PCD_EP_SetStall  stm32f4xx_hal_pcd.o
    0x08004a5e   0x00000048   Code   RO         1444    i.HAL_PCD_EP_Transmit  stm32f4xx_hal_pcd.o
    0x08004aa6   0x000006ca   Code   RO         1446    i.HAL_PCD_IRQHandler  stm32f4xx_hal_pcd.o
    0x08005170   0x00000008   Code   RO         6916    i.HAL_PCD_ISOINIncompleteCallback  usbd_conf.o
    0x08005178   0x00000008   Code   RO         6917    i.HAL_PCD_ISOOUTIncompleteCallback  usbd_conf.o
    0x08005180   0x0000015e   Code   RO         1449    i.HAL_PCD_Init      stm32f4xx_hal_pcd.o
    0x080052de   0x00000002   PAD
    0x080052e0   0x00000084   Code   RO         6919    i.HAL_PCD_MspInit   usbd_conf.o
    0x08005364   0x0000002e   Code   RO         6920    i.HAL_PCD_ResetCallback  usbd_conf.o
    0x08005392   0x00000008   Code   RO         6921    i.HAL_PCD_ResumeCallback  usbd_conf.o
    0x0800539a   0x00000008   Code   RO         6922    i.HAL_PCD_SOFCallback  usbd_conf.o
    0x080053a2   0x00000034   Code   RO         1455    i.HAL_PCD_SetAddress  stm32f4xx_hal_pcd.o
    0x080053d6   0x0000000e   Code   RO         6923    i.HAL_PCD_SetupStageCallback  usbd_conf.o
    0x080053e4   0x0000004c   Code   RO         1458    i.HAL_PCD_Start     stm32f4xx_hal_pcd.o
    0x08005430   0x00000030   Code   RO         6924    i.HAL_PCD_SuspendCallback  usbd_conf.o
    0x08005460   0x00000184   Code   RO         2024    i.HAL_RCC_ClockConfig  stm32f4xx_hal_rcc.o
    0x080055e4   0x0000000c   Code   RO         2029    i.HAL_RCC_GetHCLKFreq  stm32f4xx_hal_rcc.o
    0x080055f0   0x00000020   Code   RO         2031    i.HAL_RCC_GetPCLK1Freq  stm32f4xx_hal_rcc.o
    0x08005610   0x00000020   Code   RO         2032    i.HAL_RCC_GetPCLK2Freq  stm32f4xx_hal_rcc.o
    0x08005630   0x000000b0   Code   RO         2033    i.HAL_RCC_GetSysClockFreq  stm32f4xx_hal_rcc.o
    0x080056e0   0x0000049c   Code   RO         2036    i.HAL_RCC_OscConfig  stm32f4xx_hal_rcc.o
    0x08005b7c   0x000000c8   Code   RO         3951    i.HAL_SPI_Init      stm32f4xx_hal_spi.o
    0x08005c44   0x00000164   Code   RO         1076    i.HAL_SPI_MspInit   spi.o
    0x08005da8   0x00000240   Code   RO         3960    i.HAL_SPI_TransmitReceive  stm32f4xx_hal_spi.o
    0x08005fe8   0x00000034   Code   RO         2824    i.HAL_SYSTICK_Config  stm32f4xx_hal_cortex.o
    0x0800601c   0x00000002   Code   RO         4979    i.HAL_TIMEx_BreakCallback  stm32f4xx_hal_tim_ex.o
    0x0800601e   0x00000002   Code   RO         4980    i.HAL_TIMEx_CommutCallback  stm32f4xx_hal_tim_ex.o
    0x08006020   0x00000074   Code   RO         4982    i.HAL_TIMEx_ConfigBreakDeadTime  stm32f4xx_hal_tim_ex.o
    0x08006094   0x000000b4   Code   RO         4998    i.HAL_TIMEx_MasterConfigSynchronization  stm32f4xx_hal_tim_ex.o
    0x08006148   0x00000066   Code   RO         4264    i.HAL_TIM_Base_Init  stm32f4xx_hal_tim.o
    0x080061ae   0x00000002   PAD
    0x080061b0   0x00000118   Code   RO         1118    i.HAL_TIM_Base_MspInit  tim.o
    0x080062c8   0x0000009c   Code   RO         4267    i.HAL_TIM_Base_Start  stm32f4xx_hal_tim.o
    0x08006364   0x000000a8   Code   RO         4269    i.HAL_TIM_Base_Start_IT  stm32f4xx_hal_tim.o
    0x0800640c   0x0000010c   Code   RO         4273    i.HAL_TIM_ConfigClockSource  stm32f4xx_hal_tim.o
    0x08006518   0x00000002   Code   RO         4298    i.HAL_TIM_IC_CaptureCallback  stm32f4xx_hal_tim.o
    0x0800651a   0x0000016c   Code   RO         4312    i.HAL_TIM_IRQHandler  stm32f4xx_hal_tim.o
    0x08006686   0x00000002   PAD
    0x08006688   0x000000fc   Code   RO         1119    i.HAL_TIM_MspPostInit  tim.o
    0x08006784   0x00000002   Code   RO         4315    i.HAL_TIM_OC_DelayElapsedCallback  stm32f4xx_hal_tim.o
    0x08006786   0x00000104   Code   RO         4336    i.HAL_TIM_PWM_ConfigChannel  stm32f4xx_hal_tim.o
    0x0800688a   0x00000066   Code   RO         4339    i.HAL_TIM_PWM_Init  stm32f4xx_hal_tim.o
    0x080068f0   0x00000002   Code   RO         4341    i.HAL_TIM_PWM_MspInit  stm32f4xx_hal_tim.o
    0x080068f2   0x00000002   Code   RO         4342    i.HAL_TIM_PWM_PulseFinishedCallback  stm32f4xx_hal_tim.o
    0x080068f4   0x0000010c   Code   RO         4344    i.HAL_TIM_PWM_Start  stm32f4xx_hal_tim.o
    0x08006a00   0x000000a8   Code   RO         4347    i.HAL_TIM_PWM_Stop  stm32f4xx_hal_tim.o
    0x08006aa8   0x00000098   Code   RO         6192    i.HAL_TIM_PeriodElapsedCallback  task_schedule.o
    0x08006b40   0x00000002   Code   RO         4355    i.HAL_TIM_TriggerCallback  stm32f4xx_hal_tim.o
    0x08006b42   0x00000002   Code   RO         5258    i.HAL_UARTEx_RxEventCallback  stm32f4xx_hal_uart.o
    0x08006b44   0x00000002   Code   RO         5272    i.HAL_UART_ErrorCallback  stm32f4xx_hal_uart.o
    0x08006b46   0x00000002   PAD
    0x08006b48   0x000002e8   Code   RO         5275    i.HAL_UART_IRQHandler  stm32f4xx_hal_uart.o
    0x08006e30   0x00000076   Code   RO         5276    i.HAL_UART_Init     stm32f4xx_hal_uart.o
    0x08006ea6   0x00000002   PAD
    0x08006ea8   0x000001f4   Code   RO         1190    i.HAL_UART_MspInit  usart.o
    0x0800709c   0x00000002   Code   RO         5282    i.HAL_UART_RxCpltCallback  stm32f4xx_hal_uart.o
    0x0800709e   0x00000002   Code   RO         5287    i.HAL_UART_TxCpltCallback  stm32f4xx_hal_uart.o
    0x080070a0   0x00000004   Code   RO         1250    i.HardFault_Handler  stm32f4xx_it.o
    0x080070a4   0x0000003e   Code   RO         3500    i.I2C_IsAcknowledgeFailed  stm32f4xx_hal_i2c.o
    0x080070e2   0x00000002   PAD
    0x080070e4   0x00000160   Code   RO         3511    i.I2C_RequestMemoryRead  stm32f4xx_hal_i2c.o
    0x08007244   0x000000be   Code   RO         3521    i.I2C_WaitOnFlagUntilTimeout  stm32f4xx_hal_i2c.o
    0x08007302   0x000000fa   Code   RO         3522    i.I2C_WaitOnMasterAddressFlagUntilTimeout  stm32f4xx_hal_i2c.o
    0x080073fc   0x0000008a   Code   RO         3523    i.I2C_WaitOnRXNEFlagUntilTimeout  stm32f4xx_hal_i2c.o
    0x08007486   0x00000066   Code   RO         3526    i.I2C_WaitOnTXEFlagUntilTimeout  stm32f4xx_hal_i2c.o
    0x080074ec   0x000000f4   Code   RO          350    i.IMU_Init          bsp_imu.o
    0x080075e0   0x000002e0   Code   RO          353    i.INS_task          bsp_imu.o
    0x080078c0   0x00000030   Code   RO         6193    i.Init_Task         task_schedule.o
    0x080078f0   0x0000003e   Code   RO         6711    i.IntToUnicode      usbd_desc.o
    0x0800792e   0x00000002   PAD
    0x08007930   0x0000007c   Code   RO         6039    i.Invert_Flag_Update  remote_control.o
    0x080079ac   0x00000036   Code   RO         6542    i.M3508_Command_Update  motor.o
    0x080079e2   0x00000002   PAD
    0x080079e4   0x00000020   Code   RO         6543    i.M3508_Current_From_Ampere_To_Lsb  motor.o
    0x08007a04   0x00000020   Code   RO         6544    i.M3508_Current_From_Lsb_To_Ampere  motor.o
    0x08007a24   0x0000002c   Code   RO         6545    i.M3508_Feedback_Update  motor.o
    0x08007a50   0x0000000c   Code   RO         6546    i.M3508_Init        motor.o
    0x08007a5c   0x00000024   Code   RO         6547    i.M3508_Position_From_Lsb_To_Degree  motor.o
    0x08007a80   0x0000002c   Code   RO         6548    i.M3508_Position_From_Lsb_To_Rad  motor.o
    0x08007aac   0x000000d0   Code   RO         6549    i.M3508_Status_Update  motor.o
    0x08007b7c   0x00000048   Code   RO          962    i.MX_CAN1_Init      can.o
    0x08007bc4   0x00000048   Code   RO          963    i.MX_CAN2_Init      can.o
    0x08007c0c   0x00000098   Code   RO         1009    i.MX_DMA_Init       dma.o
    0x08007ca4   0x000001b0   Code   RO          936    i.MX_GPIO_Init      gpio.o
    0x08007e54   0x0000003c   Code   RO         1035    i.MX_I2C3_Init      i2c.o
    0x08007e90   0x00000048   Code   RO         1077    i.MX_SPI1_Init      spi.o
    0x08007ed8   0x0000006c   Code   RO         1120    i.MX_TIM10_Init     tim.o
    0x08007f44   0x00000070   Code   RO         1121    i.MX_TIM3_Init      tim.o
    0x08007fb4   0x000000a4   Code   RO         1122    i.MX_TIM4_Init      tim.o
    0x08008058   0x000000d8   Code   RO         1123    i.MX_TIM8_Init      tim.o
    0x08008130   0x00000054   Code   RO         1124    i.MX_TIM9_Init      tim.o
    0x08008184   0x00000040   Code   RO         1191    i.MX_USART3_UART_Init  usart.o
    0x080081c4   0x00000038   Code   RO         1192    i.MX_USART6_UART_Init  usart.o
    0x080081fc   0x00000054   Code   RO         6675    i.MX_USB_DEVICE_Init  usb_device.o
    0x08008250   0x000005ac   Code   RO          720    i.MahonyAHRSupdate  mahonyahrs.o
    0x080087fc   0x000002fc   Code   RO          721    i.MahonyAHRSupdateIMU  mahonyahrs.o
    0x08008af8   0x00000004   Code   RO         1251    i.MemManage_Handler  stm32f4xx_it.o
    0x08008afc   0x00000004   Code   RO         1252    i.NMI_Handler       stm32f4xx_it.o
    0x08008b00   0x00000010   Code   RO         1253    i.OTG_FS_IRQHandler  stm32f4xx_it.o
    0x08008b10   0x00000064   Code   RO         1462    i.PCD_EP_OutSetupPacket_int  stm32f4xx_hal_pcd.o
    0x08008b74   0x00000144   Code   RO         1463    i.PCD_EP_OutXfrComplete_int  stm32f4xx_hal_pcd.o
    0x08008cb8   0x000000b6   Code   RO         1464    i.PCD_WriteEmptyTxFifo  stm32f4xx_hal_pcd.o
    0x08008d6e   0x00000002   PAD
    0x08008d70   0x000001ac   Code   RO         5653    i.PID_Calculate     pid.o
    0x08008f1c   0x00000028   Code   RO         5654    i.PID_Init          pid.o
    0x08008f44   0x00000002   Code   RO         1254    i.PendSV_Handler    stm32f4xx_it.o
    0x08008f46   0x00000002   PAD
    0x08008f48   0x00000100   Code   RO         5943    i.Pitch_Gravity_Compensation  gimbal.o
    0x08009048   0x000000e0   Code   RO         6040    i.Precision_Mode_Update  remote_control.o
    0x08009128   0x00000070   Code   RO         6041    i.RC_data_is_error  remote_control.o
    0x08009198   0x0000009c   Code   RO         6042    i.RC_init           remote_control.o
    0x08009234   0x000000c4   Code   RO         6043    i.RC_restart        remote_control.o
    0x080092f8   0x00000048   Code   RO         6044    i.Rc_Mode_Update    remote_control.o
    0x08009340   0x000003f0   Code   RO         6045    i.Remote_Command_Update  remote_control.o
    0x08009730   0x0000001c   Code   RO         6046    i.Remote_Init       remote_control.o
    0x0800974c   0x0000002c   Code   RO         6047    i.Remote_Task       remote_control.o
    0x08009778   0x0000273c   Code   RO          754    i.SPI1_DMA_enable   bsp_spi.o
    0x0800beb4   0x00000180   Code   RO          755    i.SPI1_DMA_init     bsp_spi.o
    0x0800c034   0x00000088   Code   RO         3989    i.SPI_EndRxTxTransaction  stm32f4xx_hal_spi.o
    0x0800c0bc   0x000000d8   Code   RO         3994    i.SPI_WaitFlagStateUntilTimeout  stm32f4xx_hal_spi.o
    0x0800c194   0x00000002   Code   RO         1255    i.SVC_Handler       stm32f4xx_it.o
    0x0800c196   0x0000005a   Code   RO         6237    i.Self_aim          vision.o
    0x0800c1f0   0x00000008   Code   RO         1256    i.SysTick_Handler   stm32f4xx_it.o
    0x0800c1f8   0x000000b4   Code   RO          786    i.SystemClock_Config  main.o
    0x0800c2ac   0x00000014   Code   RO         5620    i.SystemInit        system_stm32f4xx.o
    0x0800c2c0   0x00000010   Code   RO         1257    i.TIM1_BRK_TIM9_IRQHandler  stm32f4xx_it.o
    0x0800c2d0   0x00000010   Code   RO         1258    i.TIM3_IRQHandler   stm32f4xx_it.o
    0x0800c2e0   0x000000e8   Code   RO         4357    i.TIM_Base_SetConfig  stm32f4xx_hal_tim.o
    0x0800c3c8   0x00000022   Code   RO         4358    i.TIM_CCxChannelCmd  stm32f4xx_hal_tim.o
    0x0800c3ea   0x00000016   Code   RO         4368    i.TIM_ETR_SetConfig  stm32f4xx_hal_tim.o
    0x0800c400   0x00000012   Code   RO         4369    i.TIM_ITRx_SetConfig  stm32f4xx_hal_tim.o
    0x0800c412   0x00000002   PAD
    0x0800c414   0x00000070   Code   RO         4370    i.TIM_OC1_SetConfig  stm32f4xx_hal_tim.o
    0x0800c484   0x0000007c   Code   RO         4371    i.TIM_OC2_SetConfig  stm32f4xx_hal_tim.o
    0x0800c500   0x00000078   Code   RO         4372    i.TIM_OC3_SetConfig  stm32f4xx_hal_tim.o
    0x0800c578   0x00000054   Code   RO         4373    i.TIM_OC4_SetConfig  stm32f4xx_hal_tim.o
    0x0800c5cc   0x00000026   Code   RO         4375    i.TIM_TI1_ConfigInputStage  stm32f4xx_hal_tim.o
    0x0800c5f2   0x00000028   Code   RO         4377    i.TIM_TI2_ConfigInputStage  stm32f4xx_hal_tim.o
    0x0800c61a   0x00000002   PAD
    0x0800c61c   0x00000074   Code   RO         6194    i.Time_Count_Task   task_schedule.o
    0x0800c690   0x00000170   Code   RO         6303    i.Trigger_Command_Update  trigger.o
    0x0800c800   0x00000054   Code   RO         6304    i.Trigger_Init      trigger.o
    0x0800c854   0x00000038   Code   RO         6305    i.Trigger_Send_Command_Update  trigger.o
    0x0800c88c   0x000000b8   Code   RO         6048    i.Trigger_Shoot_Number_Update  remote_control.o
    0x0800c944   0x000000e4   Code   RO         6306    i.Trigger_Status_Update  trigger.o
    0x0800ca28   0x00000010   Code   RO         6307    i.Trigger_Task      trigger.o
    0x0800ca38   0x00000014   Code   RO         5289    i.UART_DMAAbortOnError  stm32f4xx_hal_uart.o
    0x0800ca4c   0x0000006c   Code   RO         5299    i.UART_EndRxTransfer  stm32f4xx_hal_uart.o
    0x0800cab8   0x00000020   Code   RO         5300    i.UART_EndTransmit_IT  stm32f4xx_hal_uart.o
    0x0800cad8   0x000000fc   Code   RO         5302    i.UART_Receive_IT   stm32f4xx_hal_uart.o
    0x0800cbd4   0x0000022c   Code   RO         5303    i.UART_SetConfig    stm32f4xx_hal_uart.o
    0x0800ce00   0x00000060   Code   RO         5306    i.UART_Transmit_IT  stm32f4xx_hal_uart.o
    0x0800ce60   0x00000144   Code   RO         6049    i.USART3_IRQHandler  remote_control.o
    0x0800cfa4   0x00000010   Code   RO         1259    i.USART6_IRQHandler  stm32f4xx_it.o
    0x0800cfb4   0x00000078   Code   RO         7439    i.USBD_CDC_DataIn   usbd_cdc.o
    0x0800d02c   0x0000003e   Code   RO         7440    i.USBD_CDC_DataOut  usbd_cdc.o
    0x0800d06a   0x00000002   PAD
    0x0800d06c   0x00000094   Code   RO         7441    i.USBD_CDC_DeInit   usbd_cdc.o
    0x0800d100   0x00000038   Code   RO         7442    i.USBD_CDC_EP0_RxReady  usbd_cdc.o
    0x0800d138   0x0000000c   Code   RO         7443    i.USBD_CDC_GetDeviceQualifierDescriptor  usbd_cdc.o
    0x0800d144   0x0000003c   Code   RO         7444    i.USBD_CDC_GetFSCfgDesc  usbd_cdc.o
    0x0800d180   0x00000040   Code   RO         7445    i.USBD_CDC_GetHSCfgDesc  usbd_cdc.o
    0x0800d1c0   0x0000003c   Code   RO         7446    i.USBD_CDC_GetOtherSpeedCfgDesc  usbd_cdc.o
    0x0800d1fc   0x00000160   Code   RO         7447    i.USBD_CDC_Init     usbd_cdc.o
    0x0800d35c   0x00000048   Code   RO         7448    i.USBD_CDC_ReceivePacket  usbd_cdc.o
    0x0800d3a4   0x00000018   Code   RO         7449    i.USBD_CDC_RegisterInterface  usbd_cdc.o
    0x0800d3bc   0x0000001c   Code   RO         7450    i.USBD_CDC_SetRxBuffer  usbd_cdc.o
    0x0800d3d8   0x00000020   Code   RO         7451    i.USBD_CDC_SetTxBuffer  usbd_cdc.o
    0x0800d3f8   0x00000110   Code   RO         7452    i.USBD_CDC_Setup    usbd_cdc.o
    0x0800d508   0x00000054   Code   RO         7453    i.USBD_CDC_TransmitPacket  usbd_cdc.o
    0x0800d55c   0x00000014   Code   RO         7119    i.USBD_ClrClassConfig  usbd_core.o
    0x0800d570   0x00000026   Code   RO         7281    i.USBD_ClrFeature   usbd_ctlreq.o
    0x0800d596   0x00000004   Code   RO         7120    i.USBD_CoreFindEP   usbd_core.o
    0x0800d59a   0x00000004   Code   RO         7121    i.USBD_CoreFindIF   usbd_core.o
    0x0800d59e   0x00000010   Code   RO         7379    i.USBD_CtlContinueRx  usbd_ioreq.o
    0x0800d5ae   0x00000010   Code   RO         7380    i.USBD_CtlContinueSendData  usbd_ioreq.o
    0x0800d5be   0x00000018   Code   RO         7282    i.USBD_CtlError     usbd_ctlreq.o
    0x0800d5d6   0x0000001e   Code   RO         7381    i.USBD_CtlPrepareRx  usbd_ioreq.o
    0x0800d5f4   0x00000016   Code   RO         7382    i.USBD_CtlReceiveStatus  usbd_ioreq.o
    0x0800d60a   0x0000001a   Code   RO         7383    i.USBD_CtlSendData  usbd_ioreq.o
    0x0800d624   0x00000016   Code   RO         7384    i.USBD_CtlSendStatus  usbd_ioreq.o
    0x0800d63a   0x00000002   PAD
    0x0800d63c   0x00000030   Code   RO         6712    i.USBD_FS_ConfigStrDescriptor  usbd_desc.o
    0x0800d66c   0x0000000c   Code   RO         6713    i.USBD_FS_DeviceDescriptor  usbd_desc.o
    0x0800d678   0x00000034   Code   RO         6714    i.USBD_FS_InterfaceStrDescriptor  usbd_desc.o
    0x0800d6ac   0x0000000c   Code   RO         6715    i.USBD_FS_LangIDStrDescriptor  usbd_desc.o
    0x0800d6b8   0x00000028   Code   RO         6716    i.USBD_FS_ManufacturerStrDescriptor  usbd_desc.o
    0x0800d6e0   0x0000003c   Code   RO         6717    i.USBD_FS_ProductStrDescriptor  usbd_desc.o
    0x0800d71c   0x00000014   Code   RO         6718    i.USBD_FS_SerialStrDescriptor  usbd_desc.o
    0x0800d730   0x00000034   Code   RO         7283    i.USBD_GetConfig    usbd_ctlreq.o
    0x0800d764   0x000001b4   Code   RO         7284    i.USBD_GetDescriptor  usbd_ctlreq.o
    0x0800d918   0x0000003c   Code   RO         7123    i.USBD_GetEpDesc    usbd_core.o
    0x0800d954   0x00000018   Code   RO         7285    i.USBD_GetLen       usbd_ctlreq.o
    0x0800d96c   0x0000000e   Code   RO         7124    i.USBD_GetNextDesc  usbd_core.o
    0x0800d97a   0x00000036   Code   RO         7286    i.USBD_GetStatus    usbd_ctlreq.o
    0x0800d9b0   0x00000044   Code   RO         7287    i.USBD_GetString    usbd_ctlreq.o
    0x0800d9f4   0x00000024   Code   RO         6925    i.USBD_Get_USB_Status  usbd_conf.o
    0x0800da18   0x00000028   Code   RO         7125    i.USBD_Init         usbd_core.o
    0x0800da40   0x00000012   Code   RO         6926    i.USBD_LL_ClearStallEP  usbd_conf.o
    0x0800da52   0x00000012   Code   RO         6927    i.USBD_LL_CloseEP   usbd_conf.o
    0x0800da64   0x000000dc   Code   RO         7126    i.USBD_LL_DataInStage  usbd_core.o
    0x0800db40   0x000000d0   Code   RO         7127    i.USBD_LL_DataOutStage  usbd_core.o
    0x0800dc10   0x00000004   Code   RO         7128    i.USBD_LL_DevConnected  usbd_core.o
    0x0800dc14   0x00000020   Code   RO         7129    i.USBD_LL_DevDisconnected  usbd_core.o
    0x0800dc34   0x00000008   Code   RO         6931    i.USBD_LL_GetRxDataSize  usbd_conf.o
    0x0800dc3c   0x00000060   Code   RO         6932    i.USBD_LL_Init      usbd_conf.o
    0x0800dc9c   0x00000020   Code   RO         6933    i.USBD_LL_IsStallEP  usbd_conf.o
    0x0800dcbc   0x0000002a   Code   RO         7130    i.USBD_LL_IsoINIncomplete  usbd_core.o
    0x0800dce6   0x0000002a   Code   RO         7131    i.USBD_LL_IsoOUTIncomplete  usbd_core.o
    0x0800dd10   0x00000018   Code   RO         6934    i.USBD_LL_OpenEP    usbd_conf.o
    0x0800dd28   0x00000012   Code   RO         6935    i.USBD_LL_PrepareReceive  usbd_conf.o
    0x0800dd3a   0x00000060   Code   RO         7132    i.USBD_LL_Reset     usbd_core.o
    0x0800dd9a   0x00000014   Code   RO         7133    i.USBD_LL_Resume    usbd_core.o
    0x0800ddae   0x0000001a   Code   RO         7134    i.USBD_LL_SOF       usbd_core.o
    0x0800ddc8   0x00000006   Code   RO         7135    i.USBD_LL_SetSpeed  usbd_core.o
    0x0800ddce   0x00000012   Code   RO         6936    i.USBD_LL_SetUSBAddress  usbd_conf.o
    0x0800dde0   0x00000064   Code   RO         7136    i.USBD_LL_SetupStage  usbd_core.o
    0x0800de44   0x00000012   Code   RO         6937    i.USBD_LL_StallEP   usbd_conf.o
    0x0800de56   0x00000012   Code   RO         6938    i.USBD_LL_Start     usbd_conf.o
    0x0800de68   0x0000001a   Code   RO         7137    i.USBD_LL_Suspend   usbd_core.o
    0x0800de82   0x00000012   Code   RO         6940    i.USBD_LL_Transmit  usbd_conf.o
    0x0800de94   0x00000032   Code   RO         7288    i.USBD_ParseSetupRequest  usbd_ctlreq.o
    0x0800dec6   0x0000003a   Code   RO         7138    i.USBD_RegisterClass  usbd_core.o
    0x0800df00   0x00000004   Code   RO         7139    i.USBD_RunTestMode  usbd_core.o
    0x0800df04   0x00000058   Code   RO         7289    i.USBD_SetAddress   usbd_ctlreq.o
    0x0800df5c   0x00000014   Code   RO         7140    i.USBD_SetClassConfig  usbd_core.o
    0x0800df70   0x000000dc   Code   RO         7290    i.USBD_SetConfig    usbd_ctlreq.o
    0x0800e04c   0x00000024   Code   RO         7291    i.USBD_SetFeature   usbd_ctlreq.o
    0x0800e070   0x00000004   Code   RO         7141    i.USBD_Start        usbd_core.o
    0x0800e074   0x00000076   Code   RO         7292    i.USBD_StdDevReq    usbd_ctlreq.o
    0x0800e0ea   0x0000022e   Code   RO         7293    i.USBD_StdEPReq     usbd_ctlreq.o
    0x0800e318   0x0000008e   Code   RO         7294    i.USBD_StdItfReq    usbd_ctlreq.o
    0x0800e3a6   0x00000002   Code   RO         6941    i.USBD_static_free  usbd_conf.o
    0x0800e3a8   0x00000008   Code   RO         6942    i.USBD_static_malloc  usbd_conf.o
    0x0800e3b0   0x000000d0   Code   RO         1713    i.USB_ActivateEndpoint  stm32f4xx_ll_usb.o
    0x0800e480   0x00000028   Code   RO         1715    i.USB_ActivateSetup  stm32f4xx_ll_usb.o
    0x0800e4a8   0x0000008c   Code   RO         1717    i.USB_CoreInit      stm32f4xx_ll_usb.o
    0x0800e534   0x00000054   Code   RO         1718    i.USB_CoreReset     stm32f4xx_ll_usb.o
    0x0800e588   0x0000014c   Code   RO         1721    i.USB_DeactivateEndpoint  stm32f4xx_ll_usb.o
    0x0800e6d4   0x00000024   Code   RO         1722    i.USB_DevConnect    stm32f4xx_ll_usb.o
    0x0800e6f8   0x00000024   Code   RO         1723    i.USB_DevDisconnect  stm32f4xx_ll_usb.o
    0x0800e71c   0x000001e8   Code   RO         1724    i.USB_DevInit       stm32f4xx_ll_usb.o
    0x0800e904   0x0000000e   Code   RO         1725    i.USB_DisableGlobalInt  stm32f4xx_ll_usb.o
    0x0800e912   0x00000002   PAD
    0x0800e914   0x00000070   Code   RO         1728    i.USB_EP0_OutStart  stm32f4xx_ll_usb.o
    0x0800e984   0x0000008e   Code   RO         1729    i.USB_EPClearStall  stm32f4xx_ll_usb.o
    0x0800ea12   0x0000009a   Code   RO         1730    i.USB_EPSetStall    stm32f4xx_ll_usb.o
    0x0800eaac   0x000003b4   Code   RO         1731    i.USB_EPStartXfer   stm32f4xx_ll_usb.o
    0x0800ee60   0x000000ec   Code   RO         1732    i.USB_EPStopXfer    stm32f4xx_ll_usb.o
    0x0800ef4c   0x0000000e   Code   RO         1733    i.USB_EnableGlobalInt  stm32f4xx_ll_usb.o
    0x0800ef5a   0x00000050   Code   RO         1734    i.USB_FlushRxFifo   stm32f4xx_ll_usb.o
    0x0800efaa   0x00000054   Code   RO         1735    i.USB_FlushTxFifo   stm32f4xx_ll_usb.o
    0x0800effe   0x00000026   Code   RO         1737    i.USB_GetDevSpeed   stm32f4xx_ll_usb.o
    0x0800f024   0x0000000a   Code   RO         1739    i.USB_GetMode       stm32f4xx_ll_usb.o
    0x0800f02e   0x00000014   Code   RO         1747    i.USB_ReadDevAllInEpInterrupt  stm32f4xx_ll_usb.o
    0x0800f042   0x00000014   Code   RO         1748    i.USB_ReadDevAllOutEpInterrupt  stm32f4xx_ll_usb.o
    0x0800f056   0x00000032   Code   RO         1749    i.USB_ReadDevInEPInterrupt  stm32f4xx_ll_usb.o
    0x0800f088   0x0000001a   Code   RO         1750    i.USB_ReadDevOutEPInterrupt  stm32f4xx_ll_usb.o
    0x0800f0a2   0x0000000a   Code   RO         1751    i.USB_ReadInterrupts  stm32f4xx_ll_usb.o
    0x0800f0ac   0x00000060   Code   RO         1752    i.USB_ReadPacket    stm32f4xx_ll_usb.o
    0x0800f10c   0x00000068   Code   RO         1754    i.USB_SetCurrentMode  stm32f4xx_ll_usb.o
    0x0800f174   0x0000002a   Code   RO         1755    i.USB_SetDevAddress  stm32f4xx_ll_usb.o
    0x0800f19e   0x00000012   Code   RO         1756    i.USB_SetDevSpeed   stm32f4xx_ll_usb.o
    0x0800f1b0   0x000000e8   Code   RO         1757    i.USB_SetTurnaroundTime  stm32f4xx_ll_usb.o
    0x0800f298   0x00000044   Code   RO         1760    i.USB_WritePacket   stm32f4xx_ll_usb.o
    0x0800f2dc   0x00000004   Code   RO         1260    i.UsageFault_Handler  stm32f4xx_it.o
    0x0800f2e0   0x0000003e   Code   RO         6810    i.Verify_CRC16_Check_Sum  usbd_cdc_if.o
    0x0800f31e   0x00000002   PAD
    0x0800f320   0x00000044   Code   RO         6238    i.Vision_Aim_Data_Task  vision.o
    0x0800f364   0x000000b4   Code   RO         6050    i.Vision_Control_Mode_Update  remote_control.o
    0x0800f418   0x00000008   Code   RO         6240    i.Vision_Send_Task  vision.o
    0x0800f420   0x00000024   Code   RO         5857    i.Xpower_Command_Update  fric.o
    0x0800f444   0x0000006c   Code   RO         6051    i.Xpower_Mode_Update  remote_control.o
    0x0800f4b0   0x00000030   Code   RO         5858    i.Xpower_Send       fric.o
    0x0800f4e0   0x00000030   Code   RO         7733    i.__ARM_fpclassify  m_wm.l(fpclassify.o)
    0x0800f510   0x00000026   Code   RO         7735    i.__ARM_fpclassifyf  m_wm.l(fpclassifyf.o)
    0x0800f536   0x00000002   PAD
    0x0800f538   0x00000010   Code   RO         2826    i.__NVIC_GetPriorityGrouping  stm32f4xx_hal_cortex.o
    0x0800f548   0x00000028   Code   RO         2827    i.__NVIC_SetPriority  stm32f4xx_hal_cortex.o
    0x0800f570   0x0000012c   Code   RO         7590    i.__hardfp_asinf    m_wm.l(asinf.o)
    0x0800f69c   0x00000250   Code   RO         7602    i.__hardfp_atan2f   m_wm.l(atan2f.o)
    0x0800f8ec   0x00000004   PAD
    0x0800f8f0   0x000000c8   Code   RO         7614    i.__hardfp_cos      m_wm.l(cos.o)
    0x0800f9b8   0x00000150   Code   RO         7626    i.__hardfp_cosf     m_wm.l(cosf.o)
    0x0800fb08   0x00000014   Code   RO         7638    i.__hardfp_fabs     m_wm.l(fabs.o)
    0x0800fb1c   0x00000004   PAD
    0x0800fb20   0x00000c50   Code   RO         7644    i.__hardfp_pow      m_wm.l(pow.o)
    0x08010770   0x00000190   Code   RO         7658    i.__hardfp_sinf     m_wm.l(sinf.o)
    0x08010900   0x0000007a   Code   RO         7670    i.__hardfp_sqrt     m_wm.l(sqrt.o)
    0x0801097a   0x0000003a   Code   RO         7682    i.__hardfp_sqrtf    m_wm.l(sqrtf.o)
    0x080109b4   0x00000004   PAD
    0x080109b8   0x00000438   Code   RO         7754    i.__ieee754_rem_pio2  m_wm.l(rred.o)
    0x08010df0   0x00000170   Code   RO         7716    i.__kernel_cos      m_wm.l(cos_i.o)
    0x08010f60   0x000000f8   Code   RO         7751    i.__kernel_poly     m_wm.l(poly.o)
    0x08011058   0x00000130   Code   RO         7762    i.__kernel_sin      m_wm.l(sin_i.o)
    0x08011188   0x00000030   Code   RO         7719    i.__mathlib_dbl_divzero  m_wm.l(dunder.o)
    0x080111b8   0x00000014   Code   RO         7720    i.__mathlib_dbl_infnan  m_wm.l(dunder.o)
    0x080111cc   0x00000014   Code   RO         7721    i.__mathlib_dbl_infnan2  m_wm.l(dunder.o)
    0x080111e0   0x00000020   Code   RO         7722    i.__mathlib_dbl_invalid  m_wm.l(dunder.o)
    0x08011200   0x00000020   Code   RO         7723    i.__mathlib_dbl_overflow  m_wm.l(dunder.o)
    0x08011220   0x00000020   Code   RO         7725    i.__mathlib_dbl_underflow  m_wm.l(dunder.o)
    0x08011240   0x00000006   Code   RO         7738    i.__mathlib_flt_infnan  m_wm.l(funder.o)
    0x08011246   0x00000006   Code   RO         7739    i.__mathlib_flt_infnan2  m_wm.l(funder.o)
    0x0801124c   0x00000010   Code   RO         7740    i.__mathlib_flt_invalid  m_wm.l(funder.o)
    0x0801125c   0x00000010   Code   RO         7743    i.__mathlib_flt_underflow  m_wm.l(funder.o)
    0x0801126c   0x00000154   Code   RO         7759    i.__mathlib_rredf2  m_wm.l(rredf.o)
    0x080113c0   0x00000134   Code   RO           23    i.bmi088_accel_init  bmi088driver.o
    0x080114f4   0x000002fc   Code   RO           24    i.bmi088_accel_self_test  bmi088driver.o
    0x080117f0   0x000000f4   Code   RO           25    i.bmi088_gyro_init  bmi088driver.o
    0x080118e4   0x000000d0   Code   RO           26    i.bmi088_gyro_self_test  bmi088driver.o
    0x080119b4   0x00000012   Code   RO         6639    i.buzzerBsp_checkTickTolerance  buzzer_bsp.o
    0x080119c6   0x00000014   Code   RO         6640    i.buzzerBsp_setSwitch  buzzer_bsp.o
    0x080119da   0x00000014   Code   RO         6641    i.buzzerBsp_setTimer  buzzer_bsp.o
    0x080119ee   0x00000014   Code   RO         6358    i.buzzer_getTick    buzzer.o
    0x08011a02   0x00000002   PAD
    0x08011a04   0x00000034   Code   RO         6359    i.buzzer_handleInit  buzzer.o
    0x08011a38   0x0000004c   Code   RO         6360    i.buzzer_init_example  buzzer.o
    0x08011a84   0x00000070   Code   RO         6361    i.buzzer_playCalibrated  buzzer.o
    0x08011af4   0x00000070   Code   RO         6362    i.buzzer_playCalibrating  buzzer.o
    0x08011b64   0x00000070   Code   RO         6363    i.buzzer_playDeviceOffline  buzzer.o
    0x08011bd4   0x00000088   Code   RO         6364    i.buzzer_playDjiStartUp  buzzer.o
    0x08011c5c   0x00000098   Code   RO         6365    i.buzzer_playTone   buzzer.o
    0x08011cf4   0x00000020   Code   RO         6366    i.buzzer_setState   buzzer.o
    0x08011d14   0x00000012   Code   RO         6367    i.buzzer_setTask    buzzer.o
    0x08011d26   0x0000008c   Code   RO         6368    i.buzzer_taskScheduler  buzzer.o
    0x08011db2   0x00000010   Code   RO         6642    i.buzzzerBsp_getTick  buzzer_bsp.o
    0x08011dc2   0x00000034   Code   RO         6241    i.calc_distance     vision.o
    0x08011df6   0x00000002   PAD
    0x08011df8   0x000001a4   Code   RO         6242    i.calc_pitch        vision.o
    0x08011f9c   0x00000070   Code   RO         6243    i.calc_yaw          vision.o
    0x0801200c   0x0000006e   Code   RO         6470    i.can_filter_mask_config  drv_can.o
    0x0801207a   0x00000002   PAD
    0x0801207c   0x00000078   Code   RO         6811    i.cdc_vcp_data_rx   usbd_cdc_if.o
    0x080120f4   0x00000030   Code   RO          577    i.delay_init        delay.o
    0x08012124   0x00000050   Code   RO          578    i.delay_ms          delay.o
    0x08012174   0x00000050   Code   RO          579    i.delay_us          delay.o
    0x080121c4   0x000000be   Code   RO         5655    i.f_Change_Pout     pid.o
    0x08012282   0x00000002   PAD
    0x08012284   0x000000f0   Code   RO         5656    i.f_Changing_Integral_Rate  pid.o
    0x08012374   0x00000030   Code   RO         5657    i.f_Derivative_Filter  pid.o
    0x080123a4   0x00000022   Code   RO         5658    i.f_Derivative_On_Measurement  pid.o
    0x080123c6   0x00000002   PAD
    0x080123c8   0x000000cc   Code   RO         5659    i.f_Integral_Limit  pid.o
    0x08012494   0x00000030   Code   RO         5660    i.f_Output_Filter   pid.o
    0x080124c4   0x00000046   Code   RO         5661    i.f_Output_Limit    pid.o
    0x0801250a   0x00000002   PAD
    0x0801250c   0x000000c0   Code   RO         5662    i.f_PID_ErrorHandle  pid.o
    0x080125cc   0x00000084   Code   RO         5663    i.f_PID_param_init  pid.o
    0x08012650   0x00000034   Code   RO         5664    i.f_PID_reset       pid.o
    0x08012684   0x00000046   Code   RO         5665    i.f_Proportion_Limit  pid.o
    0x080126ca   0x0000002a   Code   RO         5666    i.f_Trapezoid_Intergral  pid.o
    0x080126f4   0x00000018   Code   RO         7640    i.fabs              m_wm.l(fabs.o)
    0x0801270c   0x000000dc   Code   RO          354    i.get_angle         bsp_imu.o
    0x080127e8   0x0000012c   Code   RO          357    i.imu_cali_slove    bsp_imu.o
    0x08012914   0x00000168   Code   RO          358    i.imu_cmd_spi_dma   bsp_imu.o
    0x08012a7c   0x0000000c   Code   RO          477    i.imu_pwm_set       bsp_imu_pwm.o
    0x08012a88   0x000000b0   Code   RO          359    i.imu_temp_control  bsp_imu.o
    0x08012b38   0x00000010   Code   RO         6052    i.int16_abs         remote_control.o
    0x08012b48   0x0000003c   Code   RO          722    i.invSqrt           mahonyahrs.o
    0x08012b84   0x00000024   Code   RO          645    i.ist8310_IIC_read_muli_reg  ist8310driver_middleware.o
    0x08012ba8   0x0000008c   Code   RO          613    i.ist8310_read_mag  ist8310driver.o
    0x08012c34   0x00000070   Code   RO          787    i.main              main.o
    0x08012ca4   0x00000038   Code   RO         5859    i.meanFilter        fric.o
    0x08012cdc   0x0000000c   Code   RO         6369    i.platform_getMsTick  buzzer.o
    0x08012ce8   0x00000050   Code   RO         6370    i.platform_setFreq  buzzer.o
    0x08012d38   0x00000038   Code   RO         6371    i.platform_setSwitch  buzzer.o
    0x08012d70   0x0000006c   Code   RO         6053    i.rc_control_cali   remote_control.o
    0x08012ddc   0x00000014   Code   RO         6054    i.remote_control_init  remote_control.o
    0x08012df0   0x00000150   Code   RO         6055    i.sbus_to_rc        remote_control.o
    0x08012f40   0x0000006e   Code   RO         7672    i.sqrt              m_wm.l(sqrt.o)
    0x08012fae   0x0000003e   Code   RO         7684    i.sqrtf             m_wm.l(sqrtf.o)
    0x08012fec   0x00000018   Code   RO         7558    x$fpl$basic         fz_wm.l(basic.o)
    0x08013004   0x00000062   Code   RO         7560    x$fpl$d2f           fz_wm.l(d2f.o)
    0x08013066   0x00000002   PAD
    0x08013068   0x00000150   Code   RO         7562    x$fpl$dadd          fz_wm.l(daddsub_clz.o)
    0x080131b8   0x00000010   Code   RO         7790    x$fpl$dcheck1       fz_wm.l(dcheck1.o)
    0x080131c8   0x00000018   Code   RO         7701    x$fpl$dcmpinf       fz_wm.l(dcmpi.o)
    0x080131e0   0x000002b0   Code   RO         7569    x$fpl$ddiv          fz_wm.l(ddiv.o)
    0x08013490   0x0000005e   Code   RO         7572    x$fpl$dfix          fz_wm.l(dfix.o)
    0x080134ee   0x0000002e   Code   RO         7577    x$fpl$dflt          fz_wm.l(dflt_clz.o)
    0x0801351c   0x00000026   Code   RO         7576    x$fpl$dfltu         fz_wm.l(dflt_clz.o)
    0x08013542   0x00000002   PAD
    0x08013544   0x00000078   Code   RO         7582    x$fpl$dleqf         fz_wm.l(dleqf.o)
    0x080135bc   0x00000154   Code   RO         7584    x$fpl$dmul          fz_wm.l(dmul.o)
    0x08013710   0x0000009c   Code   RO         7703    x$fpl$dnaninf       fz_wm.l(dnaninf.o)
    0x080137ac   0x0000000c   Code   RO         7705    x$fpl$dretinf       fz_wm.l(dretinf.o)
    0x080137b8   0x0000006c   Code   RO         7586    x$fpl$drleqf        fz_wm.l(drleqf.o)
    0x08013824   0x00000016   Code   RO         7563    x$fpl$drsb          fz_wm.l(daddsub_clz.o)
    0x0801383a   0x00000002   PAD
    0x0801383c   0x00000198   Code   RO         7707    x$fpl$dsqrt         fz_wm.l(dsqrt_umaal.o)
    0x080139d4   0x000001d4   Code   RO         7564    x$fpl$dsub          fz_wm.l(daddsub_clz.o)
    0x08013ba8   0x00000056   Code   RO         7588    x$fpl$f2d           fz_wm.l(f2d.o)
    0x08013bfe   0x0000008c   Code   RO         7709    x$fpl$fnaninf       fz_wm.l(fnaninf.o)
    0x08013c8a   0x0000000a   Code   RO         7881    x$fpl$fpinit        fz_wm.l(fpinit.o)
    0x08013c94   0x0000000a   Code   RO         7711    x$fpl$fretinf       fz_wm.l(fretinf.o)
    0x08013c9e   0x00000064   Code   RO         7809    x$fpl$retnan        fz_wm.l(retnan.o)
    0x08013d02   0x0000005c   Code   RO         7713    x$fpl$scalbn        fz_wm.l(scalbn.o)
    0x08013d5e   0x00000030   Code   RO         7864    x$fpl$trapveneer    fz_wm.l(trapv.o)
    0x08013d8e   0x00000000   Code   RO         7715    x$fpl$usenofp       fz_wm.l(usenofp.o)
    0x08013d8e   0x00000012   Data   RO           31    .constdata          bmi088driver.o
    0x08013da0   0x0000000c   Data   RO          361    .constdata          bsp_imu.o
    0x08013dac   0x00000008   Data   RO         2542    .constdata          stm32f4xx_hal_dma.o
    0x08013db4   0x00000018   Data   RO         5621    .constdata          system_stm32f4xx.o
    0x08013dcc   0x00000200   Data   RO         6813    .constdata          usbd_cdc_if.o
    0x08013fcc   0x00000004   PAD
    0x08013fd0   0x00000088   Data   RO         7647    .constdata          m_wm.l(pow.o)
    0x08014058   0x00000030   Data   RO         7717    .constdata          m_wm.l(cos_i.o)
    0x08014088   0x00000008   Data   RO         7753    .constdata          m_wm.l(qnan.o)
    0x08014090   0x000000c8   Data   RO         7756    .constdata          m_wm.l(rred.o)
    0x08014158   0x00000020   Data   RO         7760    .constdata          m_wm.l(rredf.o)
    0x08014178   0x00000028   Data   RO         7763    .constdata          m_wm.l(sin_i.o)
    0x080141a0   0x00000020   Data   RO         7937    Region$$Table       anon$$obj.o


    Execution Region RW_IRAM1 (Base: 0x20000000, Size: 0x00003ad8, Max: 0x0001c000, ABSOLUTE, COMPRESSED[0x00000220])

    Base Addr    Size         Type   Attr      Idx    E Section Name        Object

    0x20000000   0x0000002c   Data   RW           32    .data               bmi088driver.o
    0x2000002c   0x000000db   Data   RW          362    .data               bsp_imu.o
    0x20000107   0x00000001   PAD
    0x20000108   0x00000008   Data   RW          580    .data               delay.o
    0x20000110   0x00000014   Data   RW          723    .data               mahonyahrs.o
    0x20000124   0x00000004   Data   RW          965    .data               can.o
    0x20000128   0x00000009   Data   RW         2980    .data               stm32f4xx_hal.o
    0x20000131   0x00000003   PAD
    0x20000134   0x00000004   Data   RW         5622    .data               system_stm32f4xx.o
    0x20000138   0x00000074   Data   RW         5861    .data               fric.o
    0x200001ac   0x000001c4   Data   RW         5946    .data               gimbal.o
    0x20000370   0x00000006   Data   RW         6058    .data               remote_control.o
    0x20000376   0x0000000a   Data   RW         6196    .data               task_schedule.o
    0x20000380   0x0000000c   Data   RW         6246    .data               vision.o
    0x2000038c   0x00000074   Data   RW         6309    .data               trigger.o
    0x20000400   0x000000cc   Data   RW         6472    .data               drv_can.o
    0x200004cc   0x0000001c   Data   RW         6720    .data               usbd_desc.o
    0x200004e8   0x00000032   Data   RW         6721    .data               usbd_desc.o
    0x2000051a   0x00000002   PAD
    0x2000051c   0x0000000c   Data   RW         6820    .data               usbd_cdc_if.o
    0x20000528   0x00000014   Data   RW         6822    .data               usbd_cdc_if.o
    0x2000053c   0x00000001   Data   RW         7295    .data               usbd_ctlreq.o
    0x2000053d   0x00000003   PAD
    0x20000540   0x00000053   Data   RW         7454    .data               usbd_cdc.o
    0x20000593   0x00000001   PAD
    0x20000594   0x00000038   Data   RW         7455    .data               usbd_cdc.o
    0x200005cc   0x0000017c   Zero   RW          360    .bss                bsp_imu.o
    0x20000748   0x00000050   Zero   RW          964    .bss                can.o
    0x20000798   0x00000054   Zero   RW         1036    .bss                i2c.o
    0x200007ec   0x00000118   Zero   RW         1078    .bss                spi.o
    0x20000904   0x00000168   Zero   RW         1125    .bss                tim.o
    0x20000a6c   0x000001b0   Zero   RW         1193    .bss                usart.o
    0x20000c1c   0x0000002c   Zero   RW         5745    .bss                can_connection.o
    0x20000c48   0x0000032c   Zero   RW         5860    .bss                fric.o
    0x20000f74   0x000005e4   Zero   RW         5944    .bss                gimbal.o
    0x20001558   0x00000095   Zero   RW         6056    .bss                remote_control.o
    0x200015ed   0x00000003   PAD
    0x200015f0   0x00000020   Zero   RW         6244    .bss                vision.o
    0x20001610   0x0000019c   Zero   RW         6308    .bss                trigger.o
    0x200017ac   0x00000024   Zero   RW         6372    .bss                buzzer.o
    0x200017d0   0x00000058   Zero   RW         6471    .bss                drv_can.o
    0x20001828   0x000002dc   Zero   RW         6676    .bss                usb_device.o
    0x20001b04   0x00000200   Zero   RW         6719    .bss                usbd_desc.o
    0x20001d04   0x0000106f   Zero   RW         6812    .bss                usbd_cdc_if.o
    0x20002d73   0x00000001   PAD
    0x20002d74   0x00000704   Zero   RW         6943    .bss                usbd_conf.o
    0x20003478   0x00000060   Zero   RW         7793    .bss                c_w.l(libspace.o)
    0x200034d8   0x00000200   Zero   RW            2    HEAP                startup_stm32f407xx.o
    0x200036d8   0x00000400   Zero   RW            1    STACK               startup_stm32f407xx.o


    Execution Region RW_IRAM2 (Base: 0x2001c000, Size: 0x00000000, Max: 0x00004000, ABSOLUTE)

    **** No section assigned to this execution region ****


==============================================================================

Image component sizes


      Code (inc. data)   RO Data    RW Data    ZI Data      Debug   Object Name

      2338         40         18         44          0     603691   bmi088driver.o
       140         28          0          0          0       4520   bmi088middleware.o
      4528        344         12        219        380      13746   bsp_imu.o
        12          4          0          0          0     719654   bsp_imu_pwm.o
     10428        170          0          0          0       5618   bsp_spi.o
      1110         46          0          0         36      11536   buzzer.o
        74          0          0          0          0       4059   buzzer_bsp.o
       528         44          0          4         80       2442   can.o
       780        126          0          0         44       7689   can_connection.o
       208         24          0          8          0       1895   delay.o
       152          6          0          0          0        830   dma.o
       562         50          0        204         88       6911   drv_can.o
       788         94          0        116        812       6239   fric.o
      2924        284          0        452       1508      10366   gimbal.o
       432         20          0          0          0       1179   gpio.o
       260         30          0          0         84       1709   i2c.o
       140          4          0          0          0       1115   ist8310driver.o
        36          6          0          0          0       1052   ist8310driver_middleware.o
      2276         72          0         20          0       4785   mahonyahrs.o
       298         24          0          0          0      15547   main.o
      1134         72          0          0          0      11510   motor.o
      1790         44          0          0          0       9187   pid.o
      3956        282          0          6        149      16315   remote_control.o
       428         40          0          0        280       1923   spi.o
        64         26        392          0       1536        840   startup_stm32f407xx.o
       212         36          0          9          0       9373   stm32f4xx_hal.o
      2146          6          0          0          0      13727   stm32f4xx_hal_can.o
       312         22          0          0          0      34307   stm32f4xx_hal_cortex.o
      1246         16          8          0          0       5343   stm32f4xx_hal_dma.o
       540         50          0          0          0       2727   stm32f4xx_hal_gpio.o
      2334         36          0          0          0       8854   stm32f4xx_hal_i2c.o
        72          4          0          0          0        850   stm32f4xx_hal_msp.o
      3560         16          0          0          0      13736   stm32f4xx_hal_pcd.o
        90          0          0          0          0       2421   stm32f4xx_hal_pcd_ex.o
      1820         84          0          0          0       5600   stm32f4xx_hal_rcc.o
      1128         14          0          0          0       4689   stm32f4xx_hal_spi.o
      2690        180          0          0          0      17976   stm32f4xx_hal_tim.o
       300         30          0          0          0       3333   stm32f4xx_hal_tim_ex.o
      1934         14          0          0          0       9528   stm32f4xx_hal_uart.o
       256         72          0          0          0      11652   stm32f4xx_it.o
      3882         82          0          0          0      22720   stm32f4xx_ll_usb.o
        20          6         24          4          0       1115   system_stm32f4xx.o
       836         74          0         10          0       3503   task_schedule.o
      1216        100          0          0        360       5410   tim.o
       752         72          0        116        412       4144   trigger.o
       620         62          0          0        432       2656   usart.o
        84         18          0          0        732        804   usb_device.o
      1446         40          0        139          0      14617   usbd_cdc.o
       562         58        512         32       4207       9222   usbd_cdc_if.o
       658         28          0          0       1796      16784   usbd_conf.o
      1050          0          0          0          0      16325   usbd_core.o
      1908         28          0          1          0      17956   usbd_ctlreq.o
       362        110          0         78        512       6921   usbd_desc.o
       132          0          0          0          0       4500   usbd_ioreq.o
       750         60          0         12         32       5332   vision.o

    ----------------------------------------------------------------------
     68368       3198       1002       1484      13484    1740483   Object Totals
         0          0         32          0          0          0   (incl. Generated)
        64          0          4         10          4          0   (incl. Padding)

    ----------------------------------------------------------------------

      Code (inc. data)   RO Data    RW Data    ZI Data      Debug   Library Member Name

        90          0          0          0          0          0   __dczerorl2.o
         8          0          0          0          0         68   __main.o
         0          0          0          0          0          0   __rtentry.o
        12          0          0          0          0          0   __rtentry2.o
         6          0          0          0          0          0   __rtentry4.o
        52          8          0          0          0          0   __scatter.o
        28          0          0          0          0          0   __scatter_zi.o
        22          0          0          0          0        100   _rserrno.o
        18          0          0          0          0         80   exit.o
         6          0          0          0          0        152   heapauxi.o
         0          0          0          0          0          0   indicate_semi.o
         2          0          0          0          0          0   libinit.o
         6          0          0          0          0          0   libinit2.o
         2          0          0          0          0          0   libshutdown.o
         2          0          0          0          0          0   libshutdown2.o
         8          4          0          0         96         68   libspace.o
       238          0          0          0          0        100   lludivv7m.o
         8          4          0          0          0         68   rt_errno_addr_intlibspace.o
        68          0          0          0          0         68   rt_memclr.o
        78          0          0          0          0         80   rt_memclr_w.o
       138          0          0          0          0         68   rt_memcpy_v6.o
       100          0          0          0          0         80   rt_memcpy_w.o
         2          0          0          0          0          0   rtexit.o
        10          0          0          0          0          0   rtexit2.o
        12          4          0          0          0         68   sys_exit.o
        74          0          0          0          0         80   sys_stackheap_outer.o
         2          0          0          0          0         68   use_no_semi.o
        24          0          0          0          0        164   basic.o
        98          4          0          0          0        140   d2f.o
       826         16          0          0          0        492   daddsub_clz.o
        16          4          0          0          0        116   dcheck1.o
        24          0          0          0          0        116   dcmpi.o
       688        140          0          0          0        256   ddiv.o
        94          4          0          0          0        140   dfix.o
        84          0          0          0          0        232   dflt_clz.o
       120          4          0          0          0        140   dleqf.o
       340         12          0          0          0        152   dmul.o
       156          4          0          0          0        140   dnaninf.o
        12          0          0          0          0        116   dretinf.o
       108          0          0          0          0        128   drleqf.o
       408         56          0          0          0        168   dsqrt_umaal.o
        86          4          0          0          0        132   f2d.o
       140          4          0          0          0        132   fnaninf.o
        10          0          0          0          0        116   fpinit.o
        10          0          0          0          0        116   fretinf.o
       100          0          0          0          0        116   retnan.o
        92          0          0          0          0        116   scalbn.o
        48          0          0          0          0        116   trapv.o
         0          0          0          0          0          0   usenofp.o
       300         42          0          0          0        176   asinf.o
       592         90          0          0          0        184   atan2f.o
       200         20          0          0          0        164   cos.o
       368         46         48          0          0        200   cos_i.o
       336         56          0          0          0        136   cosf.o
       184         44          0          0          0        744   dunder.o
        44          0          0          0          0        248   fabs.o
        48          0          0          0          0        124   fpclassify.o
        38          0          0          0          0        116   fpclassifyf.o
        44         12          0          0          0        464   funder.o
       248          0          0          0          0        152   poly.o
      3152        296        136          0          0        352   pow.o
         0          0          8          0          0          0   qnan.o
      1080        142        200          0          0        188   rred.o
       340         24         32          0          0        160   rredf.o
       304         24         40          0          0        208   sin_i.o
       400         56          0          0          0        212   sinf.o
       232          0          0          0          0        296   sqrt.o
       120          0          0          0          0        272   sqrtf.o

    ----------------------------------------------------------------------
     12534       1128        464          0         96       8888   Library Totals
        28          4          0          0          0          0   (incl. Padding)

    ----------------------------------------------------------------------

      Code (inc. data)   RO Data    RW Data    ZI Data      Debug   Library Name

       992         20          0          0         96       1148   c_w.l
      3484        252          0          0          0       3344   fz_wm.l
      8030        852        464          0          0       4396   m_wm.l

    ----------------------------------------------------------------------
     12534       1128        464          0         96       8888   Library Totals

    ----------------------------------------------------------------------

==============================================================================


      Code (inc. data)   RO Data    RW Data    ZI Data      Debug   

     80902       4326       1466       1484      13580    1699951   Grand Totals
     80902       4326       1466        544      13580    1699951   ELF Image Totals (compressed)
     80902       4326       1466        544          0          0   ROM Totals

==============================================================================

    Total RO  Size (Code + RO Data)                82368 (  80.44kB)
    Total RW  Size (RW Data + ZI Data)             15064 (  14.71kB)
    Total ROM Size (Code + RO Data + RW Data)      82912 (  80.97kB)

==============================================================================

