Component: ARM Compiler 5.06 update 4 (build 422) Tool: armlink [4d35d2]

==============================================================================

Section Cross References

    startup_stm32f407xx.o(RESET) refers to startup_stm32f407xx.o(STACK) for __initial_sp
    startup_stm32f407xx.o(RESET) refers to startup_stm32f407xx.o(.text) for Reset_Handler
    startup_stm32f407xx.o(RESET) refers to stm32f4xx_it.o(i.NMI_Handler) for NMI_Handler
    startup_stm32f407xx.o(RESET) refers to stm32f4xx_it.o(i.HardFault_Handler) for HardFault_Handler
    startup_stm32f407xx.o(RESET) refers to stm32f4xx_it.o(i.MemManage_Handler) for MemManage_Handler
    startup_stm32f407xx.o(RESET) refers to stm32f4xx_it.o(i.BusFault_Handler) for BusFault_Handler
    startup_stm32f407xx.o(RESET) refers to stm32f4xx_it.o(i.UsageFault_Handler) for UsageFault_Handler
    startup_stm32f407xx.o(RESET) refers to stm32f4xx_it.o(i.SVC_Handler) for SVC_Handler
    startup_stm32f407xx.o(RESET) refers to stm32f4xx_it.o(i.DebugMon_Handler) for DebugMon_Handler
    startup_stm32f407xx.o(RESET) refers to stm32f4xx_it.o(i.PendSV_Handler) for PendSV_Handler
    startup_stm32f407xx.o(RESET) refers to stm32f4xx_it.o(i.SysTick_Handler) for SysTick_Handler
    startup_stm32f407xx.o(RESET) refers to stm32f4xx_it.o(i.EXTI3_IRQHandler) for EXTI3_IRQHandler
    startup_stm32f407xx.o(RESET) refers to stm32f4xx_it.o(i.EXTI4_IRQHandler) for EXTI4_IRQHandler
    startup_stm32f407xx.o(RESET) refers to stm32f4xx_it.o(i.DMA1_Stream1_IRQHandler) for DMA1_Stream1_IRQHandler
    startup_stm32f407xx.o(RESET) refers to stm32f4xx_it.o(i.CAN1_TX_IRQHandler) for CAN1_TX_IRQHandler
    startup_stm32f407xx.o(RESET) refers to stm32f4xx_it.o(i.CAN1_RX0_IRQHandler) for CAN1_RX0_IRQHandler
    startup_stm32f407xx.o(RESET) refers to stm32f4xx_it.o(i.EXTI9_5_IRQHandler) for EXTI9_5_IRQHandler
    startup_stm32f407xx.o(RESET) refers to stm32f4xx_it.o(i.TIM1_BRK_TIM9_IRQHandler) for TIM1_BRK_TIM9_IRQHandler
    startup_stm32f407xx.o(RESET) refers to stm32f4xx_it.o(i.TIM3_IRQHandler) for TIM3_IRQHandler
    startup_stm32f407xx.o(RESET) refers to remote_control.o(i.USART3_IRQHandler) for USART3_IRQHandler
    startup_stm32f407xx.o(RESET) refers to stm32f4xx_it.o(i.DMA2_Stream1_IRQHandler) for DMA2_Stream1_IRQHandler
    startup_stm32f407xx.o(RESET) refers to stm32f4xx_it.o(i.DMA2_Stream2_IRQHandler) for DMA2_Stream2_IRQHandler
    startup_stm32f407xx.o(RESET) refers to stm32f4xx_it.o(i.DMA2_Stream3_IRQHandler) for DMA2_Stream3_IRQHandler
    startup_stm32f407xx.o(RESET) refers to stm32f4xx_it.o(i.CAN2_TX_IRQHandler) for CAN2_TX_IRQHandler
    startup_stm32f407xx.o(RESET) refers to stm32f4xx_it.o(i.CAN2_RX0_IRQHandler) for CAN2_RX0_IRQHandler
    startup_stm32f407xx.o(RESET) refers to stm32f4xx_it.o(i.OTG_FS_IRQHandler) for OTG_FS_IRQHandler
    startup_stm32f407xx.o(RESET) refers to stm32f4xx_it.o(i.DMA2_Stream6_IRQHandler) for DMA2_Stream6_IRQHandler
    startup_stm32f407xx.o(RESET) refers to stm32f4xx_it.o(i.USART6_IRQHandler) for USART6_IRQHandler
    startup_stm32f407xx.o(.text) refers to system_stm32f4xx.o(i.SystemInit) for SystemInit
    startup_stm32f407xx.o(.text) refers to entry.o(.ARM.Collect$$$$00000000) for __main
    ins_task.o(i.EularAngleToQuaternion) refers to arm_cos_f32.o(.text) for arm_cos_f32
    ins_task.o(i.EularAngleToQuaternion) refers to arm_sin_f32.o(.text) for arm_sin_f32
    ins_task.o(i.IMU_Param_Correction) refers to arm_cos_f32.o(.text) for arm_cos_f32
    ins_task.o(i.IMU_Param_Correction) refers to arm_sin_f32.o(.text) for arm_sin_f32
    ins_task.o(i.IMU_Param_Correction) refers to ins_task.o(.data) for lastYawOffset
    ins_task.o(i.IMU_Temperature_Ctrl) refers to pid.o(i.PID_Calculate) for PID_Calculate
    ins_task.o(i.IMU_Temperature_Ctrl) refers to user_lib.o(i.float_rounding) for float_rounding
    ins_task.o(i.IMU_Temperature_Ctrl) refers to user_lib.o(i.float_constrain) for float_constrain
    ins_task.o(i.IMU_Temperature_Ctrl) refers to bsp_pwm.o(i.TIM_Set_PWM) for TIM_Set_PWM
    ins_task.o(i.IMU_Temperature_Ctrl) refers to bmi088driver.o(.bss) for BMI088
    ins_task.o(i.IMU_Temperature_Ctrl) refers to ins_task.o(.data) for RefTemp
    ins_task.o(i.IMU_Temperature_Ctrl) refers to ins_task.o(.bss) for TempCtrl
    ins_task.o(i.IMU_Temperature_Ctrl) refers to tim.o(.bss) for htim10
    ins_task.o(i.INS_Init) refers to quaternionekf.o(i.IMU_QuaternionEKF_Init) for IMU_QuaternionEKF_Init
    ins_task.o(i.INS_Init) refers to pid.o(i.PID_Init) for PID_Init
    ins_task.o(i.INS_Init) refers to stm32f4xx_hal_tim.o(i.HAL_TIM_PWM_Start) for HAL_TIM_PWM_Start
    ins_task.o(i.INS_Init) refers to ins_task.o(.bss) for IMU_Param
    ins_task.o(i.INS_Init) refers to ins_task.o(.data) for tempCtrl_data
    ins_task.o(i.INS_Init) refers to tim.o(.bss) for htim10
    ins_task.o(i.INS_Task) refers to bsp_dwt.o(i.DWT_GetDeltaT) for DWT_GetDeltaT
    ins_task.o(i.INS_Task) refers to bmi088driver.o(i.BMI088_Read) for BMI088_Read
[...]
    USBD_LL_DevDisconnected                  0x0800d5f1   Thumb Code    32  usbd_core.o(i.USBD_LL_DevDisconnected)
    USBD_LL_GetRxDataSize                    0x0800d611   Thumb Code     8  usbd_conf.o(i.USBD_LL_GetRxDataSize)
    USBD_LL_Init                             0x0800d619   Thumb Code    92  usbd_conf.o(i.USBD_LL_Init)
    USBD_LL_IsStallEP                        0x0800d679   Thumb Code    32  usbd_conf.o(i.USBD_LL_IsStallEP)
    USBD_LL_IsoINIncomplete                  0x0800d699   Thumb Code    42  usbd_core.o(i.USBD_LL_IsoINIncomplete)
    USBD_LL_IsoOUTIncomplete                 0x0800d6c3   Thumb Code    42  usbd_core.o(i.USBD_LL_IsoOUTIncomplete)
    USBD_LL_OpenEP                           0x0800d6ed   Thumb Code    24  usbd_conf.o(i.USBD_LL_OpenEP)
    USBD_LL_PrepareReceive                   0x0800d705   Thumb Code    18  usbd_conf.o(i.USBD_LL_PrepareReceive)
    USBD_LL_Reset                            0x0800d717   Thumb Code    96  usbd_core.o(i.USBD_LL_Reset)
    USBD_LL_Resume                           0x0800d777   Thumb Code    20  usbd_core.o(i.USBD_LL_Resume)
    USBD_LL_SOF                              0x0800d78b   Thumb Code    26  usbd_core.o(i.USBD_LL_SOF)
    USBD_LL_SetSpeed                         0x0800d7a5   Thumb Code     6  usbd_core.o(i.USBD_LL_SetSpeed)
    USBD_LL_SetUSBAddress                    0x0800d7ab   Thumb Code    18  usbd_conf.o(i.USBD_LL_SetUSBAddress)
    USBD_LL_SetupStage                       0x0800d7bd   Thumb Code   100  usbd_core.o(i.USBD_LL_SetupStage)
    USBD_LL_StallEP                          0x0800d821   Thumb Code    18  usbd_conf.o(i.USBD_LL_StallEP)
    USBD_LL_Start                            0x0800d833   Thumb Code    18  usbd_conf.o(i.USBD_LL_Start)
    USBD_LL_Suspend                          0x0800d845   Thumb Code    26  usbd_core.o(i.USBD_LL_Suspend)
    USBD_LL_Transmit                         0x0800d85f   Thumb Code    18  usbd_conf.o(i.USBD_LL_Transmit)
    USBD_ParseSetupRequest                   0x0800d871   Thumb Code    50  usbd_ctlreq.o(i.USBD_ParseSetupRequest)
    USBD_RegisterClass                       0x0800d8a3   Thumb Code    58  usbd_core.o(i.USBD_RegisterClass)
    USBD_RunTestMode                         0x0800d8dd   Thumb Code     4  usbd_core.o(i.USBD_RunTestMode)
    USBD_SetClassConfig                      0x0800d939   Thumb Code    20  usbd_core.o(i.USBD_SetClassConfig)
    USBD_Start                               0x0800da4d   Thumb Code     4  usbd_core.o(i.USBD_Start)
    USBD_StdDevReq                           0x0800da51   Thumb Code   118  usbd_ctlreq.o(i.USBD_StdDevReq)
    USBD_StdEPReq                            0x0800dac7   Thumb Code   558  usbd_ctlreq.o(i.USBD_StdEPReq)
    USBD_StdItfReq                           0x0800dcf5   Thumb Code   142  usbd_ctlreq.o(i.USBD_StdItfReq)
    USBD_static_free                         0x0800dd83   Thumb Code     2  usbd_conf.o(i.USBD_static_free)
    USBD_static_malloc                       0x0800dd85   Thumb Code     4  usbd_conf.o(i.USBD_static_malloc)
    USB_ActivateEndpoint                     0x0800dd8d   Thumb Code   202  stm32f4xx_ll_usb.o(i.USB_ActivateEndpoint)
    USB_ActivateSetup                        0x0800de5d   Thumb Code    40  stm32f4xx_ll_usb.o(i.USB_ActivateSetup)
    USB_CoreInit                             0x0800de85   Thumb Code   136  stm32f4xx_ll_usb.o(i.USB_CoreInit)
    USB_DeactivateEndpoint                   0x0800df65   Thumb Code   318  stm32f4xx_ll_usb.o(i.USB_DeactivateEndpoint)
    USB_DevConnect                           0x0800e0b1   Thumb Code    36  stm32f4xx_ll_usb.o(i.USB_DevConnect)
    USB_DevDisconnect                        0x0800e0d5   Thumb Code    36  stm32f4xx_ll_usb.o(i.USB_DevDisconnect)
    USB_DevInit                              0x0800e0f9   Thumb Code   480  stm32f4xx_ll_usb.o(i.USB_DevInit)
    USB_DisableGlobalInt                     0x0800e2e1   Thumb Code    14  stm32f4xx_ll_usb.o(i.USB_DisableGlobalInt)
    USB_EP0_OutStart                         0x0800e2f1   Thumb Code   106  stm32f4xx_ll_usb.o(i.USB_EP0_OutStart)
    USB_EPClearStall                         0x0800e361   Thumb Code   142  stm32f4xx_ll_usb.o(i.USB_EPClearStall)
    USB_EPSetStall                           0x0800e3ef   Thumb Code   154  stm32f4xx_ll_usb.o(i.USB_EPSetStall)
    USB_EPStartXfer                          0x0800e489   Thumb Code   944  stm32f4xx_ll_usb.o(i.USB_EPStartXfer)
    USB_EPStopXfer                           0x0800e83d   Thumb Code   236  stm32f4xx_ll_usb.o(i.USB_EPStopXfer)
    USB_EnableGlobalInt                      0x0800e929   Thumb Code    14  stm32f4xx_ll_usb.o(i.USB_EnableGlobalInt)
    USB_FlushRxFifo                          0x0800e937   Thumb Code    80  stm32f4xx_ll_usb.o(i.USB_FlushRxFifo)
    USB_FlushTxFifo                          0x0800e987   Thumb Code    84  stm32f4xx_ll_usb.o(i.USB_FlushTxFifo)
    USB_GetDevSpeed                          0x0800e9db   Thumb Code    38  stm32f4xx_ll_usb.o(i.USB_GetDevSpeed)
    USB_GetMode                              0x0800ea01   Thumb Code    10  stm32f4xx_ll_usb.o(i.USB_GetMode)
    USB_ReadDevAllInEpInterrupt              0x0800ea0b   Thumb Code    20  stm32f4xx_ll_usb.o(i.USB_ReadDevAllInEpInterrupt)
    USB_ReadDevAllOutEpInterrupt             0x0800ea1f   Thumb Code    20  stm32f4xx_ll_usb.o(i.USB_ReadDevAllOutEpInterrupt)
    USB_ReadDevInEPInterrupt                 0x0800ea33   Thumb Code    50  stm32f4xx_ll_usb.o(i.USB_ReadDevInEPInterrupt)
    USB_ReadDevOutEPInterrupt                0x0800ea65   Thumb Code    26  stm32f4xx_ll_usb.o(i.USB_ReadDevOutEPInterrupt)
    USB_ReadInterrupts                       0x0800ea7f   Thumb Code    10  stm32f4xx_ll_usb.o(i.USB_ReadInterrupts)
    USB_ReadPacket                           0x0800ea89   Thumb Code    96  stm32f4xx_ll_usb.o(i.USB_ReadPacket)
    USB_SetCurrentMode                       0x0800eae9   Thumb Code   104  stm32f4xx_ll_usb.o(i.USB_SetCurrentMode)
    USB_SetDevAddress                        0x0800eb51   Thumb Code    42  stm32f4xx_ll_usb.o(i.USB_SetDevAddress)
    USB_SetDevSpeed                          0x0800eb7b   Thumb Code    18  stm32f4xx_ll_usb.o(i.USB_SetDevSpeed)
    USB_SetTurnaroundTime                    0x0800eb8d   Thumb Code   192  stm32f4xx_ll_usb.o(i.USB_SetTurnaroundTime)
    USB_WritePacket                          0x0800ec75   Thumb Code    68  stm32f4xx_ll_usb.o(i.USB_WritePacket)
    UsageFault_Handler                       0x0800ecb9   Thumb Code     4  stm32f4xx_it.o(i.UsageFault_Handler)
    Verify_CRC16_Check_Sum                   0x0800ecbd   Thumb Code    62  usbd_cdc_if.o(i.Verify_CRC16_Check_Sum)
    Vision_Angle_Task                        0x0800ecfd   Thumb Code    20  vision.o(i.Vision_Angle_Task)
    Vision_Control_Mode_Update               0x0800ed15   Thumb Code   132  remote_control.o(i.Vision_Control_Mode_Update)
    Vision_Send_Task                         0x0800edad   Thumb Code     8  vision.o(i.Vision_Send_Task)
    Xpower_Command_Update                    0x0800edb5   Thumb Code    30  fric.o(i.Xpower_Command_Update)
    Xpower_Mode_Update                       0x0800edd9   Thumb Code    96  remote_control.o(i.Xpower_Mode_Update)
    Xpower_Send                              0x0800ee45   Thumb Code    38  fric.o(i.Xpower_Send)
    __ARM_fpclassify                         0x0800ee75   Thumb Code    48  fpclassify.o(i.__ARM_fpclassify)
    __ARM_fpclassifyf                        0x0800eea5   Thumb Code    38  fpclassifyf.o(i.__ARM_fpclassifyf)
    __hardfp_acosf                           0x0800ef05   Thumb Code   234  acosf.o(i.__hardfp_acosf)
    __hardfp_asinf                           0x0800f01d   Thumb Code   258  asinf.o(i.__hardfp_asinf)
    __hardfp_atan2f                          0x0800f149   Thumb Code   502  atan2f.o(i.__hardfp_atan2f)
    __hardfp_cos                             0x0800f399   Thumb Code   180  cos.o(i.__hardfp_cos)
    __hardfp_fabs                            0x0800f461   Thumb Code    20  fabs.o(i.__hardfp_fabs)
    __hardfp_pow                             0x0800f479   Thumb Code  3072  pow.o(i.__hardfp_pow)
    __hardfp_sqrtf                           0x080100c9   Thumb Code    58  sqrtf_full.o(i.__hardfp_sqrtf)
    __ieee754_rem_pio2                       0x08010109   Thumb Code   938  rred.o(i.__ieee754_rem_pio2)
    __kernel_cos                             0x08010541   Thumb Code   322  cos_i.o(i.__kernel_cos)
    __kernel_poly                            0x080106b1   Thumb Code   248  poly.o(i.__kernel_poly)
    __kernel_sin                             0x080107a9   Thumb Code   280  sin_i.o(i.__kernel_sin)
    __mathlib_dbl_divzero                    0x080108d9   Thumb Code    28  dunder.o(i.__mathlib_dbl_divzero)
    __mathlib_dbl_infnan                     0x08010909   Thumb Code    20  dunder.o(i.__mathlib_dbl_infnan)
    __mathlib_dbl_infnan2                    0x0801091d   Thumb Code    20  dunder.o(i.__mathlib_dbl_infnan2)
    __mathlib_dbl_invalid                    0x08010931   Thumb Code    24  dunder.o(i.__mathlib_dbl_invalid)
    __mathlib_dbl_overflow                   0x08010951   Thumb Code    24  dunder.o(i.__mathlib_dbl_overflow)
    __mathlib_dbl_underflow                  0x08010971   Thumb Code    24  dunder.o(i.__mathlib_dbl_underflow)
    __mathlib_flt_infnan                     0x08010991   Thumb Code     6  funder.o(i.__mathlib_flt_infnan)
    __mathlib_flt_infnan2                    0x08010997   Thumb Code     6  funder.o(i.__mathlib_flt_infnan2)
    __mathlib_flt_invalid                    0x0801099d   Thumb Code    10  funder.o(i.__mathlib_flt_invalid)
    __mathlib_flt_underflow                  0x080109ad   Thumb Code    10  funder.o(i.__mathlib_flt_underflow)
    __scatterload_copy                       0x080109bd   Thumb Code    14  handlers.o(i.__scatterload_copy)
    __scatterload_null                       0x080109cb   Thumb Code     2  handlers.o(i.__scatterload_null)
    __scatterload_zeroinit                   0x080109cd   Thumb Code    14  handlers.o(i.__scatterload_zeroinit)
    __set_errno                              0x080109dd   Thumb Code     6  errno.o(i.__set_errno)
    bmi088_accel_init                        0x080109e9   Thumb Code   348  bmi088driver.o(i.bmi088_accel_init)
    bmi088_gyro_init                         0x08010b55   Thumb Code   284  bmi088driver.o(i.bmi088_gyro_init)
    buzzerBsp_checkTickTolerance             0x08010c85   Thumb Code    18  buzzer_bsp.o(i.buzzerBsp_checkTickTolerance)
    buzzerBsp_setSwitch                      0x08010c97   Thumb Code    20  buzzer_bsp.o(i.buzzerBsp_setSwitch)
    buzzerBsp_setTimer                       0x08010cab   Thumb Code    20  buzzer_bsp.o(i.buzzerBsp_setTimer)
    buzzer_getTick                           0x08010cbf   Thumb Code    20  buzzer.o(i.buzzer_getTick)
    buzzer_handleInit                        0x08010cd5   Thumb Code    38  buzzer.o(i.buzzer_handleInit)
    buzzer_init_example                      0x08010d09   Thumb Code    62  buzzer.o(i.buzzer_init_example)
    buzzer_playCalibrated                    0x08010d55   Thumb Code   112  buzzer.o(i.buzzer_playCalibrated)
    buzzer_playCalibrating                   0x08010dc5   Thumb Code   112  buzzer.o(i.buzzer_playCalibrating)
    buzzer_playDeviceOffline                 0x08010e35   Thumb Code   112  buzzer.o(i.buzzer_playDeviceOffline)
    buzzer_playDjiStartUp                    0x08010ea5   Thumb Code   136  buzzer.o(i.buzzer_playDjiStartUp)
    buzzer_playTone                          0x08010f2d   Thumb Code   134  buzzer.o(i.buzzer_playTone)
    buzzer_setState                          0x08010fc5   Thumb Code    32  buzzer.o(i.buzzer_setState)
    buzzer_setTask                           0x08010fe5   Thumb Code    18  buzzer.o(i.buzzer_setTask)
    buzzer_taskScheduler                     0x08010ff7   Thumb Code   140  buzzer.o(i.buzzer_taskScheduler)
    buzzzerBsp_getTick                       0x08011083   Thumb Code    16  buzzer_bsp.o(i.buzzzerBsp_getTick)
    can_filter_mask_config                   0x08011093   Thumb Code   110  drv_can.o(i.can_filter_mask_config)
    cdc_vcp_data_rx                          0x08011101   Thumb Code   100  usbd_cdc_if.o(i.cdc_vcp_data_rx)
    fabs                                     0x080116a1   Thumb Code    24  fabs.o(i.fabs)
    float_constrain                          0x080116b9   Thumb Code    42  user_lib.o(i.float_constrain)
    float_rounding                           0x080116e5   Thumb Code    62  user_lib.o(i.float_rounding)
    int16_abs                                0x0801172d   Thumb Code    16  remote_control.o(i.int16_abs)
    main                                     0x08011779   Thumb Code   126  main.o(i.main)
    malloc                                   0x08011809   Thumb Code    92  malloc.o(i.malloc)
    rc_control_cali                          0x08011909   Thumb Code   102  remote_control.o(i.rc_control_cali)
    remote_control_init                      0x08011975   Thumb Code    16  remote_control.o(i.remote_control_init)
    sqrt                                     0x08011add   Thumb Code   110  sqrt_full.o(i.sqrt)
    sqrtf                                    0x08011b4b   Thumb Code    62  sqrtf_full.o(i.sqrtf)
    xb                                       0x08011b88   Data          12  ins_task.o(.constdata)
    yb                                       0x08011b94   Data          12  ins_task.o(.constdata)
    zb                                       0x08011ba0   Data          12  ins_task.o(.constdata)
    AHBPrescTable                            0x08011bc0   Data          16  system_stm32f4xx.o(.constdata)
    APBPrescTable                            0x08011bd0   Data           8  system_stm32f4xx.o(.constdata)
    IMU_QuaternionEKF_F                      0x08011bd8   Data         144  quaternionekf.o(.constdata)
    sinTable_f32                             0x08011e68   Data        2052  arm_common_tables.o(.constdata)
    __mathlib_zero                           0x08012728   Data           8  qnan.o(.constdata)
    Region$$Table$$Base                      0x08012820   Number         0  anon$$obj.o(Region$$Table)
    Region$$Table$$Limit                     0x08012840   Number         0  anon$$obj.o(Region$$Table)
    tempCtrl_data                            0x20000000   Data          56  ins_task.o(.data)
    INS_DWT_Count                            0x20000038   Data           4  ins_task.o(.data)
    ins_debug_mode                           0x20000044   Data           1  ins_task.o(.data)
    RefTemp                                  0x20000048   Data           4  ins_task.o(.data)
    uwTick                                   0x20000084   Data           4  stm32f4xx_hal.o(.data)
    uwTickPrio                               0x20000088   Data           4  stm32f4xx_hal.o(.data)
    uwTickFreq                               0x2000008c   Data           1  stm32f4xx_hal.o(.data)
    SystemCoreClock                          0x20000090   Data           4  system_stm32f4xx.o(.data)
    xpower                                   0x20000094   Data           4  fric.o(.data)
    left_fric_data                           0x20000098   Data          56  fric.o(.data)
    right_fric_data                          0x200000d0   Data          56  fric.o(.data)
    watch_left                               0x20000108   Data           4  fric.o(.data)
    watch_right                              0x2000010c   Data           4  fric.o(.data)
    watch_pid_out_right                      0x20000110   Data           4  fric.o(.data)
    watch_pid_out_left                       0x20000114   Data           4  fric.o(.data)
    watch_pid_iout_right                     0x20000118   Data           4  fric.o(.data)
    watch_pid_iout_left                      0x2000011c   Data           4  fric.o(.data)
    watch_pid_dout_right                     0x20000120   Data           4  fric.o(.data)
    watch_pid_dout_left                      0x20000124   Data           4  fric.o(.data)
    gimbal_pitch_encoder_speed_data          0x20000128   Data          56  gimbal.o(.data)
    gimbal_pitch_encoder_position_data       0x20000160   Data          56  gimbal.o(.data)
    gimbal_pitch_imu_speed_data              0x20000198   Data          56  gimbal.o(.data)
    gimbal_pitch_imu_position_data           0x200001d0   Data          56  gimbal.o(.data)
    gimbal_yaw_encoder_speed_data            0x20000208   Data          56  gimbal.o(.data)
    gimbal_yaw_encoder_position_data         0x20000240   Data          56  gimbal.o(.data)
    gimbal_yaw_imu_speed_data                0x20000278   Data          56  gimbal.o(.data)
    gimbal_yaw_imu_position_data             0x200002b0   Data          56  gimbal.o(.data)
    test                                     0x200002e8   Data           4  gimbal.o(.data)
    test_angle                               0x200002ec   Data           4  gimbal.o(.data)
    Transmission_Mode                        0x200002f0   Data           4  remote_control.o(.data)
    gimbal_time                              0x200002f8   Data           5  task_schedule.o(.data)
    temp                                     0x20000300   Data           4  task_schedule.o(.data)
    cnt                                      0x20000304   Data           2  task_schedule.o(.data)
    pwmVal                                   0x20000306   Data           2  task_schedule.o(.data)
    Trigger_Angle_Loop_Data                  0x20000308   Data          56  trigger.o(.data)
    Trigger_Speed_Loop_Data                  0x20000340   Data          56  trigger.o(.data)
    trigger_time                             0x20000378   Data           4  trigger.o(.data)
    CAN1_0x1ff_Tx_Data                       0x2000037c   Data           8  drv_can.o(.data)
    CAN1_0x200_Tx_Data                       0x20000384   Data           8  drv_can.o(.data)
    CAN1_0x2ff_Tx_Data                       0x2000038c   Data           8  drv_can.o(.data)
    CAN1_0xxf1_Tx_Data                       0x20000394   Data           8  drv_can.o(.data)
    CAN1_0xxf2_Tx_Data                       0x2000039c   Data           8  drv_can.o(.data)
    CAN1_0xxf3_Tx_Data                       0x200003a4   Data           8  drv_can.o(.data)
    CAN1_0xxf4_Tx_Data                       0x200003ac   Data           8  drv_can.o(.data)
    CAN1_0xxf5_Tx_Data                       0x200003b4   Data           8  drv_can.o(.data)
    CAN1_0xxf6_Tx_Data                       0x200003bc   Data           8  drv_can.o(.data)
    CAN1_0xxf7_Tx_Data                       0x200003c4   Data           8  drv_can.o(.data)
    CAN1_0xxf8_Tx_Data                       0x200003cc   Data           8  drv_can.o(.data)
    CAN2_0x1ff_Tx_Data                       0x200003d4   Data           8  drv_can.o(.data)
    CAN2_0x200_Tx_Data                       0x200003dc   Data           8  drv_can.o(.data)
    CAN2_0x2ff_Tx_Data                       0x200003e4   Data           8  drv_can.o(.data)
    CAN2_0xxf1_Tx_Data                       0x200003ec   Data           8  drv_can.o(.data)
    CAN2_0xxf2_Tx_Data                       0x200003f4   Data           8  drv_can.o(.data)
    CAN2_0xxf3_Tx_Data                       0x200003fc   Data           8  drv_can.o(.data)
    CAN2_0xxf4_Tx_Data                       0x20000404   Data           8  drv_can.o(.data)
    CAN2_0xxf5_Tx_Data                       0x2000040c   Data           8  drv_can.o(.data)
    CAN2_0xxf6_Tx_Data                       0x20000414   Data           8  drv_can.o(.data)
    CAN2_0xxf7_Tx_Data                       0x2000041c   Data           8  drv_can.o(.data)
    CAN2_0xxf8_Tx_Data                       0x20000424   Data           8  drv_can.o(.data)
    CAN2_0x150_Tx_Data                       0x2000042c   Data           8  drv_can.o(.data)
    CAN2_0x152_Tx_Data                       0x20000434   Data           8  drv_can.o(.data)
    CAN2_0x154_Tx_Data                       0x2000043c   Data           8  drv_can.o(.data)
    SysTime                                  0x20000448   Data           8  bsp_dwt.o(.data)
    CYCCNT64                                 0x20000468   Data           8  bsp_dwt.o(.data)
    sizeof_float                             0x20000488   Data           2  kalman_filter.o(.data)
    sizeof_double                            0x2000048a   Data           2  kalman_filter.o(.data)
    GlobalDebugMode                          0x2000048c   Data           1  user_lib.o(.data)
    BMI088_ACCEL_SEN                         0x200004a4   Data           4  bmi088driver.o(.data)
    BMI088_GYRO_SEN                          0x200004a8   Data           4  bmi088driver.o(.data)
    gNormDiff                                0x200004b0   Data           4  bmi088driver.o(.data)
    caliOffset                               0x200004b4   Data           1  bmi088driver.o(.data)
    caliCount                                0x200004b6   Data           2  bmi088driver.o(.data)
    BMI088_SPI                               0x200004ec   Data           4  bmi088middleware.o(.data)
    IMU_QuaternionEKF_P                      0x200004f0   Data         144  quaternionekf.o(.data)
    FS_Desc                                  0x200005c4   Data          28  usbd_desc.o(.data)
    USBD_LangIDDesc                          0x200005e0   Data           4  usbd_desc.o(.data)
    USBD_FS_DeviceDesc                       0x200005e4   Data          18  usbd_desc.o(.data)
    USBD_StringSerial                        0x200005f8   Data          26  usbd_desc.o(.data)
    start_receive_flag                       0x20000614   Data           1  usbd_cdc_if.o(.data)
    time3                                    0x20000618   Data           4  usbd_cdc_if.o(.data)
    time4                                    0x2000061c   Data           4  usbd_cdc_if.o(.data)
    USBD_Interface_fops_FS                   0x20000620   Data          20  usbd_cdc_if.o(.data)
    USBD_CDC                                 0x2000068c   Data          56  usbd_cdc.o(.data)
    __microlib_freelist                      0x200006c4   Data           4  mvars.o(.data)
    __microlib_freelist_initialised          0x200006c8   Data           4  mvars.o(.data)
    INS                                      0x200006d0   Data         140  ins_task.o(.bss)
    IMU_Param                                0x2000075c   Data          28  ins_task.o(.bss)
    TempCtrl                                 0x20000778   Data         144  ins_task.o(.bss)
    hcan1                                    0x20000808   Data          40  can.o(.bss)
    hcan2                                    0x20000830   Data          40  can.o(.bss)
    hi2c3                                    0x20000858   Data          84  i2c.o(.bss)
    hspi1                                    0x200008ac   Data          88  spi.o(.bss)
    hdma_spi1_rx                             0x20000904   Data          96  spi.o(.bss)
    hdma_spi1_tx                             0x20000964   Data          96  spi.o(.bss)
    htim3                                    0x200009c4   Data          72  tim.o(.bss)
    htim4                                    0x20000a0c   Data          72  tim.o(.bss)
    htim8                                    0x20000a54   Data          72  tim.o(.bss)
    htim9                                    0x20000a9c   Data          72  tim.o(.bss)
    htim10                                   0x20000ae4   Data          72  tim.o(.bss)
    huart3                                   0x20000b2c   Data          72  usart.o(.bss)
    huart6                                   0x20000b74   Data          72  usart.o(.bss)
    hdma_usart3_rx                           0x20000bbc   Data          96  usart.o(.bss)
    hdma_usart6_rx                           0x20000c1c   Data          96  usart.o(.bss)
    hdma_usart6_tx                           0x20000c7c   Data          96  usart.o(.bss)
    chassis                                  0x20000cdc   Data          52  can_connection.o(.bss)
    fric                                     0x20000d10   Data         812  fric.o(.bss)
    gimbal                                   0x2000103c   Data        1544  gimbal.o(.bss)
    delay_time                               0x20001644   Data          24  remote_control.o(.bss)
    RC                                       0x2000165c   Data          59  remote_control.o(.bss)
    vision_control                           0x200016e0   Data          40  vision.o(.bss)
    trigger                                  0x20001708   Data         412  trigger.o(.bss)
    buzzer                                   0x200018a4   Data          36  buzzer.o(.bss)
    CAN1_Manage_Object                       0x200018c8   Data          44  drv_can.o(.bss)
    CAN2_Manage_Object                       0x200018f4   Data          44  drv_can.o(.bss)
    gyroDiff                                 0x20001920   Data          12  bmi088driver.o(.bss)
    BMI088                                   0x2000192c   Data          52  bmi088driver.o(.bss)
    QEKF_INS                                 0x20001960   Data         480  quaternionekf.o(.bss)
    watch_F                                  0x20001b40   Data         144  quaternionekf.o(.bss)
    IMU_QuaternionEKF_K                      0x20001bd0   Data          72  quaternionekf.o(.bss)
    IMU_QuaternionEKF_H                      0x20001c18   Data          72  quaternionekf.o(.bss)
    hUsbDeviceFS                             0x20001c60   Data         732  usb_device.o(.bss)
    USBD_StrDesc                             0x20001f3c   Data         512  usbd_desc.o(.bss)
    UserRxBufferFS                           0x2000213c   Data        2048  usbd_cdc_if.o(.bss)
    UserTxBufferFS                           0x2000293c   Data        2048  usbd_cdc_if.o(.bss)
    Buffer                                   0x2000313c   Data          34  usbd_cdc_if.o(.bss)
    pack                                     0x2000315e   Data          18  usbd_cdc_if.o(.bss)
    receive_data                             0x20003170   Data          36  usbd_cdc_if.o(.bss)
    pack_rx                                  0x20003194   Data          24  usbd_cdc_if.o(.bss)
    hpcd_USB_OTG_FS                          0x200033cc   Data        1252  usbd_conf.o(.bss)
    __heap_base                              0x200038b0   Data           0  startup_stm32f407xx.o(HEAP)
    __heap_limit                             0x200047b0   Data           0  startup_stm32f407xx.o(HEAP)
    __initial_sp                             0x200056b0   Data           0  startup_stm32f407xx.o(STACK)



==============================================================================

Memory Map of the image

  Image Entry point : 0x08000189

  Load Region LR_IROM1 (Base: 0x08000000, Size: 0x00012f10, Max: 0x00100000, ABSOLUTE, COMPRESSED[0x00012a4c])

    Execution Region ER_IROM1 (Base: 0x08000000, Size: 0x00012840, Max: 0x00100000, ABSOLUTE)

    Base Addr    Size         Type   Attr      Idx    E Section Name        Object

    0x08000000   0x00000188   Data   RO            3    RESET               startup_stm32f407xx.o
    0x08000188   0x00000000   Code   RO         8118  * .ARM.Collect$$$$00000000  mc_w.l(entry.o)
    0x08000188   0x00000004   Code   RO         8234    .ARM.Collect$$$$00000001  mc_w.l(entry2.o)
    0x0800018c   0x00000004   Code   RO         8237    .ARM.Collect$$$$00000004  mc_w.l(entry5.o)
    0x08000190   0x00000000   Code   RO         8239    .ARM.Collect$$$$00000008  mc_w.l(entry7b.o)
    0x08000190   0x00000000   Code   RO         8241    .ARM.Collect$$$$0000000A  mc_w.l(entry8b.o)
    0x08000190   0x00000008   Code   RO         8242    .ARM.Collect$$$$0000000B  mc_w.l(entry9a.o)
    0x08000198   0x00000000   Code   RO         8244    .ARM.Collect$$$$0000000D  mc_w.l(entry10a.o)
    0x08000198   0x00000000   Code   RO         8246    .ARM.Collect$$$$0000000F  mc_w.l(entry11a.o)
    0x08000198   0x00000004   Code   RO         8235    .ARM.Collect$$$$00002712  mc_w.l(entry2.o)
    0x0800019c   0x00000024   Code   RO            4    .text               startup_stm32f407xx.o
    0x080001c0   0x00000094   Code   RO         7729    .text               arm_cortexM4lf_math.lib(arm_sin_f32.o)
    0x08000254   0x00000108   Code   RO         7753    .text               arm_cortexM4lf_math.lib(arm_mat_add_f32.o)
    0x0800035c   0x00000008   Code   RO         7777    .text               arm_cortexM4lf_math.lib(arm_mat_init_f32.o)
    0x08000364   0x00000530   Code   RO         7801    .text               arm_cortexM4lf_math.lib(arm_mat_inverse_f32.o)
    0x08000894   0x0000013c   Code   RO         7825    .text               arm_cortexM4lf_math.lib(arm_mat_mult_f32.o)
    0x080009d0   0x00000108   Code   RO         7849    .text               arm_cortexM4lf_math.lib(arm_mat_sub_f32.o)
    0x08000ad8   0x00000114   Code   RO         7873    .text               arm_cortexM4lf_math.lib(arm_mat_trans_f32.o)
    0x08000bec   0x00000062   Code   RO         8121    .text               mc_w.l(uldiv.o)
    0x08000c4e   0x00000024   Code   RO         8126    .text               mc_w.l(memcpya.o)
    0x08000c72   0x00000024   Code   RO         8128    .text               mc_w.l(memseta.o)
    0x08000c96   0x0000014e   Code   RO         8160    .text               mf_w.l(dadd.o)
    0x08000de4   0x000000e4   Code   RO         8162    .text               mf_w.l(dmul.o)
    0x08000ec8   0x000000de   Code   RO         8164    .text               mf_w.l(ddiv.o)
    0x08000fa6   0x00000022   Code   RO         8168    .text               mf_w.l(dflti.o)
    0x08000fc8   0x0000001a   Code   RO         8170    .text               mf_w.l(dfltui.o)
    0x08000fe2   0x0000003e   Code   RO         8172    .text               mf_w.l(dfixi.o)
    0x08001020   0x00000026   Code   RO         8174    .text               mf_w.l(f2d.o)
    0x08001046   0x00000002   PAD
    0x08001048   0x00000030   Code   RO         8178    .text               mf_w.l(cdrcmple.o)
    0x08001078   0x00000038   Code   RO         8180    .text               mf_w.l(d2f.o)
    0x080010b0   0x0000001e   Code   RO         8248    .text               mc_w.l(llshl.o)
    0x080010ce   0x00000020   Code   RO         8250    .text               mc_w.l(llushr.o)
    0x080010ee   0x00000024   Code   RO         8252    .text               mc_w.l(llsshr.o)
    0x08001112   0x00000000   Code   RO         8263    .text               mc_w.l(iusefp.o)
    0x08001112   0x0000006e   Code   RO         8264    .text               mf_w.l(fepilogue.o)
    0x08001180   0x000000ba   Code   RO         8266    .text               mf_w.l(depilogue.o)
    0x0800123a   0x0000002e   Code   RO         8268    .text               mf_w.l(dscalb.o)
    0x08001268   0x000000a2   Code   RO         8270    .text               mf_w.l(dsqrt.o)
    0x0800130a   0x00000002   PAD
    0x0800130c   0x00000024   Code   RO         8272    .text               mc_w.l(init.o)
    0x08001330   0x00000056   Code   RO         8282    .text               mc_w.l(__dczerorl2.o)
    0x08001386   0x00000028   Code   RO         6935    i.Append_CRC16_Check_Sum  usbd_cdc_if.o
    0x080013ae   0x00000002   PAD
    0x080013b0   0x00000014   Code   RO         6576    i.BMI088_ACCEL_NS_H  bmi088middleware.o
    0x080013c4   0x00000014   Code   RO         6577    i.BMI088_ACCEL_NS_L  bmi088middleware.o
    0x080013d8   0x00000014   Code   RO         6578    i.BMI088_GYRO_NS_H  bmi088middleware.o
    0x080013ec   0x00000014   Code   RO         6579    i.BMI088_GYRO_NS_L  bmi088middleware.o
    0x08001400   0x0000027c   Code   RO         6495    i.BMI088_Read       bmi088driver.o
    0x0800167c   0x00000098   Code   RO         6496    i.BMI088_init       bmi088driver.o
    0x08001714   0x00000026   Code   RO         6497    i.BMI088_read_muli_reg  bmi088driver.o
    0x0800173a   0x00000018   Code   RO         6498    i.BMI088_read_single_reg  bmi088driver.o
    0x08001752   0x00000002   PAD
    0x08001754   0x00000024   Code   RO         6580    i.BMI088_read_write_byte  bmi088middleware.o
    0x08001778   0x00000014   Code   RO         6499    i.BMI088_write_single_reg  bmi088driver.o
    0x0800178c   0x0000015a   Code   RO           13    i.BodyFrameToEarthFrame  ins_task.o
    0x080018e6   0x00000004   Code   RO          702    i.BusFault_Handler  stm32f4xx_it.o
    0x080018ea   0x00000002   PAD
    0x080018ec   0x00000098   Code   RO         5208    i.CAN1_Call_Back    can_connection.o
    0x08001984   0x00000010   Code   RO          703    i.CAN1_RX0_IRQHandler  stm32f4xx_it.o
    0x08001994   0x00000010   Code   RO          704    i.CAN1_TX_IRQHandler  stm32f4xx_it.o
    0x080019a4   0x000000b0   Code   RO         5209    i.CAN2_Call_Back    can_connection.o
    0x08001a54   0x00000010   Code   RO          705    i.CAN2_RX0_IRQHandler  stm32f4xx_it.o
    0x08001a64   0x00000010   Code   RO          706    i.CAN2_TX_IRQHandler  stm32f4xx_it.o
    0x08001a74   0x000000f8   Code   RO         5963    i.CAN_Init          drv_can.o
    0x08001b6c   0x00000028   Code   RO         5964    i.CAN_Send_Data     drv_can.o
    0x08001b94   0x00000008   Code   RO         6936    i.CDC_Control_FS    usbd_cdc_if.o
    0x08001b9c   0x00000004   Code   RO         6937    i.CDC_DeInit_FS     usbd_cdc_if.o
    0x08001ba0   0x00000024   Code   RO         6938    i.CDC_Init_FS       usbd_cdc_if.o
    0x08001bc4   0x00000030   Code   RO         6939    i.CDC_Receive_FS    usbd_cdc_if.o
    0x08001bf4   0x00000004   Code   RO         6940    i.CDC_TransmitCplt_FS  usbd_cdc_if.o
    0x08001bf8   0x0000002c   Code   RO         6941    i.CDC_Transmit_FS   usbd_cdc_if.o
    0x08001c24   0x00000540   Code   RO         6500    i.Calibrate_MPU_Offset  bmi088driver.o
    0x08002164   0x00000024   Code   RO         5210    i.Can_Connection_Init  can_connection.o
    0x08002188   0x000000a4   Code   RO         5211    i.Can_Send_Task     can_connection.o
    0x0800222c   0x00000014   Code   RO         5212    i.Chassis_Connection_Init  can_connection.o
    0x08002240   0x0000000c   Code   RO         5213    i.Chassis_Connection_Task  can_connection.o
    0x0800224c   0x000000c8   Code   RO         5214    i.Chassis_Send_data_Update  can_connection.o
    0x08002314   0x00000060   Code   RO         5215    i.Chassis_Speed_Update  can_connection.o
    0x08002374   0x0000014c   Code   RO         5525    i.Control_Mode_Update  remote_control.o
    0x080024c0   0x00000010   Code   RO          707    i.DMA1_Stream1_IRQHandler  stm32f4xx_it.o
    0x080024d0   0x00000010   Code   RO          708    i.DMA2_Stream1_IRQHandler  stm32f4xx_it.o
    0x080024e0   0x00000010   Code   RO          709    i.DMA2_Stream2_IRQHandler  stm32f4xx_it.o
    0x080024f0   0x00000010   Code   RO          710    i.DMA2_Stream3_IRQHandler  stm32f4xx_it.o
    0x08002500   0x00000010   Code   RO          711    i.DMA2_Stream6_IRQHandler  stm32f4xx_it.o
    0x08002510   0x00000034   Code   RO         1998    i.DMA_CalcBaseAndBitshift  stm32f4xx_hal_dma.o
    0x08002544   0x000000aa   Code   RO         1999    i.DMA_CheckFifoParam  stm32f4xx_hal_dma.o
    0x080025ee   0x00000002   PAD
    0x080025f0   0x00000094   Code   RO         6942    i.DMA_Send          usbd_cdc_if.o
    0x08002684   0x00000030   Code   RO         6175    i.DWT_CNT_Update    bsp_dwt.o
    0x080026b4   0x0000003c   Code   RO         6176    i.DWT_Delay         bsp_dwt.o
    0x080026f0   0x0000004c   Code   RO         6177    i.DWT_GetDeltaT     bsp_dwt.o
    0x0800273c   0x00000054   Code   RO         6180    i.DWT_GetTimeline_s  bsp_dwt.o
    0x08002790   0x00000068   Code   RO         6182    i.DWT_Init          bsp_dwt.o
    0x080027f8   0x000000d0   Code   RO         6183    i.DWT_SysTimeUpdate  bsp_dwt.o
    0x080028c8   0x00000002   Code   RO          712    i.DebugMon_Handler  stm32f4xx_it.o
    0x080028ca   0x00000002   PAD
    0x080028cc   0x000000c8   Code   RO         5526    i.Delay_Cnt_Task    remote_control.o
    0x08002994   0x0000006e   Code   RO         6034    i.Difference_Filter  motor.o
    0x08002a02   0x0000000a   Code   RO          713    i.EXTI3_IRQHandler  stm32f4xx_it.o
    0x08002a0c   0x0000000a   Code   RO          714    i.EXTI4_IRQHandler  stm32f4xx_it.o
    0x08002a16   0x0000000a   Code   RO          715    i.EXTI9_5_IRQHandler  stm32f4xx_it.o
    0x08002a20   0x0000015a   Code   RO           14    i.EarthFrameToBodyFrame  ins_task.o
    0x08002b7a   0x00000006   Code   RO          259    i.Error_Handler     main.o
    0x08002b80   0x0000020c   Code   RO         5692    i.Error_State_Judge  task_schedule.o
    0x08002d8c   0x0000007c   Code   RO         5527    i.Follow_Switch_Flag_Update  remote_control.o
    0x08002e08   0x00000064   Code   RO         5326    i.Fric_Command_Update  fric.o
    0x08002e6c   0x00000150   Code   RO         5327    i.Fric_Current_Update  fric.o
    0x08002fbc   0x0000005c   Code   RO         5329    i.Fric_Init         fric.o
    0x08003018   0x000000b4   Code   RO         5330    i.Fric_Status_Update  fric.o
    0x080030cc   0x00000018   Code   RO         5331    i.Fric_Task         fric.o
    0x080030e4   0x00000114   Code   RO         5528    i.Fric_Wheel_Mode_Update  remote_control.o
    0x080031f8   0x00000004   Code   RO         6035    i.GM6020_Command_Update  motor.o
    0x080031fc   0x00000020   Code   RO         6036    i.GM6020_Current_From_Lsb_To_Ampere  motor.o
    0x0800321c   0x0000002a   Code   RO         6037    i.GM6020_Feedback_Update  motor.o
    0x08003246   0x0000000c   Code   RO         6038    i.GM6020_Init       motor.o
    0x08003252   0x00000002   PAD
    0x08003254   0x00000024   Code   RO         6039    i.GM6020_Position_From_Lsb_To_Degree  motor.o
    0x08003278   0x0000002c   Code   RO         6040    i.GM6020_Position_From_Lsb_To_Rad  motor.o
    0x080032a4   0x000001c0   Code   RO         6041    i.GM6020_Status_Update  motor.o
    0x08003464   0x00000030   Code   RO         6943    i.Get_CRC16_Check_Sum  usbd_cdc_if.o
    0x08003494   0x00000038   Code   RO         6844    i.Get_SerialNum     usbd_desc.o
    0x080034cc   0x000000fc   Code   RO         5409    i.Gimbal_Affiliated_Pitch_Task  gimbal.o
    0x080035c8   0x00000120   Code   RO         5410    i.Gimbal_Cali_Task  gimbal.o
    0x080036e8   0x00000210   Code   RO         5411    i.Gimbal_Command_Update  gimbal.o
    0x080038f8   0x000000f8   Code   RO         5412    i.Gimbal_Init       gimbal.o
    0x080039f0   0x0000017c   Code   RO         5413    i.Gimbal_Mode_Change_Judge  gimbal.o
    0x08003b6c   0x00000294   Code   RO         5414    i.Gimbal_Motor_Command_Update  gimbal.o
    0x08003e00   0x00000060   Code   RO         5415    i.Gimbal_Motor_Mode_Update  gimbal.o
    0x08003e60   0x00000064   Code   RO         5416    i.Gimbal_Send_command_Update  gimbal.o
    0x08003ec4   0x000002e0   Code   RO         5417    i.Gimbal_Statue_Update  gimbal.o
    0x080041a4   0x000000b8   Code   RO         5418    i.Gimbal_Task       gimbal.o
    0x0800425c   0x0000002a   Code   RO         2683    i.HAL_CAN_ActivateNotification  stm32f4xx_hal_can.o
    0x08004286   0x0000014a   Code   RO         2684    i.HAL_CAN_AddTxMessage  stm32f4xx_hal_can.o
    0x080043d0   0x00000124   Code   RO         2685    i.HAL_CAN_ConfigFilter  stm32f4xx_hal_can.o
    0x080044f4   0x00000002   Code   RO         2688    i.HAL_CAN_ErrorCallback  stm32f4xx_hal_can.o
    0x080044f6   0x00000194   Code   RO         2691    i.HAL_CAN_GetRxMessage  stm32f4xx_hal_can.o
    0x0800468a   0x0000024e   Code   RO         2695    i.HAL_CAN_IRQHandler  stm32f4xx_hal_can.o
    0x080048d8   0x00000174   Code   RO         2696    i.HAL_CAN_Init      stm32f4xx_hal_can.o
    0x08004a4c   0x00000180   Code   RO          426    i.HAL_CAN_MspInit   can.o
    0x08004bcc   0x00000002   Code   RO         2703    i.HAL_CAN_RxFifo0FullCallback  stm32f4xx_hal_can.o
    0x08004bce   0x00000002   PAD
    0x08004bd0   0x00000058   Code   RO         5967    i.HAL_CAN_RxFifo0MsgPendingCallback  drv_can.o
    0x08004c28   0x00000002   Code   RO         2705    i.HAL_CAN_RxFifo1FullCallback  stm32f4xx_hal_can.o
    0x08004c2a   0x00000002   PAD
    0x08004c2c   0x00000058   Code   RO         5968    i.HAL_CAN_RxFifo1MsgPendingCallback  drv_can.o
    0x08004c84   0x00000002   Code   RO         2707    i.HAL_CAN_SleepCallback  stm32f4xx_hal_can.o
    0x08004c86   0x0000005e   Code   RO         2708    i.HAL_CAN_Start     stm32f4xx_hal_can.o
    0x08004ce4   0x00000002   Code   RO         2710    i.HAL_CAN_TxMailbox0AbortCallback  stm32f4xx_hal_can.o
    0x08004ce6   0x00000002   Code   RO         2711    i.HAL_CAN_TxMailbox0CompleteCallback  stm32f4xx_hal_can.o
    0x08004ce8   0x00000002   Code   RO         2712    i.HAL_CAN_TxMailbox1AbortCallback  stm32f4xx_hal_can.o
    0x08004cea   0x00000002   Code   RO         2713    i.HAL_CAN_TxMailbox1CompleteCallback  stm32f4xx_hal_can.o
    0x08004cec   0x00000002   Code   RO         2714    i.HAL_CAN_TxMailbox2AbortCallback  stm32f4xx_hal_can.o
    0x08004cee   0x00000002   Code   RO         2715    i.HAL_CAN_TxMailbox2CompleteCallback  stm32f4xx_hal_can.o
    0x08004cf0   0x00000002   Code   RO         2717    i.HAL_CAN_WakeUpFromRxMsgCallback  stm32f4xx_hal_can.o
    0x08004cf2   0x000000ac   Code   RO         2001    i.HAL_DMA_Abort     stm32f4xx_hal_dma.o
    0x08004d9e   0x00000028   Code   RO         2002    i.HAL_DMA_Abort_IT  stm32f4xx_hal_dma.o
    0x08004dc6   0x00000002   PAD
    0x08004dc8   0x00000240   Code   RO         2006    i.HAL_DMA_IRQHandler  stm32f4xx_hal_dma.o
    0x08005008   0x000000ec   Code   RO         2007    i.HAL_DMA_Init      stm32f4xx_hal_dma.o
    0x080050f4   0x00000028   Code   RO         2431    i.HAL_Delay         stm32f4xx_hal.o
    0x0800511c   0x00000002   Code   RO         1892    i.HAL_GPIO_EXTI_Callback  stm32f4xx_hal_gpio.o
    0x0800511e   0x00000002   PAD
    0x08005120   0x0000001c   Code   RO         1893    i.HAL_GPIO_EXTI_IRQHandler  stm32f4xx_hal_gpio.o
    0x0800513c   0x000001f4   Code   RO         1894    i.HAL_GPIO_Init     stm32f4xx_hal_gpio.o
    0x08005330   0x0000000c   Code   RO         1898    i.HAL_GPIO_WritePin  stm32f4xx_hal_gpio.o
    0x0800533c   0x0000000c   Code   RO         2437    i.HAL_GetTick       stm32f4xx_hal.o
    0x08005348   0x000001d0   Code   RO         2927    i.HAL_I2C_Init      stm32f4xx_hal_i2c.o
    0x08005518   0x000000c8   Code   RO          499    i.HAL_I2C_MspInit   i2c.o
    0x080055e0   0x00000018   Code   RO         2443    i.HAL_IncTick       stm32f4xx_hal.o
    0x080055f8   0x0000003c   Code   RO         2444    i.HAL_Init          stm32f4xx_hal.o
    0x08005634   0x0000004c   Code   RO         2445    i.HAL_InitTick      stm32f4xx_hal.o
    0x08005680   0x00000048   Code   RO          874    i.HAL_MspInit       stm32f4xx_hal_msp.o
    0x080056c8   0x00000028   Code   RO         2284    i.HAL_NVIC_EnableIRQ  stm32f4xx_hal_cortex.o
    0x080056f0   0x0000007c   Code   RO         2290    i.HAL_NVIC_SetPriority  stm32f4xx_hal_cortex.o
    0x0800576c   0x00000028   Code   RO         2291    i.HAL_NVIC_SetPriorityGrouping  stm32f4xx_hal_cortex.o
    0x08005794   0x00000002   Code   RO         1142    i.HAL_PCDEx_LPM_Callback  stm32f4xx_hal_pcd_ex.o
    0x08005796   0x0000000a   Code   RO         1143    i.HAL_PCDEx_SetRxFiFo  stm32f4xx_hal_pcd_ex.o
    0x080057a0   0x0000004e   Code   RO         1144    i.HAL_PCDEx_SetTxFiFo  stm32f4xx_hal_pcd_ex.o
    0x080057ee   0x00000008   Code   RO         7046    i.HAL_PCD_ConnectCallback  usbd_conf.o
    0x080057f6   0x00000012   Code   RO         7047    i.HAL_PCD_DataInStageCallback  usbd_conf.o
    0x08005808   0x00000014   Code   RO         7048    i.HAL_PCD_DataOutStageCallback  usbd_conf.o
    0x0800581c   0x00000008   Code   RO         7049    i.HAL_PCD_DisconnectCallback  usbd_conf.o
    0x08005824   0x00000042   Code   RO          907    i.HAL_PCD_EP_Abort  stm32f4xx_hal_pcd.o
    0x08005866   0x0000006a   Code   RO          908    i.HAL_PCD_EP_Close  stm32f4xx_hal_pcd.o
    0x080058d0   0x0000007c   Code   RO          909    i.HAL_PCD_EP_ClrStall  stm32f4xx_hal_pcd.o
    0x0800594c   0x00000016   Code   RO          911    i.HAL_PCD_EP_GetRxCount  stm32f4xx_hal_pcd.o
    0x08005962   0x0000008c   Code   RO          912    i.HAL_PCD_EP_Open   stm32f4xx_hal_pcd.o
    0x080059ee   0x00000046   Code   RO          913    i.HAL_PCD_EP_Receive  stm32f4xx_hal_pcd.o
    0x08005a34   0x0000008a   Code   RO          914    i.HAL_PCD_EP_SetStall  stm32f4xx_hal_pcd.o
    0x08005abe   0x00000048   Code   RO          915    i.HAL_PCD_EP_Transmit  stm32f4xx_hal_pcd.o
    0x08005b06   0x000006ca   Code   RO          917    i.HAL_PCD_IRQHandler  stm32f4xx_hal_pcd.o
    0x080061d0   0x00000008   Code   RO         7050    i.HAL_PCD_ISOINIncompleteCallback  usbd_conf.o
    0x080061d8   0x00000008   Code   RO         7051    i.HAL_PCD_ISOOUTIncompleteCallback  usbd_conf.o
    0x080061e0   0x0000015e   Code   RO          920    i.HAL_PCD_Init      stm32f4xx_hal_pcd.o
    0x0800633e   0x00000002   PAD
    0x08006340   0x00000084   Code   RO         7053    i.HAL_PCD_MspInit   usbd_conf.o
    0x080063c4   0x0000002e   Code   RO         7054    i.HAL_PCD_ResetCallback  usbd_conf.o
    0x080063f2   0x00000008   Code   RO         7055    i.HAL_PCD_ResumeCallback  usbd_conf.o
    0x080063fa   0x00000008   Code   RO         7056    i.HAL_PCD_SOFCallback  usbd_conf.o
    0x08006402   0x00000034   Code   RO          926    i.HAL_PCD_SetAddress  stm32f4xx_hal_pcd.o
    0x08006436   0x0000000e   Code   RO         7057    i.HAL_PCD_SetupStageCallback  usbd_conf.o
    0x08006444   0x0000004c   Code   RO          929    i.HAL_PCD_Start     stm32f4xx_hal_pcd.o
    0x08006490   0x00000030   Code   RO         7058    i.HAL_PCD_SuspendCallback  usbd_conf.o
    0x080064c0   0x00000184   Code   RO         1495    i.HAL_RCC_ClockConfig  stm32f4xx_hal_rcc.o
    0x08006644   0x0000000c   Code   RO         1500    i.HAL_RCC_GetHCLKFreq  stm32f4xx_hal_rcc.o
    0x08006650   0x00000020   Code   RO         1502    i.HAL_RCC_GetPCLK1Freq  stm32f4xx_hal_rcc.o
    0x08006670   0x00000020   Code   RO         1503    i.HAL_RCC_GetPCLK2Freq  stm32f4xx_hal_rcc.o
    0x08006690   0x000000b0   Code   RO         1504    i.HAL_RCC_GetSysClockFreq  stm32f4xx_hal_rcc.o
    0x08006740   0x0000049c   Code   RO         1507    i.HAL_RCC_OscConfig  stm32f4xx_hal_rcc.o
    0x08006bdc   0x000000c8   Code   RO         3422    i.HAL_SPI_Init      stm32f4xx_hal_spi.o
    0x08006ca4   0x00000164   Code   RO          541    i.HAL_SPI_MspInit   spi.o
    0x08006e08   0x00000240   Code   RO         3431    i.HAL_SPI_TransmitReceive  stm32f4xx_hal_spi.o
    0x08007048   0x00000034   Code   RO         2295    i.HAL_SYSTICK_Config  stm32f4xx_hal_cortex.o
    0x0800707c   0x00000002   Code   RO         4450    i.HAL_TIMEx_BreakCallback  stm32f4xx_hal_tim_ex.o
    0x0800707e   0x00000002   Code   RO         4451    i.HAL_TIMEx_CommutCallback  stm32f4xx_hal_tim_ex.o
    0x08007080   0x00000074   Code   RO         4453    i.HAL_TIMEx_ConfigBreakDeadTime  stm32f4xx_hal_tim_ex.o
    0x080070f4   0x000000b4   Code   RO         4469    i.HAL_TIMEx_MasterConfigSynchronization  stm32f4xx_hal_tim_ex.o
    0x080071a8   0x00000066   Code   RO         3735    i.HAL_TIM_Base_Init  stm32f4xx_hal_tim.o
    0x0800720e   0x00000002   PAD
    0x08007210   0x00000118   Code   RO          583    i.HAL_TIM_Base_MspInit  tim.o
    0x08007328   0x0000009c   Code   RO         3738    i.HAL_TIM_Base_Start  stm32f4xx_hal_tim.o
    0x080073c4   0x000000a8   Code   RO         3740    i.HAL_TIM_Base_Start_IT  stm32f4xx_hal_tim.o
    0x0800746c   0x0000010c   Code   RO         3744    i.HAL_TIM_ConfigClockSource  stm32f4xx_hal_tim.o
    0x08007578   0x00000002   Code   RO         3769    i.HAL_TIM_IC_CaptureCallback  stm32f4xx_hal_tim.o
    0x0800757a   0x0000016c   Code   RO         3783    i.HAL_TIM_IRQHandler  stm32f4xx_hal_tim.o
    0x080076e6   0x00000002   PAD
    0x080076e8   0x00000138   Code   RO          584    i.HAL_TIM_MspPostInit  tim.o
    0x08007820   0x00000002   Code   RO         3786    i.HAL_TIM_OC_DelayElapsedCallback  stm32f4xx_hal_tim.o
    0x08007822   0x00000104   Code   RO         3807    i.HAL_TIM_PWM_ConfigChannel  stm32f4xx_hal_tim.o
    0x08007926   0x00000066   Code   RO         3810    i.HAL_TIM_PWM_Init  stm32f4xx_hal_tim.o
    0x0800798c   0x00000002   Code   RO         3812    i.HAL_TIM_PWM_MspInit  stm32f4xx_hal_tim.o
    0x0800798e   0x00000002   Code   RO         3813    i.HAL_TIM_PWM_PulseFinishedCallback  stm32f4xx_hal_tim.o
    0x08007990   0x0000010c   Code   RO         3815    i.HAL_TIM_PWM_Start  stm32f4xx_hal_tim.o
    0x08007a9c   0x000000a8   Code   RO         3818    i.HAL_TIM_PWM_Stop  stm32f4xx_hal_tim.o
    0x08007b44   0x000000ac   Code   RO         5693    i.HAL_TIM_PeriodElapsedCallback  task_schedule.o
    0x08007bf0   0x00000002   Code   RO         3826    i.HAL_TIM_TriggerCallback  stm32f4xx_hal_tim.o
    0x08007bf2   0x00000002   Code   RO         4729    i.HAL_UARTEx_RxEventCallback  stm32f4xx_hal_uart.o
    0x08007bf4   0x00000002   Code   RO         4743    i.HAL_UART_ErrorCallback  stm32f4xx_hal_uart.o
    0x08007bf6   0x00000002   PAD
    0x08007bf8   0x000002e8   Code   RO         4746    i.HAL_UART_IRQHandler  stm32f4xx_hal_uart.o
    0x08007ee0   0x00000076   Code   RO         4747    i.HAL_UART_Init     stm32f4xx_hal_uart.o
    0x08007f56   0x00000002   PAD
    0x08007f58   0x000001f4   Code   RO          655    i.HAL_UART_MspInit  usart.o
    0x0800814c   0x00000002   Code   RO         4753    i.HAL_UART_RxCpltCallback  stm32f4xx_hal_uart.o
    0x0800814e   0x00000002   Code   RO         4758    i.HAL_UART_TxCpltCallback  stm32f4xx_hal_uart.o
    0x08008150   0x00000130   Code   RO         6279    i.H_K_R_Adjustment  kalman_filter.o
    0x08008280   0x00000004   Code   RO          716    i.HardFault_Handler  stm32f4xx_it.o
    0x08008284   0x00000238   Code   RO         6745    i.IMU_QuaternionEKF_F_Linearization_P_Fading  quaternionekf.o
    0x080084bc   0x00000144   Code   RO         6746    i.IMU_QuaternionEKF_Init  quaternionekf.o
    0x08008600   0x00000034   Code   RO         6747    i.IMU_QuaternionEKF_Observe  quaternionekf.o
    0x08008634   0x00000128   Code   RO         6748    i.IMU_QuaternionEKF_SetH  quaternionekf.o
    0x0800875c   0x00000644   Code   RO         6749    i.IMU_QuaternionEKF_Update  quaternionekf.o
    0x08008da0   0x00000508   Code   RO         6750    i.IMU_QuaternionEKF_xhatUpdate  quaternionekf.o
    0x080092a8   0x00000074   Code   RO           17    i.IMU_Temperature_Ctrl  ins_task.o
    0x0800931c   0x00000094   Code   RO           18    i.INS_Init          ins_task.o
    0x080093b0   0x00000260   Code   RO           19    i.INS_Task          ins_task.o
    0x08009610   0x00000030   Code   RO         5694    i.Init_Task         task_schedule.o
    0x08009640   0x0000003e   Code   RO         6845    i.IntToUnicode      usbd_desc.o
    0x0800967e   0x00000002   PAD
    0x08009680   0x0000007c   Code   RO         5529    i.Invert_Flag_Update  remote_control.o
    0x080096fc   0x0000070c   Code   RO         6280    i.Kalman_Filter_Init  kalman_filter.o
    0x08009e08   0x00000050   Code   RO         6281    i.Kalman_Filter_Measure  kalman_filter.o
    0x08009e58   0x00000068   Code   RO         6282    i.Kalman_Filter_P_Update  kalman_filter.o
    0x08009ec0   0x00000068   Code   RO         6283    i.Kalman_Filter_PminusUpdate  kalman_filter.o
    0x08009f28   0x000000d2   Code   RO         6284    i.Kalman_Filter_SetK  kalman_filter.o
    0x08009ffa   0x00000002   PAD
    0x08009ffc   0x00000128   Code   RO         6285    i.Kalman_Filter_Update  kalman_filter.o
    0x0800a124   0x0000007c   Code   RO         6286    i.Kalman_Filter_xhatMinusUpdate  kalman_filter.o
    0x0800a1a0   0x00000086   Code   RO         6287    i.Kalman_Filter_xhatUpdate  kalman_filter.o
    0x0800a226   0x00000036   Code   RO         6042    i.M3508_Command_Update  motor.o
    0x0800a25c   0x00000020   Code   RO         6043    i.M3508_Current_From_Ampere_To_Lsb  motor.o
    0x0800a27c   0x00000020   Code   RO         6044    i.M3508_Current_From_Lsb_To_Ampere  motor.o
    0x0800a29c   0x0000002c   Code   RO         6045    i.M3508_Feedback_Update  motor.o
    0x0800a2c8   0x0000000c   Code   RO         6046    i.M3508_Init        motor.o
    0x0800a2d4   0x00000024   Code   RO         6047    i.M3508_Position_From_Lsb_To_Degree  motor.o
    0x0800a2f8   0x0000002c   Code   RO         6048    i.M3508_Position_From_Lsb_To_Rad  motor.o
    0x0800a324   0x000000d0   Code   RO         6049    i.M3508_Status_Update  motor.o
    0x0800a3f4   0x00000048   Code   RO          427    i.MX_CAN1_Init      can.o
    0x0800a43c   0x00000048   Code   RO          428    i.MX_CAN2_Init      can.o
    0x0800a484   0x00000098   Code   RO          474    i.MX_DMA_Init       dma.o
    0x0800a51c   0x000001d0   Code   RO          401    i.MX_GPIO_Init      gpio.o
    0x0800a6ec   0x0000003c   Code   RO          500    i.MX_I2C3_Init      i2c.o
    0x0800a728   0x00000048   Code   RO          542    i.MX_SPI1_Init      spi.o
    0x0800a770   0x0000006c   Code   RO          585    i.MX_TIM10_Init     tim.o
    0x0800a7dc   0x00000070   Code   RO          586    i.MX_TIM3_Init      tim.o
    0x0800a84c   0x000000a4   Code   RO          587    i.MX_TIM4_Init      tim.o
    0x0800a8f0   0x000000e8   Code   RO          588    i.MX_TIM8_Init      tim.o
    0x0800a9d8   0x00000054   Code   RO          589    i.MX_TIM9_Init      tim.o
    0x0800aa2c   0x00000040   Code   RO          656    i.MX_USART3_UART_Init  usart.o
    0x0800aa6c   0x00000038   Code   RO          657    i.MX_USART6_UART_Init  usart.o
    0x0800aaa4   0x00000054   Code   RO         6809    i.MX_USB_DEVICE_Init  usb_device.o
    0x0800aaf8   0x00000004   Code   RO          717    i.MemManage_Handler  stm32f4xx_it.o
    0x0800aafc   0x00000004   Code   RO          718    i.NMI_Handler       stm32f4xx_it.o
    0x0800ab00   0x00000010   Code   RO          719    i.OTG_FS_IRQHandler  stm32f4xx_it.o
    0x0800ab10   0x00000064   Code   RO          933    i.PCD_EP_OutSetupPacket_int  stm32f4xx_hal_pcd.o
    0x0800ab74   0x00000144   Code   RO          934    i.PCD_EP_OutXfrComplete_int  stm32f4xx_hal_pcd.o
    0x0800acb8   0x000000b6   Code   RO          935    i.PCD_WriteEmptyTxFifo  stm32f4xx_hal_pcd.o
    0x0800ad6e   0x00000002   PAD
    0x0800ad70   0x000001ac   Code   RO         5124    i.PID_Calculate     pid.o
    0x0800af1c   0x00000028   Code   RO         5125    i.PID_Init          pid.o
    0x0800af44   0x00000002   Code   RO          720    i.PendSV_Handler    stm32f4xx_it.o
    0x0800af46   0x00000002   PAD
    0x0800af48   0x00000100   Code   RO         5419    i.Pitch_Gravity_Compensation  gimbal.o
    0x0800b048   0x00000198   Code   RO         5530    i.Precision_Mode_Update  remote_control.o
    0x0800b1e0   0x00000070   Code   RO         5531    i.RC_data_is_error  remote_control.o
    0x0800b250   0x0000009c   Code   RO         5532    i.RC_init           remote_control.o
    0x0800b2ec   0x000000c4   Code   RO         5533    i.RC_restart        remote_control.o
    0x0800b3b0   0x00000048   Code   RO         5534    i.Rc_Mode_Update    remote_control.o
    0x0800b3f8   0x0000047c   Code   RO         5535    i.Remote_Command_Update  remote_control.o
    0x0800b874   0x0000001c   Code   RO         5536    i.Remote_Init       remote_control.o
    0x0800b890   0x00000030   Code   RO         5537    i.Remote_Task       remote_control.o
    0x0800b8c0   0x00000088   Code   RO         3460    i.SPI_EndRxTxTransaction  stm32f4xx_hal_spi.o
    0x0800b948   0x000000d8   Code   RO         3465    i.SPI_WaitFlagStateUntilTimeout  stm32f4xx_hal_spi.o
    0x0800ba20   0x00000002   Code   RO          721    i.SVC_Handler       stm32f4xx_it.o
    0x0800ba22   0x00000008   Code   RO          722    i.SysTick_Handler   stm32f4xx_it.o
    0x0800ba2a   0x00000002   PAD
    0x0800ba2c   0x000000b4   Code   RO          260    i.SystemClock_Config  main.o
    0x0800bae0   0x00000014   Code   RO         5091    i.SystemInit        system_stm32f4xx.o
    0x0800baf4   0x00000010   Code   RO          723    i.TIM1_BRK_TIM9_IRQHandler  stm32f4xx_it.o
    0x0800bb04   0x00000010   Code   RO          724    i.TIM3_IRQHandler   stm32f4xx_it.o
    0x0800bb14   0x000000e8   Code   RO         3828    i.TIM_Base_SetConfig  stm32f4xx_hal_tim.o
    0x0800bbfc   0x00000022   Code   RO         3829    i.TIM_CCxChannelCmd  stm32f4xx_hal_tim.o
    0x0800bc1e   0x00000016   Code   RO         3839    i.TIM_ETR_SetConfig  stm32f4xx_hal_tim.o
    0x0800bc34   0x00000012   Code   RO         3840    i.TIM_ITRx_SetConfig  stm32f4xx_hal_tim.o
    0x0800bc46   0x00000002   PAD
    0x0800bc48   0x00000070   Code   RO         3841    i.TIM_OC1_SetConfig  stm32f4xx_hal_tim.o
    0x0800bcb8   0x0000007c   Code   RO         3842    i.TIM_OC2_SetConfig  stm32f4xx_hal_tim.o
    0x0800bd34   0x00000078   Code   RO         3843    i.TIM_OC3_SetConfig  stm32f4xx_hal_tim.o
    0x0800bdac   0x00000054   Code   RO         3844    i.TIM_OC4_SetConfig  stm32f4xx_hal_tim.o
    0x0800be00   0x0000003a   Code   RO         6252    i.TIM_Set_PWM       bsp_pwm.o
    0x0800be3a   0x00000026   Code   RO         3846    i.TIM_TI1_ConfigInputStage  stm32f4xx_hal_tim.o
    0x0800be60   0x00000028   Code   RO         3848    i.TIM_TI2_ConfigInputStage  stm32f4xx_hal_tim.o
    0x0800be88   0x00000088   Code   RO         5695    i.Time_Count_Task   task_schedule.o
    0x0800bf10   0x0000005c   Code   RO         5797    i.Trigger_Calculate_Task  trigger.o
    0x0800bf6c   0x00000184   Code   RO         5798    i.Trigger_Command_Update  trigger.o
    0x0800c0f0   0x00000054   Code   RO         5799    i.Trigger_Init      trigger.o
    0x0800c144   0x0000004c   Code   RO         5800    i.Trigger_Send_Command_Update  trigger.o
    0x0800c190   0x00000148   Code   RO         5538    i.Trigger_Shoot_Number_Update  remote_control.o
    0x0800c2d8   0x000000e4   Code   RO         5801    i.Trigger_Status_Update  trigger.o
    0x0800c3bc   0x00000010   Code   RO         5802    i.Trigger_Task      trigger.o
    0x0800c3cc   0x00000014   Code   RO         4760    i.UART_DMAAbortOnError  stm32f4xx_hal_uart.o
    0x0800c3e0   0x0000006c   Code   RO         4770    i.UART_EndRxTransfer  stm32f4xx_hal_uart.o
    0x0800c44c   0x00000020   Code   RO         4771    i.UART_EndTransmit_IT  stm32f4xx_hal_uart.o
    0x0800c46c   0x000000fc   Code   RO         4773    i.UART_Receive_IT   stm32f4xx_hal_uart.o
    0x0800c568   0x0000022c   Code   RO         4774    i.UART_SetConfig    stm32f4xx_hal_uart.o
    0x0800c794   0x00000060   Code   RO         4777    i.UART_Transmit_IT  stm32f4xx_hal_uart.o
    0x0800c7f4   0x00000048   Code   RO         5539    i.UI_mode_Update    remote_control.o
    0x0800c83c   0x00000144   Code   RO         5540    i.USART3_IRQHandler  remote_control.o
    0x0800c980   0x00000010   Code   RO          725    i.USART6_IRQHandler  stm32f4xx_it.o
    0x0800c990   0x00000078   Code   RO         7573    i.USBD_CDC_DataIn   usbd_cdc.o
    0x0800ca08   0x0000003e   Code   RO         7574    i.USBD_CDC_DataOut  usbd_cdc.o
    0x0800ca46   0x00000002   PAD
    0x0800ca48   0x00000094   Code   RO         7575    i.USBD_CDC_DeInit   usbd_cdc.o
    0x0800cadc   0x00000038   Code   RO         7576    i.USBD_CDC_EP0_RxReady  usbd_cdc.o
    0x0800cb14   0x0000000c   Code   RO         7577    i.USBD_CDC_GetDeviceQualifierDescriptor  usbd_cdc.o
    0x0800cb20   0x0000003c   Code   RO         7578    i.USBD_CDC_GetFSCfgDesc  usbd_cdc.o
    0x0800cb5c   0x00000040   Code   RO         7579    i.USBD_CDC_GetHSCfgDesc  usbd_cdc.o
    0x0800cb9c   0x0000003c   Code   RO         7580    i.USBD_CDC_GetOtherSpeedCfgDesc  usbd_cdc.o
    0x0800cbd8   0x00000160   Code   RO         7581    i.USBD_CDC_Init     usbd_cdc.o
    0x0800cd38   0x00000048   Code   RO         7582    i.USBD_CDC_ReceivePacket  usbd_cdc.o
    0x0800cd80   0x00000018   Code   RO         7583    i.USBD_CDC_RegisterInterface  usbd_cdc.o
    0x0800cd98   0x0000001c   Code   RO         7584    i.USBD_CDC_SetRxBuffer  usbd_cdc.o
    0x0800cdb4   0x00000020   Code   RO         7585    i.USBD_CDC_SetTxBuffer  usbd_cdc.o
    0x0800cdd4   0x00000110   Code   RO         7586    i.USBD_CDC_Setup    usbd_cdc.o
    0x0800cee4   0x00000054   Code   RO         7587    i.USBD_CDC_TransmitPacket  usbd_cdc.o
    0x0800cf38   0x00000014   Code   RO         7253    i.USBD_ClrClassConfig  usbd_core.o
    0x0800cf4c   0x00000026   Code   RO         7415    i.USBD_ClrFeature   usbd_ctlreq.o
    0x0800cf72   0x00000004   Code   RO         7254    i.USBD_CoreFindEP   usbd_core.o
    0x0800cf76   0x00000004   Code   RO         7255    i.USBD_CoreFindIF   usbd_core.o
    0x0800cf7a   0x00000010   Code   RO         7513    i.USBD_CtlContinueRx  usbd_ioreq.o
    0x0800cf8a   0x00000010   Code   RO         7514    i.USBD_CtlContinueSendData  usbd_ioreq.o
    0x0800cf9a   0x00000018   Code   RO         7416    i.USBD_CtlError     usbd_ctlreq.o
    0x0800cfb2   0x0000001e   Code   RO         7515    i.USBD_CtlPrepareRx  usbd_ioreq.o
    0x0800cfd0   0x00000016   Code   RO         7516    i.USBD_CtlReceiveStatus  usbd_ioreq.o
    0x0800cfe6   0x0000001a   Code   RO         7517    i.USBD_CtlSendData  usbd_ioreq.o
    0x0800d000   0x00000016   Code   RO         7518    i.USBD_CtlSendStatus  usbd_ioreq.o
    0x0800d016   0x00000002   PAD
    0x0800d018   0x00000030   Code   RO         6846    i.USBD_FS_ConfigStrDescriptor  usbd_desc.o
    0x0800d048   0x0000000c   Code   RO         6847    i.USBD_FS_DeviceDescriptor  usbd_desc.o
    0x0800d054   0x00000034   Code   RO         6848    i.USBD_FS_InterfaceStrDescriptor  usbd_desc.o
    0x0800d088   0x0000000c   Code   RO         6849    i.USBD_FS_LangIDStrDescriptor  usbd_desc.o
    0x0800d094   0x00000028   Code   RO         6850    i.USBD_FS_ManufacturerStrDescriptor  usbd_desc.o
    0x0800d0bc   0x0000003c   Code   RO         6851    i.USBD_FS_ProductStrDescriptor  usbd_desc.o
    0x0800d0f8   0x00000014   Code   RO         6852    i.USBD_FS_SerialStrDescriptor  usbd_desc.o
    0x0800d10c   0x00000034   Code   RO         7417    i.USBD_GetConfig    usbd_ctlreq.o
    0x0800d140   0x000001b4   Code   RO         7418    i.USBD_GetDescriptor  usbd_ctlreq.o
    0x0800d2f4   0x0000003c   Code   RO         7257    i.USBD_GetEpDesc    usbd_core.o
    0x0800d330   0x00000018   Code   RO         7419    i.USBD_GetLen       usbd_ctlreq.o
    0x0800d348   0x0000000e   Code   RO         7258    i.USBD_GetNextDesc  usbd_core.o
    0x0800d356   0x00000036   Code   RO         7420    i.USBD_GetStatus    usbd_ctlreq.o
    0x0800d38c   0x00000044   Code   RO         7421    i.USBD_GetString    usbd_ctlreq.o
    0x0800d3d0   0x00000024   Code   RO         7059    i.USBD_Get_USB_Status  usbd_conf.o
    0x0800d3f4   0x00000028   Code   RO         7259    i.USBD_Init         usbd_core.o
    0x0800d41c   0x00000012   Code   RO         7060    i.USBD_LL_ClearStallEP  usbd_conf.o
    0x0800d42e   0x00000012   Code   RO         7061    i.USBD_LL_CloseEP   usbd_conf.o
    0x0800d440   0x000000dc   Code   RO         7260    i.USBD_LL_DataInStage  usbd_core.o
    0x0800d51c   0x000000d0   Code   RO         7261    i.USBD_LL_DataOutStage  usbd_core.o
    0x0800d5ec   0x00000004   Code   RO         7262    i.USBD_LL_DevConnected  usbd_core.o
    0x0800d5f0   0x00000020   Code   RO         7263    i.USBD_LL_DevDisconnected  usbd_core.o
    0x0800d610   0x00000008   Code   RO         7065    i.USBD_LL_GetRxDataSize  usbd_conf.o
    0x0800d618   0x00000060   Code   RO         7066    i.USBD_LL_Init      usbd_conf.o
    0x0800d678   0x00000020   Code   RO         7067    i.USBD_LL_IsStallEP  usbd_conf.o
    0x0800d698   0x0000002a   Code   RO         7264    i.USBD_LL_IsoINIncomplete  usbd_core.o
    0x0800d6c2   0x0000002a   Code   RO         7265    i.USBD_LL_IsoOUTIncomplete  usbd_core.o
    0x0800d6ec   0x00000018   Code   RO         7068    i.USBD_LL_OpenEP    usbd_conf.o
    0x0800d704   0x00000012   Code   RO         7069    i.USBD_LL_PrepareReceive  usbd_conf.o
    0x0800d716   0x00000060   Code   RO         7266    i.USBD_LL_Reset     usbd_core.o
    0x0800d776   0x00000014   Code   RO         7267    i.USBD_LL_Resume    usbd_core.o
    0x0800d78a   0x0000001a   Code   RO         7268    i.USBD_LL_SOF       usbd_core.o
    0x0800d7a4   0x00000006   Code   RO         7269    i.USBD_LL_SetSpeed  usbd_core.o
    0x0800d7aa   0x00000012   Code   RO         7070    i.USBD_LL_SetUSBAddress  usbd_conf.o
    0x0800d7bc   0x00000064   Code   RO         7270    i.USBD_LL_SetupStage  usbd_core.o
    0x0800d820   0x00000012   Code   RO         7071    i.USBD_LL_StallEP   usbd_conf.o
    0x0800d832   0x00000012   Code   RO         7072    i.USBD_LL_Start     usbd_conf.o
    0x0800d844   0x0000001a   Code   RO         7271    i.USBD_LL_Suspend   usbd_core.o
    0x0800d85e   0x00000012   Code   RO         7074    i.USBD_LL_Transmit  usbd_conf.o
    0x0800d870   0x00000032   Code   RO         7422    i.USBD_ParseSetupRequest  usbd_ctlreq.o
    0x0800d8a2   0x0000003a   Code   RO         7272    i.USBD_RegisterClass  usbd_core.o
    0x0800d8dc   0x00000004   Code   RO         7273    i.USBD_RunTestMode  usbd_core.o
    0x0800d8e0   0x00000058   Code   RO         7423    i.USBD_SetAddress   usbd_ctlreq.o
    0x0800d938   0x00000014   Code   RO         7274    i.USBD_SetClassConfig  usbd_core.o
    0x0800d94c   0x000000dc   Code   RO         7424    i.USBD_SetConfig    usbd_ctlreq.o
    0x0800da28   0x00000024   Code   RO         7425    i.USBD_SetFeature   usbd_ctlreq.o
    0x0800da4c   0x00000004   Code   RO         7275    i.USBD_Start        usbd_core.o
    0x0800da50   0x00000076   Code   RO         7426    i.USBD_StdDevReq    usbd_ctlreq.o
    0x0800dac6   0x0000022e   Code   RO         7427    i.USBD_StdEPReq     usbd_ctlreq.o
    0x0800dcf4   0x0000008e   Code   RO         7428    i.USBD_StdItfReq    usbd_ctlreq.o
    0x0800dd82   0x00000002   Code   RO         7075    i.USBD_static_free  usbd_conf.o
    0x0800dd84   0x00000008   Code   RO         7076    i.USBD_static_malloc  usbd_conf.o
    0x0800dd8c   0x000000d0   Code   RO         1184    i.USB_ActivateEndpoint  stm32f4xx_ll_usb.o
    0x0800de5c   0x00000028   Code   RO         1186    i.USB_ActivateSetup  stm32f4xx_ll_usb.o
    0x0800de84   0x0000008c   Code   RO         1188    i.USB_CoreInit      stm32f4xx_ll_usb.o
    0x0800df10   0x00000054   Code   RO         1189    i.USB_CoreReset     stm32f4xx_ll_usb.o
    0x0800df64   0x0000014c   Code   RO         1192    i.USB_DeactivateEndpoint  stm32f4xx_ll_usb.o
    0x0800e0b0   0x00000024   Code   RO         1193    i.USB_DevConnect    stm32f4xx_ll_usb.o
    0x0800e0d4   0x00000024   Code   RO         1194    i.USB_DevDisconnect  stm32f4xx_ll_usb.o
    0x0800e0f8   0x000001e8   Code   RO         1195    i.USB_DevInit       stm32f4xx_ll_usb.o
    0x0800e2e0   0x0000000e   Code   RO         1196    i.USB_DisableGlobalInt  stm32f4xx_ll_usb.o
    0x0800e2ee   0x00000002   PAD
    0x0800e2f0   0x00000070   Code   RO         1199    i.USB_EP0_OutStart  stm32f4xx_ll_usb.o
    0x0800e360   0x0000008e   Code   RO         1200    i.USB_EPClearStall  stm32f4xx_ll_usb.o
    0x0800e3ee   0x0000009a   Code   RO         1201    i.USB_EPSetStall    stm32f4xx_ll_usb.o
    0x0800e488   0x000003b4   Code   RO         1202    i.USB_EPStartXfer   stm32f4xx_ll_usb.o
    0x0800e83c   0x000000ec   Code   RO         1203    i.USB_EPStopXfer    stm32f4xx_ll_usb.o
    0x0800e928   0x0000000e   Code   RO         1204    i.USB_EnableGlobalInt  stm32f4xx_ll_usb.o
    0x0800e936   0x00000050   Code   RO         1205    i.USB_FlushRxFifo   stm32f4xx_ll_usb.o
    0x0800e986   0x00000054   Code   RO         1206    i.USB_FlushTxFifo   stm32f4xx_ll_usb.o
    0x0800e9da   0x00000026   Code   RO         1208    i.USB_GetDevSpeed   stm32f4xx_ll_usb.o
    0x0800ea00   0x0000000a   Code   RO         1210    i.USB_GetMode       stm32f4xx_ll_usb.o
    0x0800ea0a   0x00000014   Code   RO         1218    i.USB_ReadDevAllInEpInterrupt  stm32f4xx_ll_usb.o
    0x0800ea1e   0x00000014   Code   RO         1219    i.USB_ReadDevAllOutEpInterrupt  stm32f4xx_ll_usb.o
    0x0800ea32   0x00000032   Code   RO         1220    i.USB_ReadDevInEPInterrupt  stm32f4xx_ll_usb.o
    0x0800ea64   0x0000001a   Code   RO         1221    i.USB_ReadDevOutEPInterrupt  stm32f4xx_ll_usb.o
    0x0800ea7e   0x0000000a   Code   RO         1222    i.USB_ReadInterrupts  stm32f4xx_ll_usb.o
    0x0800ea88   0x00000060   Code   RO         1223    i.USB_ReadPacket    stm32f4xx_ll_usb.o
    0x0800eae8   0x00000068   Code   RO         1225    i.USB_SetCurrentMode  stm32f4xx_ll_usb.o
    0x0800eb50   0x0000002a   Code   RO         1226    i.USB_SetDevAddress  stm32f4xx_ll_usb.o
    0x0800eb7a   0x00000012   Code   RO         1227    i.USB_SetDevSpeed   stm32f4xx_ll_usb.o
    0x0800eb8c   0x000000e8   Code   RO         1228    i.USB_SetTurnaroundTime  stm32f4xx_ll_usb.o
    0x0800ec74   0x00000044   Code   RO         1231    i.USB_WritePacket   stm32f4xx_ll_usb.o
    0x0800ecb8   0x00000004   Code   RO          726    i.UsageFault_Handler  stm32f4xx_it.o
    0x0800ecbc   0x0000003e   Code   RO         6944    i.Verify_CRC16_Check_Sum  usbd_cdc_if.o
    0x0800ecfa   0x00000002   PAD
    0x0800ecfc   0x00000018   Code   RO         5740    i.Vision_Angle_Task  vision.o
    0x0800ed14   0x00000098   Code   RO         5541    i.Vision_Control_Mode_Update  remote_control.o
    0x0800edac   0x00000008   Code   RO         5741    i.Vision_Send_Task  vision.o
    0x0800edb4   0x00000024   Code   RO         5332    i.Xpower_Command_Update  fric.o
    0x0800edd8   0x0000006c   Code   RO         5542    i.Xpower_Mode_Update  remote_control.o
    0x0800ee44   0x00000030   Code   RO         5333    i.Xpower_Send       fric.o
    0x0800ee74   0x00000030   Code   RO         8199    i.__ARM_fpclassify  m_wm.l(fpclassify.o)
    0x0800eea4   0x00000026   Code   RO         8201    i.__ARM_fpclassifyf  m_wm.l(fpclassifyf.o)
    0x0800eeca   0x00000002   PAD
    0x0800eecc   0x00000010   Code   RO         2297    i.__NVIC_GetPriorityGrouping  stm32f4xx_hal_cortex.o
    0x0800eedc   0x00000028   Code   RO         2298    i.__NVIC_SetPriority  stm32f4xx_hal_cortex.o
    0x0800ef04   0x00000118   Code   RO         7976    i.__hardfp_acosf    m_wm.l(acosf.o)
    0x0800f01c   0x0000012c   Code   RO         7988    i.__hardfp_asinf    m_wm.l(asinf.o)
    0x0800f148   0x00000250   Code   RO         8000    i.__hardfp_atan2f   m_wm.l(atan2f.o)
    0x0800f398   0x000000c8   Code   RO         8012    i.__hardfp_cos      m_wm.l(cos.o)
    0x0800f460   0x00000014   Code   RO         8036    i.__hardfp_fabs     m_wm.l(fabs.o)
    0x0800f474   0x00000004   PAD
    0x0800f478   0x00000c50   Code   RO         8056    i.__hardfp_pow      m_wm.l(pow.o)
    0x080100c8   0x0000003a   Code   RO         8100    i.__hardfp_sqrtf    m_wm.l(sqrtf_full.o)
    0x08010102   0x00000006   PAD
    0x08010108   0x00000438   Code   RO         8220    i.__ieee754_rem_pio2  m_wm.l(rred.o)
    0x08010540   0x00000170   Code   RO         8182    i.__kernel_cos      m_wm.l(cos_i.o)
    0x080106b0   0x000000f8   Code   RO         8217    i.__kernel_poly     m_wm.l(poly.o)
    0x080107a8   0x00000130   Code   RO         8228    i.__kernel_sin      m_wm.l(sin_i.o)
    0x080108d8   0x00000030   Code   RO         8185    i.__mathlib_dbl_divzero  m_wm.l(dunder.o)
    0x08010908   0x00000014   Code   RO         8186    i.__mathlib_dbl_infnan  m_wm.l(dunder.o)
    0x0801091c   0x00000014   Code   RO         8187    i.__mathlib_dbl_infnan2  m_wm.l(dunder.o)
    0x08010930   0x00000020   Code   RO         8188    i.__mathlib_dbl_invalid  m_wm.l(dunder.o)
    0x08010950   0x00000020   Code   RO         8189    i.__mathlib_dbl_overflow  m_wm.l(dunder.o)
    0x08010970   0x00000020   Code   RO         8191    i.__mathlib_dbl_underflow  m_wm.l(dunder.o)
    0x08010990   0x00000006   Code   RO         8204    i.__mathlib_flt_infnan  m_wm.l(funder.o)
    0x08010996   0x00000006   Code   RO         8205    i.__mathlib_flt_infnan2  m_wm.l(funder.o)
    0x0801099c   0x00000010   Code   RO         8206    i.__mathlib_flt_invalid  m_wm.l(funder.o)
    0x080109ac   0x00000010   Code   RO         8209    i.__mathlib_flt_underflow  m_wm.l(funder.o)
    0x080109bc   0x0000000e   Code   RO         8276    i.__scatterload_copy  mc_w.l(handlers.o)
    0x080109ca   0x00000002   Code   RO         8277    i.__scatterload_null  mc_w.l(handlers.o)
    0x080109cc   0x0000000e   Code   RO         8278    i.__scatterload_zeroinit  mc_w.l(handlers.o)
    0x080109da   0x00000002   PAD
    0x080109dc   0x0000000c   Code   RO         8258    i.__set_errno       mc_w.l(errno.o)
    0x080109e8   0x0000016c   Code   RO         6501    i.bmi088_accel_init  bmi088driver.o
    0x08010b54   0x00000130   Code   RO         6502    i.bmi088_gyro_init  bmi088driver.o
    0x08010c84   0x00000012   Code   RO         6139    i.buzzerBsp_checkTickTolerance  buzzer_bsp.o
    0x08010c96   0x00000014   Code   RO         6140    i.buzzerBsp_setSwitch  buzzer_bsp.o
    0x08010caa   0x00000014   Code   RO         6141    i.buzzerBsp_setTimer  buzzer_bsp.o
    0x08010cbe   0x00000014   Code   RO         5858    i.buzzer_getTick    buzzer.o
    0x08010cd2   0x00000002   PAD
    0x08010cd4   0x00000034   Code   RO         5859    i.buzzer_handleInit  buzzer.o
    0x08010d08   0x0000004c   Code   RO         5860    i.buzzer_init_example  buzzer.o
    0x08010d54   0x00000070   Code   RO         5861    i.buzzer_playCalibrated  buzzer.o
    0x08010dc4   0x00000070   Code   RO         5862    i.buzzer_playCalibrating  buzzer.o
    0x08010e34   0x00000070   Code   RO         5863    i.buzzer_playDeviceOffline  buzzer.o
    0x08010ea4   0x00000088   Code   RO         5864    i.buzzer_playDjiStartUp  buzzer.o
    0x08010f2c   0x00000098   Code   RO         5865    i.buzzer_playTone   buzzer.o
    0x08010fc4   0x00000020   Code   RO         5866    i.buzzer_setState   buzzer.o
    0x08010fe4   0x00000012   Code   RO         5867    i.buzzer_setTask    buzzer.o
    0x08010ff6   0x0000008c   Code   RO         5868    i.buzzer_taskScheduler  buzzer.o
    0x08011082   0x00000010   Code   RO         6142    i.buzzzerBsp_getTick  buzzer_bsp.o
    0x08011092   0x0000006e   Code   RO         5970    i.can_filter_mask_config  drv_can.o
    0x08011100   0x00000070   Code   RO         6945    i.cdc_vcp_data_rx   usbd_cdc_if.o
    0x08011170   0x000000be   Code   RO         5126    i.f_Change_Pout     pid.o
    0x0801122e   0x00000002   PAD
    0x08011230   0x000000f0   Code   RO         5127    i.f_Changing_Integral_Rate  pid.o
    0x08011320   0x00000030   Code   RO         5128    i.f_Derivative_Filter  pid.o
    0x08011350   0x00000022   Code   RO         5129    i.f_Derivative_On_Measurement  pid.o
    0x08011372   0x00000002   PAD
    0x08011374   0x000000cc   Code   RO         5130    i.f_Integral_Limit  pid.o
    0x08011440   0x00000030   Code   RO         5131    i.f_Output_Filter   pid.o
    0x08011470   0x00000046   Code   RO         5132    i.f_Output_Limit    pid.o
    0x080114b6   0x00000002   PAD
    0x080114b8   0x000000c0   Code   RO         5133    i.f_PID_ErrorHandle  pid.o
    0x08011578   0x00000084   Code   RO         5134    i.f_PID_param_init  pid.o
    0x080115fc   0x00000034   Code   RO         5135    i.f_PID_reset       pid.o
    0x08011630   0x00000046   Code   RO         5136    i.f_Proportion_Limit  pid.o
    0x08011676   0x0000002a   Code   RO         5137    i.f_Trapezoid_Intergral  pid.o
    0x080116a0   0x00000018   Code   RO         8038    i.fabs              m_wm.l(fabs.o)
    0x080116b8   0x0000002a   Code   RO         6370    i.float_constrain   user_lib.o
    0x080116e2   0x00000002   PAD
    0x080116e4   0x00000048   Code   RO         6372    i.float_rounding    user_lib.o
    0x0801172c   0x00000010   Code   RO         5543    i.int16_abs         remote_control.o
    0x0801173c   0x0000003c   Code   RO         6751    i.invSqrt           quaternionekf.o
    0x08011778   0x00000090   Code   RO          261    i.main              main.o
    0x08011808   0x0000006c   Code   RO         8133    i.malloc            mc_w.l(malloc.o)
    0x08011874   0x0000000c   Code   RO         5869    i.platform_getMsTick  buzzer.o
    0x08011880   0x00000050   Code   RO         5870    i.platform_setFreq  buzzer.o
    0x080118d0   0x00000038   Code   RO         5871    i.platform_setSwitch  buzzer.o
    0x08011908   0x0000006c   Code   RO         5544    i.rc_control_cali   remote_control.o
    0x08011974   0x00000014   Code   RO         5545    i.remote_control_init  remote_control.o
    0x08011988   0x00000154   Code   RO         5546    i.sbus_to_rc        remote_control.o
    0x08011adc   0x0000006e   Code   RO         8096    i.sqrt              m_wm.l(sqrt_full.o)
    0x08011b4a   0x0000003e   Code   RO         8102    i.sqrtf             m_wm.l(sqrtf_full.o)
    0x08011b88   0x00000030   Data   RO           23    .constdata          ins_task.o
    0x08011bb8   0x00000008   Data   RO         2013    .constdata          stm32f4xx_hal_dma.o
    0x08011bc0   0x00000018   Data   RO         5092    .constdata          system_stm32f4xx.o
    0x08011bd8   0x00000090   Data   RO         6753    .constdata          quaternionekf.o
    0x08011c68   0x00000200   Data   RO         6947    .constdata          usbd_cdc_if.o
    0x08011e68   0x00000804   Data   RO         7953    .constdata          arm_cortexM4lf_math.lib(arm_common_tables.o)
    0x0801266c   0x00000004   PAD
    0x08012670   0x00000088   Data   RO         8059    .constdata          m_wm.l(pow.o)
    0x080126f8   0x00000030   Data   RO         8183    .constdata          m_wm.l(cos_i.o)
    0x08012728   0x00000008   Data   RO         8219    .constdata          m_wm.l(qnan.o)
    0x08012730   0x000000c8   Data   RO         8222    .constdata          m_wm.l(rred.o)
    0x080127f8   0x00000028   Data   RO         8229    .constdata          m_wm.l(sin_i.o)
    0x08012820   0x00000020   Data   RO         8274    Region$$Table       anon$$obj.o


    Execution Region RW_IRAM1 (Base: 0x20000000, Size: 0x000056b0, Max: 0x0001c000, ABSOLUTE, COMPRESSED[0x0000020c])

    Base Addr    Size         Type   Attr      Idx    E Section Name        Object

    0x20000000   0x00000080   Data   RW           24    .data               ins_task.o
    0x20000080   0x00000004   Data   RW          430    .data               can.o
    0x20000084   0x00000009   Data   RW         2451    .data               stm32f4xx_hal.o
    0x2000008d   0x00000003   PAD
    0x20000090   0x00000004   Data   RW         5093    .data               system_stm32f4xx.o
    0x20000094   0x00000094   Data   RW         5336    .data               fric.o
    0x20000128   0x000001c8   Data   RW         5422    .data               gimbal.o
    0x200002f0   0x00000006   Data   RW         5549    .data               remote_control.o
    0x200002f6   0x00000002   PAD
    0x200002f8   0x00000010   Data   RW         5697    .data               task_schedule.o
    0x20000308   0x00000074   Data   RW         5804    .data               trigger.o
    0x2000037c   0x000000cc   Data   RW         5972    .data               drv_can.o
    0x20000448   0x00000040   Data   RW         6184    .data               bsp_dwt.o
    0x20000488   0x00000004   Data   RW         6288    .data               kalman_filter.o
    0x2000048c   0x00000018   Data   RW         6380    .data               user_lib.o
    0x200004a4   0x00000048   Data   RW         6504    .data               bmi088driver.o
    0x200004ec   0x00000004   Data   RW         6581    .data               bmi088middleware.o
    0x200004f0   0x000000d4   Data   RW         6754    .data               quaternionekf.o
    0x200005c4   0x0000001c   Data   RW         6854    .data               usbd_desc.o
    0x200005e0   0x00000032   Data   RW         6855    .data               usbd_desc.o
    0x20000612   0x00000002   PAD
    0x20000614   0x0000000c   Data   RW         6954    .data               usbd_cdc_if.o
    0x20000620   0x00000014   Data   RW         6956    .data               usbd_cdc_if.o
    0x20000634   0x00000001   Data   RW         7429    .data               usbd_ctlreq.o
    0x20000635   0x00000003   PAD
    0x20000638   0x00000053   Data   RW         7588    .data               usbd_cdc.o
    0x2000068b   0x00000001   PAD
    0x2000068c   0x00000038   Data   RW         7589    .data               usbd_cdc.o
    0x200006c4   0x00000004   Data   RW         8254    .data               mc_w.l(mvars.o)
    0x200006c8   0x00000004   Data   RW         8255    .data               mc_w.l(mvars.o)
    0x200006cc   0x00000004   Data   RW         8259    .data               mc_w.l(errno.o)
    0x200006d0   0x00000138   Zero   RW           22    .bss                ins_task.o
    0x20000808   0x00000050   Zero   RW          429    .bss                can.o
    0x20000858   0x00000054   Zero   RW          501    .bss                i2c.o
    0x200008ac   0x00000118   Zero   RW          543    .bss                spi.o
    0x200009c4   0x00000168   Zero   RW          590    .bss                tim.o
    0x20000b2c   0x000001b0   Zero   RW          658    .bss                usart.o
    0x20000cdc   0x00000034   Zero   RW         5216    .bss                can_connection.o
    0x20000d10   0x0000032c   Zero   RW         5335    .bss                fric.o
    0x2000103c   0x00000608   Zero   RW         5420    .bss                gimbal.o
    0x20001644   0x0000009b   Zero   RW         5547    .bss                remote_control.o
    0x200016df   0x00000001   PAD
    0x200016e0   0x00000028   Zero   RW         5745    .bss                vision.o
    0x20001708   0x0000019c   Zero   RW         5803    .bss                trigger.o
    0x200018a4   0x00000024   Zero   RW         5872    .bss                buzzer.o
    0x200018c8   0x00000058   Zero   RW         5971    .bss                drv_can.o
    0x20001920   0x00000040   Zero   RW         6503    .bss                bmi088driver.o
    0x20001960   0x00000300   Zero   RW         6752    .bss                quaternionekf.o
    0x20001c60   0x000002dc   Zero   RW         6810    .bss                usb_device.o
    0x20001f3c   0x00000200   Zero   RW         6853    .bss                usbd_desc.o
    0x2000213c   0x00001070   Zero   RW         6946    .bss                usbd_cdc_if.o
    0x200031ac   0x00000704   Zero   RW         7077    .bss                usbd_conf.o
    0x200038b0   0x00000f00   Zero   RW            2    HEAP                startup_stm32f407xx.o
    0x200047b0   0x00000f00   Zero   RW            1    STACK               startup_stm32f407xx.o


    Execution Region RW_IRAM2 (Base: 0x2001c000, Size: 0x00000000, Max: 0x00004000, ABSOLUTE)

    **** No section assigned to this execution region ****


==============================================================================

Image component sizes


      Code (inc. data)   RO Data    RW Data    ZI Data      Debug   Object Name

      2882        174          0         72         64      10157   bmi088driver.o
       116         30          0          4          0       3256   bmi088middleware.o
       580        112          0         64          0       4358   bsp_dwt.o
        58          0          0          0          0        842   bsp_pwm.o
      1110         46          0          0         36      11536   buzzer.o
        74          0          0          0          0       4059   buzzer_bsp.o
       528         44          0          4         80       2442   can.o
       856        136          0          0         52       7749   can_connection.o
       152          6          0          0          0        830   dma.o
       574         48          0        204         88       6919   drv_can.o
       816        108          0        148        812       5584   fric.o
      3728        404          0        456       1544      10288   gimbal.o
       464         22          0          0          0       1219   gpio.o
       260         30          0          0         84       1709   i2c.o
      1564        120         48        128        312     747211   ins_task.o
      3160         26          0          4          0       8751   kalman_filter.o
       330         28          0          0          0      15679   main.o
      1190         86          0          0          0      11530   motor.o
      1790         44          0          0          0       9187   pid.o
      4192        242        144        212        768       8282   quaternionekf.o
      4692        332          0          6        155      17340   remote_control.o
       428         40          0          0        280       1923   spi.o
        36          8        392          0       7680        832   startup_stm32f407xx.o
       212         36          0          9          0       9373   stm32f4xx_hal.o
      2146          6          0          0          0      13727   stm32f4xx_hal_can.o
       312         22          0          0          0      34307   stm32f4xx_hal_cortex.o
      1246         16          8          0          0       5343   stm32f4xx_hal_dma.o
       542         50          0          0          0       3300   stm32f4xx_hal_gpio.o
       464         18          0          0          0       2139   stm32f4xx_hal_i2c.o
        72          4          0          0          0        850   stm32f4xx_hal_msp.o
      3560         16          0          0          0      13736   stm32f4xx_hal_pcd.o
        90          0          0          0          0       2421   stm32f4xx_hal_pcd_ex.o
      1820         84          0          0          0       5600   stm32f4xx_hal_rcc.o
      1128         14          0          0          0       4689   stm32f4xx_hal_spi.o
      2690        180          0          0          0      17976   stm32f4xx_hal_tim.o
       300         30          0          0          0       3333   stm32f4xx_hal_tim_ex.o
      1934         14          0          0          0       9528   stm32f4xx_hal_uart.o
       272         78          0          0          0      12158   stm32f4xx_it.o
      3882         82          0          0          0      22720   stm32f4xx_ll_usb.o
        20          6         24          4          0       1115   system_stm32f4xx.o
       880         78          0         16          0       3568   task_schedule.o
      1292        104          0          0        360       5486   tim.o
       884         84          0        116        412       4689   trigger.o
       620         62          0          0        432       2656   usart.o
        84         18          0          0        732        804   usb_device.o
      1446         40          0        139          0      14617   usbd_cdc.o
       554         62        512         32       4208       9254   usbd_cdc_if.o
       658         28          0          0       1796      16784   usbd_conf.o
      1050          0          0          0          0      16325   usbd_core.o
      1908         28          0          1          0      17956   usbd_ctlreq.o
       362        110          0         78        512       6921   usbd_desc.o
       132          0          0          0          0       4500   usbd_ioreq.o
       114         10          0         24          0       5724   user_lib.o
        32          4          0          0         40       2065   vision.o

    ----------------------------------------------------------------------
     60346       3370       1160       1732      20448    1165347   Object Totals
         0          0         32          0          0          0   (incl. Generated)
        60          0          0         11          1          0   (incl. Padding)

    ----------------------------------------------------------------------

      Code (inc. data)   RO Data    RW Data    ZI Data      Debug   Library Member Name

         0          0       2052          0          0       4704   arm_common_tables.o
         0          0          0          0          0      16424   arm_cos_f32.o
       264          0          0          0          0       1826   arm_mat_add_f32.o
         8          0          0          0          0        999   arm_mat_init_f32.o
      1328          4          0          0          0       4782   arm_mat_inverse_f32.o
       316          4          0          0          0       2375   arm_mat_mult_f32.o
       264          0          0          0          0       1826   arm_mat_sub_f32.o
       276          0          0          0          0       2240   arm_mat_trans_f32.o
       148         18          0          0          0        814   arm_sin_f32.o
       280         46          0          0          0        176   acosf.o
       300         42          0          0          0        176   asinf.o
       592         90          0          0          0        184   atan2f.o
       200         20          0          0          0        164   cos.o
       368         46         48          0          0        200   cos_i.o
       184         44          0          0          0        744   dunder.o
        44          0          0          0          0        248   fabs.o
        48          0          0          0          0        124   fpclassify.o
        38          0          0          0          0        116   fpclassifyf.o
        44         12          0          0          0        464   funder.o
       248          0          0          0          0        152   poly.o
      3152        296        136          0          0        352   pow.o
         0          0          8          0          0          0   qnan.o
      1080        142        200          0          0        188   rred.o
       304         24         40          0          0        208   sin_i.o
       110          0          0          0          0        148   sqrt_full.o
       120          0          0          0          0        272   sqrtf_full.o
        86          0          0          0          0          0   __dczerorl2.o
         0          0          0          0          0          0   entry.o
         0          0          0          0          0          0   entry10a.o
         0          0          0          0          0          0   entry11a.o
         8          4          0          0          0          0   entry2.o
         4          0          0          0          0          0   entry5.o
         0          0          0          0          0          0   entry7b.o
         0          0          0          0          0          0   entry8b.o
         8          4          0          0          0          0   entry9a.o
        12          6          0          4          0         68   errno.o
        30          0          0          0          0          0   handlers.o
        36          8          0          0          0         68   init.o
         0          0          0          0          0          0   iusefp.o
        30          0          0          0          0         68   llshl.o
        36          0          0          0          0         68   llsshr.o
        32          0          0          0          0         68   llushr.o
       108         16          0          0          0         84   malloc.o
        36          0          0          0          0         68   memcpya.o
        36          0          0          0          0        108   memseta.o
         0          0          0          8          0          0   mvars.o
        98          0          0          0          0         92   uldiv.o
        48          0          0          0          0         68   cdrcmple.o
        56          0          0          0          0         88   d2f.o
       334          0          0          0          0        148   dadd.o
       222          0          0          0          0        100   ddiv.o
       186          0          0          0          0        176   depilogue.o
        62          0          0          0          0         80   dfixi.o
        34          0          0          0          0         76   dflti.o
        26          0          0          0          0         76   dfltui.o
       228          0          0          0          0         96   dmul.o
        46          0          0          0          0         80   dscalb.o
       162          0          0          0          0        100   dsqrt.o
        38          0          0          0          0         68   f2d.o
       110          0          0          0          0        168   fepilogue.o

    ----------------------------------------------------------------------
     11846        826       2488         12          0      41922   Library Totals
        18          0          4          0          0          0   (incl. Padding)

    ----------------------------------------------------------------------

      Code (inc. data)   RO Data    RW Data    ZI Data      Debug   Library Name

      2604         26       2052          0          0      35990   arm_cortexM4lf_math.lib
      7112        762        432          0          0       3916   m_wm.l
       560         38          0         12          0        692   mc_w.l
      1552          0          0          0          0       1324   mf_w.l

    ----------------------------------------------------------------------
     11846        826       2488         12          0      41922   Library Totals

    ----------------------------------------------------------------------

==============================================================================


      Code (inc. data)   RO Data    RW Data    ZI Data      Debug   

     72192       4196       3648       1744      20448    1160565   Grand Totals
     72192       4196       3648        524      20448    1160565   ELF Image Totals (compressed)
     72192       4196       3648        524          0          0   ROM Totals

==============================================================================

    Total RO  Size (Code + RO Data)                75840 (  74.06kB)
    Total RW  Size (RW Data + ZI Data)             22192 (  21.67kB)
    Total ROM Size (Code + RO Data + RW Data)      76364 (  74.57kB)

==============================================================================

